Component: ARM Compiler 5.06 update 4 (build 422) Tool: armlink [4d35d2]

==============================================================================

Section Cross References

    startup_stm32f103x6.o(RESET) refers to startup_stm32f103x6.o(STACK) for __initial_sp
    startup_stm32f103x6.o(RESET) refers to startup_stm32f103x6.o(.text) for Reset_Handler
    startup_stm32f103x6.o(RESET) refers to stm32f1xx_it.o(i.NMI_Handler) for NMI_Handler
    startup_stm32f103x6.o(RESET) refers to stm32f1xx_it.o(i.HardFault_Handler) for HardFault_Handler
    startup_stm32f103x6.o(RESET) refers to stm32f1xx_it.o(i.MemManage_Handler) for MemManage_Handler
    startup_stm32f103x6.o(RESET) refers to stm32f1xx_it.o(i.BusFault_Handler) for BusFault_Handler
    startup_stm32f103x6.o(RESET) refers to stm32f1xx_it.o(i.UsageFault_Handler) for UsageFault_Handler
    startup_stm32f103x6.o(RESET) refers to stm32f1xx_it.o(i.SVC_Handler) for SVC_Handler
    startup_stm32f103x6.o(RESET) refers to stm32f1xx_it.o(i.DebugMon_Handler) for DebugMon_Handler
    startup_stm32f103x6.o(RESET) refers to stm32f1xx_it.o(i.PendSV_Handler) for PendSV_Handler
    startup_stm32f103x6.o(RESET) refers to stm32f1xx_it.o(i.SysTick_Handler) for SysTick_Handler
    startup_stm32f103x6.o(RESET) refers to stm32f1xx_it.o(i.EXTI0_IRQHandler) for EXTI0_IRQHandler
    startup_stm32f103x6.o(.text) refers to system_stm32f1xx.o(i.SystemInit) for SystemInit
    startup_stm32f103x6.o(.text) refers to entry.o(.ARM.Collect$$$$00000000) for __main
    main.o(i.SystemClock_Config) refers to memseta.o(.text) for __aeabi_memclr4
    main.o(i.SystemClock_Config) refers to stm32f1xx_hal_rcc.o(i.HAL_RCC_OscConfig) for HAL_RCC_OscConfig
    main.o(i.SystemClock_Config) refers to stm32f1xx_hal_rcc.o(i.HAL_RCC_ClockConfig) for HAL_RCC_ClockConfig
    main.o(i.main) refers to stm32f1xx_hal.o(i.HAL_Init) for HAL_Init
    main.o(i.main) refers to main.o(i.SystemClock_Config) for SystemClock_Config
    main.o(i.main) refers to gpio.o(i.MX_GPIO_Init) for MX_GPIO_Init
    main.o(i.main) refers to i2c.o(i.MX_I2C1_Init) for MX_I2C1_Init
    main.o(i.main) refers to usart.o(i.MX_USART1_UART_Init) for MX_USART1_UART_Init
    main.o(i.main) refers to mpu6050.o(i.mpu6050_init) for mpu6050_init
    main.o(i.main) refers to f2d.o(.text) for __aeabi_f2d
    main.o(i.main) refers to printfa.o(i.__0printf) for __2printf
    main.o(i.main) refers to stm32f1xx_hal.o(i.HAL_Delay) for HAL_Delay
    main.o(i.main) refers to main.o(.data) for .data
    gpio.o(i.MX_GPIO_Init) refers to stm32f1xx_hal_gpio.o(i.HAL_GPIO_Init) for HAL_GPIO_Init
    gpio.o(i.MX_GPIO_Init) refers to stm32f1xx_hal_cortex.o(i.HAL_NVIC_SetPriority) for HAL_NVIC_SetPriority
    gpio.o(i.MX_GPIO_Init) refers to stm32f1xx_hal_cortex.o(i.HAL_NVIC_EnableIRQ) for HAL_NVIC_EnableIRQ
    i2c.o(i.HAL_I2C_MspDeInit) refers to stm32f1xx_hal_gpio.o(i.HAL_GPIO_DeInit) for HAL_GPIO_DeInit
    i2c.o(i.HAL_I2C_MspInit) refers to stm32f1xx_hal_gpio.o(i.HAL_GPIO_Init) for HAL_GPIO_Init
    i2c.o(i.MX_I2C1_Init) refers to stm32f1xx_hal_i2c.o(i.HAL_I2C_Init) for HAL_I2C_Init
    i2c.o(i.MX_I2C1_Init) refers to main.o(i.Error_Handler) for Error_Handler
    i2c.o(i.MX_I2C1_Init) refers to i2c.o(.bss) for .bss
    usart.o(i.HAL_UART_MspDeInit) refers to stm32f1xx_hal_gpio.o(i.HAL_GPIO_DeInit) for HAL_GPIO_DeInit
    usart.o(i.HAL_UART_MspInit) refers to stm32f1xx_hal_gpio.o(i.HAL_GPIO_Init) for HAL_GPIO_Init
    usart.o(i.MX_USART1_UART_Init) refers to stm32f1xx_hal_uart.o(i.HAL_UART_Init) for HAL_UART_Init
    usart.o(i.MX_USART1_UART_Init) refers to main.o(i.Error_Handler) for Error_Handler
    usart.o(i.MX_USART1_UART_Init) refers to usart.o(.bss) for .bss
    usart.o(i.fputc) refers to stm32f1xx_hal_uart.o(i.HAL_UART_Transmit) for HAL_UART_Transmit
    usart.o(i.fputc) refers to usart.o(.bss) for .bss
    stm32f1xx_it.o(i.EXTI0_IRQHandler) refers to stm32f1xx_hal_gpio.o(i.HAL_GPIO_EXTI_IRQHandler) for HAL_GPIO_EXTI_IRQHandler
    stm32f1xx_it.o(i.SysTick_Handler) refers to stm32f1xx_hal.o(i.HAL_IncTick) for HAL_IncTick
    stm32f1xx_hal_i2c.o(i.HAL_I2C_DeInit) refers to i2c.o(i.HAL_I2C_MspDeInit) for HAL_I2C_MspDeInit
    stm32f1xx_hal_i2c.o(i.HAL_I2C_ER_IRQHandler) refers to stm32f1xx_hal_i2c.o(i.I2C_Slave_AF) for I2C_Slave_AF
    stm32f1xx_hal_i2c.o(i.HAL_I2C_ER_IRQHandler) refers to stm32f1xx_hal_i2c.o(i.I2C_ITError) for I2C_ITError
    stm32f1xx_hal_i2c.o(i.HAL_I2C_EV_IRQHandler) refers to stm32f1xx_hal_i2c.o(i.I2C_Slave_ADDR) for I2C_Slave_ADDR
    stm32f1xx_hal_i2c.o(i.HAL_I2C_EV_IRQHandler) refers to stm32f1xx_hal_i2c.o(i.I2C_Master_SB) for I2C_Master_SB
    stm32f1xx_hal_i2c.o(i.HAL_I2C_EV_IRQHandler) refers to stm32f1xx_hal_i2c.o(i.I2C_Master_ADDR) for I2C_Master_ADDR
    stm32f1xx_hal_i2c.o(i.HAL_I2C_EV_IRQHandler) refers to stm32f1xx_hal_i2c.o(i.I2C_MasterTransmit_TXE) for I2C_MasterTransmit_TXE
    stm32f1xx_hal_i2c.o(i.HAL_I2C_EV_IRQHandler) refers to stm32f1xx_hal_i2c.o(i.I2C_MemoryTransmit_TXE_BTF) for I2C_MemoryTransmit_TXE_BTF
[...]
    i.main                                   0x080079c8   Section        0  main.o(i.main)
    i.mpu6050_init                           0x08007a70   Section        0  mpu6050.o(i.mpu6050_init)
    i.mpu_configure_fifo                     0x08007bcc   Section        0  inv_mpu.o(i.mpu_configure_fifo)
    i.mpu_get_accel_fsr                      0x08007c20   Section        0  inv_mpu.o(i.mpu_get_accel_fsr)
    i.mpu_get_accel_sens                     0x08007c5c   Section        0  inv_mpu.o(i.mpu_get_accel_sens)
    i.mpu_get_gyro_fsr                       0x08007ca0   Section        0  inv_mpu.o(i.mpu_get_gyro_fsr)
    i.mpu_get_gyro_sens                      0x08007cd4   Section        0  inv_mpu.o(i.mpu_get_gyro_sens)
    i.mpu_get_lpf                            0x08007d14   Section        0  inv_mpu.o(i.mpu_get_lpf)
    i.mpu_get_sample_rate                    0x08007d4c   Section        0  inv_mpu.o(i.mpu_get_sample_rate)
    i.mpu_get_temperature                    0x08007d68   Section        0  inv_mpu.o(i.mpu_get_temperature)
    i.mpu_init                               0x08007de4   Section        0  inv_mpu.o(i.mpu_init)
    i.mpu_load_firmware                      0x08007e9c   Section        0  inv_mpu.o(i.mpu_load_firmware)
    i.mpu_lp_accel_mode                      0x08007f3c   Section        0  inv_mpu.o(i.mpu_lp_accel_mode)
    i.mpu_read_fifo_stream                   0x08007ff4   Section        0  inv_mpu.o(i.mpu_read_fifo_stream)
    i.mpu_read_mem                           0x08008084   Section        0  inv_mpu.o(i.mpu_read_mem)
    i.mpu_reset_fifo                         0x080080d8   Section        0  inv_mpu.o(i.mpu_reset_fifo)
    i.mpu_run_self_test                      0x08008238   Section        0  inv_mpu.o(i.mpu_run_self_test)
    i.mpu_set_accel_fsr                      0x08008328   Section        0  inv_mpu.o(i.mpu_set_accel_fsr)
    i.mpu_set_bypass                         0x08008390   Section        0  inv_mpu.o(i.mpu_set_bypass)
    i.mpu_set_dmp_state                      0x0800846c   Section        0  inv_mpu.o(i.mpu_set_dmp_state)
    i.mpu_set_gyro_fsr                       0x080084e4   Section        0  inv_mpu.o(i.mpu_set_gyro_fsr)
    i.mpu_set_int_latched                    0x08008550   Section        0  inv_mpu.o(i.mpu_set_int_latched)
    i.mpu_set_lpf                            0x080085b4   Section        0  inv_mpu.o(i.mpu_set_lpf)
    i.mpu_set_sample_rate                    0x08008620   Section        0  inv_mpu.o(i.mpu_set_sample_rate)
    i.mpu_set_sensors                        0x080086a0   Section        0  inv_mpu.o(i.mpu_set_sensors)
    i.mpu_write_mem                          0x08008758   Section        0  inv_mpu.o(i.mpu_write_mem)
    i.run_self_test                          0x080087ac   Section        0  mpu6050.o(i.run_self_test)
    run_self_test                            0x080087ad   Thumb Code   336  mpu6050.o(i.run_self_test)
    i.set_int_enable                         0x08008974   Section        0  inv_mpu.o(i.set_int_enable)
    set_int_enable                           0x08008975   Thumb Code    84  inv_mpu.o(i.set_int_enable)
    i.sinf                                   0x080089cc   Section        0  sinf.o(i.sinf)
    i.sqrtf                                  0x08008b54   Section        0  sqrtf.o(i.sqrtf)
    .constdata                               0x08008b80   Section       16  system_stm32f1xx.o(.constdata)
    .constdata                               0x08008b90   Section        8  system_stm32f1xx.o(.constdata)
    .constdata                               0x08008b98   Section       30  inv_mpu.o(.constdata)
    .constdata                               0x08008bb6   Section       12  inv_mpu.o(.constdata)
    .constdata                               0x08008bc4   Section       40  inv_mpu.o(.constdata)
    .constdata                               0x08008bec   Section     3062  inv_mpu_dmp_motion_driver.o(.constdata)
    dmp_memory                               0x08008bec   Data        3062  inv_mpu_dmp_motion_driver.o(.constdata)
    .constdata                               0x080097e2   Section       47  mpl.o(.constdata)
    __func__                                 0x080097f6   Data          13  mpl.o(.constdata)
    __func__                                 0x08009803   Data          14  mpl.o(.constdata)
    .constdata                               0x08009814   Section       32  rredf.o(.constdata)
    twooverpi                                0x08009814   Data          32  rredf.o(.constdata)
    .conststring                             0x08009834   Section       68  data_builder.o(.conststring)
    .conststring                             0x08009878   Section        9  mpu6050.o(.conststring)
    .data                                    0x20000000   Section       16  main.o(.data)
    .data                                    0x20000010   Section       12  stm32f1xx_hal.o(.data)
    .data                                    0x2000001c   Section        4  system_stm32f1xx.o(.data)
    .data                                    0x20000020   Section       44  inv_mpu.o(.data)
    st                                       0x20000020   Data          44  inv_mpu.o(.data)
    .data                                    0x2000004c   Section        4  message_layer.o(.data)
    mh                                       0x2000004c   Data           4  message_layer.o(.data)
    .data                                    0x20000050   Section        4  mpu6050.o(.data)
    .data                                    0x20000054   Section        9  mpu6050.o(.data)
    gyro_pdata                               0x20000054   Data           9  mpu6050.o(.data)
    .data                                    0x20000060   Section        4  stdout.o(.data)
    .data                                    0x20000064   Section        4  errno.o(.data)
    _errno                                   0x20000064   Data           4  errno.o(.data)
    .bss                                     0x20000068   Section       84  i2c.o(.bss)
    .bss                                     0x200000bc   Section       68  usart.o(.bss)
    .bss                                     0x20000100   Section      728  data_builder.o(.bss)
    inv_data_builder                         0x20000100   Data         320  data_builder.o(.bss)
    sensors                                  0x20000240   Data         408  data_builder.o(.bss)
    .bss                                     0x200003d8   Section       40  empl_outputs.o(.bss)
    eMPL_out                                 0x200003d8   Data          40  empl_outputs.o(.bss)
    .bss                                     0x20000400   Section       16  inv_mpu_dmp_motion_driver.o(.bss)
    dmp                                      0x20000400   Data          16  inv_mpu_dmp_motion_driver.o(.bss)
    .bss                                     0x20000410   Section       32  mpu6050.o(.bss)
    hal                                      0x20000410   Data          32  mpu6050.o(.bss)
    .bss                                     0x20000430   Section      136  results_holder.o(.bss)
    rh                                       0x20000430   Data         136  results_holder.o(.bss)
    .bss                                     0x200004b8   Section       84  start_manager.o(.bss)
    inv_start_cb                             0x200004b8   Data          84  start_manager.o(.bss)
    .bss                                     0x2000050c   Section      408  storage_manager.o(.bss)
    ds                                       0x2000050c   Data         408  storage_manager.o(.bss)
    .bss                                     0x200006a8   Section      672  fast_no_motion.o(.bss)
    fnm_user                                 0x20000908   Data          64  fast_no_motion.o(.bss)
    .bss                                     0x20000948   Section      312  fusion_9axis.o(.bss)
    .bss                                     0x20000a80   Section      452  gyro_tc.o(.bss)
    inv_gtc                                  0x20000a80   Data         452  gyro_tc.o(.bss)
    .bss                                     0x20000c44   Section      108  quaternion_supervisor.o(.bss)
    inv_quat_data                            0x20000c44   Data         108  quaternion_supervisor.o(.bss)
    .bss                                     0x20000cb0   Section      184  mag_disturb.o(.bss)
    STACK                                    0x20000d68   Section     1024  startup_stm32f103x6.o(STACK)

    Global Symbols

    Symbol Name                              Value     Ov Type        Size  Object(Section)

    BuildAttributes$$THM_ISAv4$P$D$K$B$S$PE$A:L22UL41UL21$X:L11$S22US41US21$IEEE1$IW$USESV6$~STKCKD$USESV7$~SHL$OTIME$ROPI$IEEEX$EBA8$MICROLIB$REQ8$PRES8$EABIv2 0x00000000   Number         0  anon$$obj.o ABSOLUTE
    __ARM_use_no_argv                        0x00000000   Number         0  main.o ABSOLUTE
    _printf_a                                0x00000000   Number         0  stubs.o ABSOLUTE
    _printf_c                                0x00000000   Number         0  stubs.o ABSOLUTE
    _printf_charcount                        0x00000000   Number         0  stubs.o ABSOLUTE
    _printf_d                                0x00000000   Number         0  stubs.o ABSOLUTE
    _printf_e                                0x00000000   Number         0  stubs.o ABSOLUTE
    _printf_f                                0x00000000   Number         0  stubs.o ABSOLUTE
    _printf_flags                            0x00000000   Number         0  stubs.o ABSOLUTE
    _printf_fp_dec                           0x00000000   Number         0  stubs.o ABSOLUTE
    _printf_fp_hex                           0x00000000   Number         0  stubs.o ABSOLUTE
    _printf_g                                0x00000000   Number         0  stubs.o ABSOLUTE
    _printf_i                                0x00000000   Number         0  stubs.o ABSOLUTE
    _printf_int_dec                          0x00000000   Number         0  stubs.o ABSOLUTE
    _printf_l                                0x00000000   Number         0  stubs.o ABSOLUTE
    _printf_lc                               0x00000000   Number         0  stubs.o ABSOLUTE
    _printf_ll                               0x00000000   Number         0  stubs.o ABSOLUTE
    _printf_lld                              0x00000000   Number         0  stubs.o ABSOLUTE
    _printf_lli                              0x00000000   Number         0  stubs.o ABSOLUTE
    _printf_llo                              0x00000000   Number         0  stubs.o ABSOLUTE
    _printf_llu                              0x00000000   Number         0  stubs.o ABSOLUTE
    _printf_llx                              0x00000000   Number         0  stubs.o ABSOLUTE
    _printf_longlong_dec                     0x00000000   Number         0  stubs.o ABSOLUTE
    _printf_longlong_hex                     0x00000000   Number         0  stubs.o ABSOLUTE
    _printf_longlong_oct                     0x00000000   Number         0  stubs.o ABSOLUTE
    _printf_ls                               0x00000000   Number         0  stubs.o ABSOLUTE
    _printf_mbtowc                           0x00000000   Number         0  stubs.o ABSOLUTE
    _printf_n                                0x00000000   Number         0  stubs.o ABSOLUTE
    _printf_o                                0x00000000   Number         0  stubs.o ABSOLUTE
    _printf_p                                0x00000000   Number         0  stubs.o ABSOLUTE
    _printf_percent                          0x00000000   Number         0  stubs.o ABSOLUTE
    _printf_pre_padding                      0x00000000   Number         0  stubs.o ABSOLUTE
    _printf_return_value                     0x00000000   Number         0  stubs.o ABSOLUTE
    _printf_s                                0x00000000   Number         0  stubs.o ABSOLUTE
    _printf_sizespec                         0x00000000   Number         0  stubs.o ABSOLUTE
    _printf_str                              0x00000000   Number         0  stubs.o ABSOLUTE
    _printf_truncate_signed                  0x00000000   Number         0  stubs.o ABSOLUTE
    _printf_truncate_unsigned                0x00000000   Number         0  stubs.o ABSOLUTE
    _printf_u                                0x00000000   Number         0  stubs.o ABSOLUTE
    _printf_wc                               0x00000000   Number         0  stubs.o ABSOLUTE
    _printf_wctomb                           0x00000000   Number         0  stubs.o ABSOLUTE
    _printf_widthprec                        0x00000000   Number         0  stubs.o ABSOLUTE
    _printf_x                                0x00000000   Number         0  stubs.o ABSOLUTE
    __cpp_initialize__aeabi_                  - Undefined Weak Reference
    __cxa_finalize                            - Undefined Weak Reference
    __decompress                              - Undefined Weak Reference
    _clock_init                               - Undefined Weak Reference
    _microlib_exit                            - Undefined Weak Reference
    __Vectors_Size                           0x000000ec   Number         0  startup_stm32f103x6.o ABSOLUTE
    __Vectors                                0x08000000   Data           4  startup_stm32f103x6.o(RESET)
    __Vectors_End                            0x080000ec   Data           0  startup_stm32f103x6.o(RESET)
    __main                                   0x080000ed   Thumb Code     0  entry.o(.ARM.Collect$$$$00000000)
    _main_stk                                0x080000ed   Thumb Code     0  entry2.o(.ARM.Collect$$$$00000001)
    _main_scatterload                        0x080000f1   Thumb Code     0  entry5.o(.ARM.Collect$$$$00000004)
    __main_after_scatterload                 0x080000f5   Thumb Code     0  entry5.o(.ARM.Collect$$$$00000004)
    _main_clock                              0x080000f5   Thumb Code     0  entry7b.o(.ARM.Collect$$$$00000008)
    _main_cpp_init                           0x080000f5   Thumb Code     0  entry8b.o(.ARM.Collect$$$$0000000A)
    _main_init                               0x080000f5   Thumb Code     0  entry9a.o(.ARM.Collect$$$$0000000B)
    __rt_final_cpp                           0x080000fd   Thumb Code     0  entry10a.o(.ARM.Collect$$$$0000000D)
    __rt_final_exit                          0x080000fd   Thumb Code     0  entry11a.o(.ARM.Collect$$$$0000000F)
    Reset_Handler                            0x08000101   Thumb Code     8  startup_stm32f103x6.o(.text)
    ADC1_2_IRQHandler                        0x0800011b   Thumb Code     0  startup_stm32f103x6.o(.text)
    CAN1_RX1_IRQHandler                      0x0800011b   Thumb Code     0  startup_stm32f103x6.o(.text)
    CAN1_SCE_IRQHandler                      0x0800011b   Thumb Code     0  startup_stm32f103x6.o(.text)
    DMA1_Channel1_IRQHandler                 0x0800011b   Thumb Code     0  startup_stm32f103x6.o(.text)
    DMA1_Channel2_IRQHandler                 0x0800011b   Thumb Code     0  startup_stm32f103x6.o(.text)
    DMA1_Channel3_IRQHandler                 0x0800011b   Thumb Code     0  startup_stm32f103x6.o(.text)
    DMA1_Channel4_IRQHandler                 0x0800011b   Thumb Code     0  startup_stm32f103x6.o(.text)
    DMA1_Channel5_IRQHandler                 0x0800011b   Thumb Code     0  startup_stm32f103x6.o(.text)
    DMA1_Channel6_IRQHandler                 0x0800011b   Thumb Code     0  startup_stm32f103x6.o(.text)
    DMA1_Channel7_IRQHandler                 0x0800011b   Thumb Code     0  startup_stm32f103x6.o(.text)
    EXTI15_10_IRQHandler                     0x0800011b   Thumb Code     0  startup_stm32f103x6.o(.text)
    EXTI1_IRQHandler                         0x0800011b   Thumb Code     0  startup_stm32f103x6.o(.text)
    EXTI2_IRQHandler                         0x0800011b   Thumb Code     0  startup_stm32f103x6.o(.text)
    EXTI3_IRQHandler                         0x0800011b   Thumb Code     0  startup_stm32f103x6.o(.text)
    EXTI4_IRQHandler                         0x0800011b   Thumb Code     0  startup_stm32f103x6.o(.text)
    EXTI9_5_IRQHandler                       0x0800011b   Thumb Code     0  startup_stm32f103x6.o(.text)
    FLASH_IRQHandler                         0x0800011b   Thumb Code     0  startup_stm32f103x6.o(.text)
    I2C1_ER_IRQHandler                       0x0800011b   Thumb Code     0  startup_stm32f103x6.o(.text)
    I2C1_EV_IRQHandler                       0x0800011b   Thumb Code     0  startup_stm32f103x6.o(.text)
    PVD_IRQHandler                           0x0800011b   Thumb Code     0  startup_stm32f103x6.o(.text)
    RCC_IRQHandler                           0x0800011b   Thumb Code     0  startup_stm32f103x6.o(.text)
    RTC_Alarm_IRQHandler                     0x0800011b   Thumb Code     0  startup_stm32f103x6.o(.text)
    RTC_IRQHandler                           0x0800011b   Thumb Code     0  startup_stm32f103x6.o(.text)
    SPI1_IRQHandler                          0x0800011b   Thumb Code     0  startup_stm32f103x6.o(.text)
    TAMPER_IRQHandler                        0x0800011b   Thumb Code     0  startup_stm32f103x6.o(.text)
    TIM1_BRK_IRQHandler                      0x0800011b   Thumb Code     0  startup_stm32f103x6.o(.text)
    TIM1_CC_IRQHandler                       0x0800011b   Thumb Code     0  startup_stm32f103x6.o(.text)
    TIM1_TRG_COM_IRQHandler                  0x0800011b   Thumb Code     0  startup_stm32f103x6.o(.text)
    TIM1_UP_IRQHandler                       0x0800011b   Thumb Code     0  startup_stm32f103x6.o(.text)
    TIM2_IRQHandler                          0x0800011b   Thumb Code     0  startup_stm32f103x6.o(.text)
    TIM3_IRQHandler                          0x0800011b   Thumb Code     0  startup_stm32f103x6.o(.text)
    USART1_IRQHandler                        0x0800011b   Thumb Code     0  startup_stm32f103x6.o(.text)
    USART2_IRQHandler                        0x0800011b   Thumb Code     0  startup_stm32f103x6.o(.text)
    USBWakeUp_IRQHandler                     0x0800011b   Thumb Code     0  startup_stm32f103x6.o(.text)
    USB_HP_CAN1_TX_IRQHandler                0x0800011b   Thumb Code     0  startup_stm32f103x6.o(.text)
    USB_LP_CAN1_RX0_IRQHandler               0x0800011b   Thumb Code     0  startup_stm32f103x6.o(.text)
    WWDG_IRQHandler                          0x0800011b   Thumb Code     0  startup_stm32f103x6.o(.text)
    inv_init_maxmin                          0x08000125   Thumb Code    78  fast_no_motion.o(.text)
    inv_fast_nomot_parameter                 0x08000173   Thumb Code   318  fast_no_motion.o(.text)
    inv_fast_nomot_parameter_3rd             0x080002b1   Thumb Code   180  fast_no_motion.o(.text)
    inv_fast_nomot_set_gyro_bias             0x08000365   Thumb Code   232  fast_no_motion.o(.text)
    inv_set_fast_nomot_compass_threshold     0x0800044d   Thumb Code     8  fast_no_motion.o(.text)
    int_set_fast_nomot_gyro_threshold        0x08000455   Thumb Code     8  fast_no_motion.o(.text)
    inv_set_fast_nomot_accel_threshold       0x0800045d   Thumb Code     8  fast_no_motion.o(.text)
    inv_get_fast_nomot_compass_param         0x08000465   Thumb Code    18  fast_no_motion.o(.text)
    inv_get_fast_nomot_accel_param           0x08000477   Thumb Code    18  fast_no_motion.o(.text)
    inv_fast_nomot_store_data                0x08000489   Thumb Code   140  fast_no_motion.o(.text)
    inv_fast_nomot_store_data_compass        0x08000515   Thumb Code    74  fast_no_motion.o(.text)
    inv_fast_nomot_reset_data_compass        0x0800055f   Thumb Code    36  fast_no_motion.o(.text)
    inv_fast_nomot_get_time_elaps            0x08000583   Thumb Code     8  fast_no_motion.o(.text)
    inv_fast_nomot_parameter_compass         0x0800058b   Thumb Code    22  fast_no_motion.o(.text)
    inv_get_right_shift_by_rounding          0x080005a1   Thumb Code    76  fast_no_motion.o(.text)
    inv_reset_min_max_gyro_accel_statistics  0x080005ed   Thumb Code    38  fast_no_motion.o(.text)
    inv_record_max_moment_in_no_motion_gyro  0x08000613   Thumb Code    32  fast_no_motion.o(.text)
    inv_record_max_moment_in_no_motion_accel 0x08000633   Thumb Code    32  fast_no_motion.o(.text)
    inv_record_min_moment_in_motion_gyro     0x08000653   Thumb Code    34  fast_no_motion.o(.text)
    inv_record_min_moment_in_motion_accel    0x08000675   Thumb Code    34  fast_no_motion.o(.text)
    inv_detect_motion_by_gyro_accel          0x08000697   Thumb Code   214  fast_no_motion.o(.text)
    inv_sensor_data_preprocess               0x0800076d   Thumb Code   132  fast_no_motion.o(.text)
    inv_generate_fast_nomot                  0x080007f1   Thumb Code   498  fast_no_motion.o(.text)
    inv_set_default_number_of_samples        0x080009e3   Thumb Code    56  fast_no_motion.o(.text)
    inv_init_fast_nomot                      0x08000a1b   Thumb Code    78  fast_no_motion.o(.text)
    inv_start_fast_nomot                     0x08000a69   Thumb Code    56  fast_no_motion.o(.text)
    inv_stop_fast_nomot                      0x08000aa1   Thumb Code    20  fast_no_motion.o(.text)
    inv_enable_fast_nomot                    0x08000ab5   Thumb Code    24  fast_no_motion.o(.text)
    inv_disable_fast_nomot                   0x08000acd   Thumb Code    18  fast_no_motion.o(.text)
    inv_get_fnm_gyro_no_motion_param         0x08000adf   Thumb Code     8  fast_no_motion.o(.text)
    inv_fnm_debug_print                      0x08000ae7   Thumb Code     2  fast_no_motion.o(.text)
    inv_filter_correction_angle              0x08000b19   Thumb Code   364  fusion_9axis.o(.text)
    inv_perform_9x_fusion                    0x08000c85   Thumb Code   840  fusion_9axis.o(.text)
    inv_process_9x_sensor_fusion_cb          0x08000fcd   Thumb Code   120  fusion_9axis.o(.text)
    inv_init_9x_fusion                       0x08001045   Thumb Code    50  fusion_9axis.o(.text)
    inv_9x_fusion_set_mag_fb                 0x08001077   Thumb Code    10  fusion_9axis.o(.text)
    inv_9x_fusion_enable_jitter_reduction    0x08001081   Thumb Code    10  fusion_9axis.o(.text)
    inv_9x_fusion_use_timestamps             0x0800108b   Thumb Code    10  fusion_9axis.o(.text)
    inv_start_9x_sensor_fusion               0x08001095   Thumb Code    14  fusion_9axis.o(.text)
    inv_stop_9x_sensor_fusion                0x080010a3   Thumb Code     8  fusion_9axis.o(.text)
    inv_enable_9x_sensor_fusion              0x080010ab   Thumb Code    30  fusion_9axis.o(.text)
    inv_disable_9x_sensor_fusion             0x080010c9   Thumb Code     8  fusion_9axis.o(.text)
    inv_init_gyro_ts                         0x080014ef   Thumb Code    46  gyro_tc.o(.text)
    inv_set_gtc_max_temp                     0x0800151d   Thumb Code    10  gyro_tc.o(.text)
    inv_set_gtc_min_temp                     0x08001527   Thumb Code    10  gyro_tc.o(.text)
    inv_set_gtc_min_diff                     0x08001531   Thumb Code    10  gyro_tc.o(.text)
    inv_get_gyro_ts                          0x0800153b   Thumb Code    30  gyro_tc.o(.text)
    inv_set_gyro_ts                          0x08001559   Thumb Code    16  gyro_tc.o(.text)
    inv_set_gtc_order                        0x08001569   Thumb Code    16  gyro_tc.o(.text)
    inv_print_gtc_data                       0x08001579   Thumb Code    62  gyro_tc.o(.text)
    inv_start_gyro_tc                        0x080015b7   Thumb Code    10  gyro_tc.o(.text)
    inv_stop_gyro_tc                         0x080015c1   Thumb Code     6  gyro_tc.o(.text)
    inv_enable_gyro_tc                       0x080015c7   Thumb Code    48  gyro_tc.o(.text)
    inv_disable_gyro_tc                      0x080015f7   Thumb Code    40  gyro_tc.o(.text)
    inv_generate_gyro_quaternion             0x080019c1   Thumb Code   260  quaternion_supervisor.o(.text)
    inv_set_quaternion                       0x08001cb3   Thumb Code    38  quaternion_supervisor.o(.text)
    inv_generate_accel_gyro_quaternion       0x08001cd9   Thumb Code   428  quaternion_supervisor.o(.text)
    inv_stop_quaternion                      0x08001ecd   Thumb Code     6  quaternion_supervisor.o(.text)
    inv_init_quaternion                      0x08001ed3   Thumb Code    34  quaternion_supervisor.o(.text)
    inv_start_quaternion                     0x08001ef5   Thumb Code    34  quaternion_supervisor.o(.text)
    inv_enable_quaternion                    0x08001f17   Thumb Code    24  quaternion_supervisor.o(.text)
    inv_disable_quaternion                   0x08001f2f   Thumb Code    20  quaternion_supervisor.o(.text)
    inv_set_magnetic_disturbance             0x08001f71   Thumb Code    16  mag_disturb.o(.text)
    inv_init_magnetic_disturbance            0x08001f81   Thumb Code    50  mag_disturb.o(.text)
    MagDisturbSetDisturbance                 0x08001fb3   Thumb Code    98  mag_disturb.o(.text)
    MagDisturbCheckSettling                  0x08002015   Thumb Code    54  mag_disturb.o(.text)
    ComputeAngleVelocity                     0x0800204b   Thumb Code    94  mag_disturb.o(.text)
    inv_disable_dip_tracking                 0x080020a9   Thumb Code    10  mag_disturb.o(.text)
    Mag3ofNormalizedLong                     0x080020b3   Thumb Code    72  mag_disturb.o(.text)
    inv_track_dip_angle                      0x080020fb   Thumb Code   114  mag_disturb.o(.text)
    inv_check_magnetic_disturbance           0x0800216d   Thumb Code   690  mag_disturb.o(.text)
    inv_magnetic_disturbance_process         0x0800241f   Thumb Code    50  mag_disturb.o(.text)
    inv_start_magnetic_disturbance           0x08002451   Thumb Code    14  mag_disturb.o(.text)
    inv_stop_magnetic_disturbance            0x0800245f   Thumb Code     8  mag_disturb.o(.text)
    inv_enable_magnetic_disturbance          0x08002467   Thumb Code    40  mag_disturb.o(.text)
    inv_disable_magnetic_disturbance         0x0800248f   Thumb Code    22  mag_disturb.o(.text)
    inv_enable_dip_tracking                  0x080024a5   Thumb Code    14  mag_disturb.o(.text)
    inv_get_magnetic_disturbance_state       0x080024b3   Thumb Code     8  mag_disturb.o(.text)
    __aeabi_ldivmod                          0x080024c1   Thumb Code    98  ldiv.o(.text)
    __aeabi_llsl                             0x08002523   Thumb Code    30  llshl.o(.text)
    _ll_shift_l                              0x08002523   Thumb Code     0  llshl.o(.text)
    __aeabi_llsr                             0x08002541   Thumb Code    32  llushr.o(.text)
    _ll_ushift_r                             0x08002541   Thumb Code     0  llushr.o(.text)
    __aeabi_lasr                             0x08002561   Thumb Code    36  llsshr.o(.text)
    _ll_sshift_r                             0x08002561   Thumb Code     0  llsshr.o(.text)
    ___aeabi_memcpy4$move                    0x08002585   Thumb Code     0  memmovea.o(.text)
    ___aeabi_memcpy8$move                    0x08002585   Thumb Code     0  memmovea.o(.text)
    __aeabi_memcpy                           0x08002585   Thumb Code    64  memmovea.o(.text)
    __aeabi_memmove                          0x08002585   Thumb Code     0  memmovea.o(.text)
    __aeabi_memmove4                         0x08002585   Thumb Code     0  memmovea.o(.text)
    __aeabi_memmove8                         0x08002585   Thumb Code     0  memmovea.o(.text)
    __aeabi_memset                           0x080025c5   Thumb Code    14  memseta.o(.text)
    __aeabi_memset4                          0x080025c5   Thumb Code     0  memseta.o(.text)
    __aeabi_memset8                          0x080025c5   Thumb Code     0  memseta.o(.text)
    __aeabi_memclr                           0x080025d3   Thumb Code     4  memseta.o(.text)
    __aeabi_memclr4                          0x080025d3   Thumb Code     0  memseta.o(.text)
    __aeabi_memclr8                          0x080025d3   Thumb Code     0  memseta.o(.text)
    _memset$wrapper                          0x080025d7   Thumb Code    18  memseta.o(.text)
    memcmp                                   0x080025e9   Thumb Code    26  memcmp.o(.text)
    __aeabi_fadd                             0x08002603   Thumb Code   164  fadd.o(.text)
    __aeabi_fsub                             0x080026a7   Thumb Code     6  fadd.o(.text)
    __aeabi_frsub                            0x080026ad   Thumb Code     6  fadd.o(.text)
    __aeabi_fmul                             0x080026b3   Thumb Code   100  fmul.o(.text)
    __aeabi_fdiv                             0x08002717   Thumb Code   124  fdiv.o(.text)
    __ARM_scalbnf                            0x08002793   Thumb Code    24  fscalb.o(.text)
    scalbnf                                  0x08002793   Thumb Code     0  fscalb.o(.text)
    __aeabi_dadd                             0x080027ab   Thumb Code   322  dadd.o(.text)
    __aeabi_dsub                             0x080028ed   Thumb Code     6  dadd.o(.text)
    __aeabi_drsub                            0x080028f3   Thumb Code     6  dadd.o(.text)
    __aeabi_dmul                             0x080028f9   Thumb Code   228  dmul.o(.text)
    __aeabi_ddiv                             0x080029dd   Thumb Code   222  ddiv.o(.text)
    __ARM_scalbn                             0x08002abb   Thumb Code    46  dscalb.o(.text)
    scalbn                                   0x08002abb   Thumb Code     0  dscalb.o(.text)
    __aeabi_i2f                              0x08002ae9   Thumb Code    18  fflti.o(.text)
    __aeabi_ui2f                             0x08002afb   Thumb Code    10  ffltui.o(.text)
    __aeabi_l2f                              0x08002b05   Thumb Code    44  ffltl.o(.text)
    __aeabi_i2d                              0x08002b31   Thumb Code    34  dflti.o(.text)
    __aeabi_f2iz                             0x08002b53   Thumb Code    50  ffixi.o(.text)
    __aeabi_f2uiz                            0x08002b85   Thumb Code    40  ffixui.o(.text)
    __aeabi_f2lz                             0x08002bad   Thumb Code    66  ffixl.o(.text)
    __aeabi_d2iz                             0x08002bef   Thumb Code    62  dfixi.o(.text)
    __aeabi_f2d                              0x08002c2d   Thumb Code    38  f2d.o(.text)
    __aeabi_cdrcmple                         0x08002c55   Thumb Code    48  cdrcmple.o(.text)
    __aeabi_d2f                              0x08002c85   Thumb Code    56  d2f.o(.text)
    __aeabi_cfcmpeq                          0x08002cbd   Thumb Code     0  cfcmple.o(.text)
    __aeabi_cfcmple                          0x08002cbd   Thumb Code    20  cfcmple.o(.text)
    __aeabi_cfrcmple                         0x08002cd1   Thumb Code    20  cfrcmple.o(.text)
    __aeabi_uidiv                            0x08002ce5   Thumb Code     0  uidiv.o(.text)
    __aeabi_uidivmod                         0x08002ce5   Thumb Code    44  uidiv.o(.text)
    __aeabi_uldivmod                         0x08002d11   Thumb Code    98  uldiv.o(.text)
    __I$use$fp                               0x08002d73   Thumb Code     0  iusefp.o(.text)
    _float_round                             0x08002d73   Thumb Code    18  fepilogue.o(.text)
    _float_epilogue                          0x08002d85   Thumb Code    92  fepilogue.o(.text)
    _fsqrt                                   0x08002de1   Thumb Code    94  fsqrt.o(.text)
    _frnd                                    0x08002e3f   Thumb Code    60  frnd.o(.text)
    _double_round                            0x08002e7b   Thumb Code    30  depilogue.o(.text)
    _double_epilogue                         0x08002e99   Thumb Code   156  depilogue.o(.text)
    __aeabi_d2ulz                            0x08002f35   Thumb Code    48  dfixul.o(.text)
    __scatterload                            0x08002f65   Thumb Code    28  init.o(.text)
    __scatterload_rt2                        0x08002f65   Thumb Code     0  init.o(.text)
    BusFault_Handler                         0x08002f89   Thumb Code     2  stm32f1xx_it.o(i.BusFault_Handler)
    DebugMon_Handler                         0x08002f8b   Thumb Code     2  stm32f1xx_it.o(i.DebugMon_Handler)
    EXTI0_IRQHandler                         0x08002f8d   Thumb Code     6  stm32f1xx_it.o(i.EXTI0_IRQHandler)
    Error_Handler                            0x08002f93   Thumb Code     4  main.o(i.Error_Handler)
    HAL_Delay                                0x08002f99   Thumb Code    32  stm32f1xx_hal.o(i.HAL_Delay)
    HAL_GPIO_EXTI_Callback                   0x08002fbd   Thumb Code    10  mpu6050.o(i.HAL_GPIO_EXTI_Callback)
    HAL_GPIO_EXTI_IRQHandler                 0x08002fc9   Thumb Code    18  stm32f1xx_hal_gpio.o(i.HAL_GPIO_EXTI_IRQHandler)
    HAL_GPIO_Init                            0x08002fe1   Thumb Code   418  stm32f1xx_hal_gpio.o(i.HAL_GPIO_Init)
    HAL_GetTick                              0x080031a1   Thumb Code     6  stm32f1xx_hal.o(i.HAL_GetTick)
    HAL_I2C_GetState                         0x080031ad   Thumb Code     6  stm32f1xx_hal_i2c.o(i.HAL_I2C_GetState)
    HAL_I2C_Init                             0x080031b5   Thumb Code   376  stm32f1xx_hal_i2c.o(i.HAL_I2C_Init)
    HAL_I2C_IsDeviceReady                    0x0800333d   Thumb Code   354  stm32f1xx_hal_i2c.o(i.HAL_I2C_IsDeviceReady)
    HAL_I2C_Mem_Read                         0x080034a9   Thumb Code   574  stm32f1xx_hal_i2c.o(i.HAL_I2C_Mem_Read)
    HAL_I2C_Mem_Write                        0x080036f9   Thumb Code   294  stm32f1xx_hal_i2c.o(i.HAL_I2C_Mem_Write)
    HAL_I2C_MspInit                          0x08003829   Thumb Code    80  i2c.o(i.HAL_I2C_MspInit)
    HAL_IncTick                              0x08003885   Thumb Code    12  stm32f1xx_hal.o(i.HAL_IncTick)
    HAL_Init                                 0x08003895   Thumb Code    32  stm32f1xx_hal.o(i.HAL_Init)
    HAL_InitTick                             0x080038b9   Thumb Code    54  stm32f1xx_hal.o(i.HAL_InitTick)
    HAL_MspInit                              0x080038f9   Thumb Code    52  stm32f1xx_hal_msp.o(i.HAL_MspInit)
    HAL_NVIC_EnableIRQ                       0x08003935   Thumb Code    26  stm32f1xx_hal_cortex.o(i.HAL_NVIC_EnableIRQ)
    HAL_NVIC_SetPriority                     0x08003951   Thumb Code    60  stm32f1xx_hal_cortex.o(i.HAL_NVIC_SetPriority)
    HAL_NVIC_SetPriorityGrouping             0x08003991   Thumb Code    26  stm32f1xx_hal_cortex.o(i.HAL_NVIC_SetPriorityGrouping)
    HAL_RCC_ClockConfig                      0x080039b5   Thumb Code   280  stm32f1xx_hal_rcc.o(i.HAL_RCC_ClockConfig)
    HAL_RCC_GetPCLK1Freq                     0x08003ae1   Thumb Code    20  stm32f1xx_hal_rcc.o(i.HAL_RCC_GetPCLK1Freq)
    HAL_RCC_GetPCLK2Freq                     0x08003b01   Thumb Code    20  stm32f1xx_hal_rcc.o(i.HAL_RCC_GetPCLK2Freq)
    HAL_RCC_GetSysClockFreq                  0x08003b21   Thumb Code    74  stm32f1xx_hal_rcc.o(i.HAL_RCC_GetSysClockFreq)
    HAL_RCC_OscConfig                        0x08003b8d   Thumb Code   778  stm32f1xx_hal_rcc.o(i.HAL_RCC_OscConfig)
    HAL_SYSTICK_Config                       0x08003ead   Thumb Code    40  stm32f1xx_hal_cortex.o(i.HAL_SYSTICK_Config)
    HAL_UART_Init                            0x08003ed5   Thumb Code    98  stm32f1xx_hal_uart.o(i.HAL_UART_Init)
    HAL_UART_MspInit                         0x08003f39   Thumb Code   100  usart.o(i.HAL_UART_MspInit)
    HAL_UART_Transmit                        0x08003fa9   Thumb Code   178  stm32f1xx_hal_uart.o(i.HAL_UART_Transmit)
    HardFault_Handler                        0x0800405b   Thumb Code     2  stm32f1xx_it.o(i.HardFault_Handler)
    MPU6050_Get_Euler_Temputer               0x0800442d   Thumb Code   268  mpu6050.o(i.MPU6050_Get_Euler_Temputer)
    MX_GPIO_Init                             0x0800453d   Thumb Code    96  gpio.o(i.MX_GPIO_Init)
    MX_I2C1_Init                             0x080045a9   Thumb Code    50  i2c.o(i.MX_I2C1_Init)
    MX_USART1_UART_Init                      0x080045e9   Thumb Code    48  usart.o(i.MX_USART1_UART_Init)
    MemManage_Handler                        0x08004621   Thumb Code     2  stm32f1xx_it.o(i.MemManage_Handler)
    NMI_Handler                              0x08004623   Thumb Code     2  stm32f1xx_it.o(i.NMI_Handler)
    PendSV_Handler                           0x08004625   Thumb Code     2  stm32f1xx_it.o(i.PendSV_Handler)
    SVC_Handler                              0x08004627   Thumb Code     2  stm32f1xx_it.o(i.SVC_Handler)
    Sensors_I2C_ReadRegister                 0x08004629   Thumb Code    80  mpu6050.o(i.Sensors_I2C_ReadRegister)
    Sensors_I2C_WriteRegister                0x08004691   Thumb Code    80  mpu6050.o(i.Sensors_I2C_WriteRegister)
    SysTick_Handler                          0x080046f9   Thumb Code     4  stm32f1xx_it.o(i.SysTick_Handler)
    SystemClock_Config                       0x080046fd   Thumb Code    94  main.o(i.SystemClock_Config)
    SystemInit                               0x0800475b   Thumb Code     2  system_stm32f1xx.o(i.SystemInit)
    UsageFault_Handler                       0x08004879   Thumb Code     2  stm32f1xx_it.o(i.UsageFault_Handler)
    _MLPrintLog                              0x0800487b   Thumb Code   150  log_stm32.o(i._MLPrintLog)
    __0printf                                0x08004911   Thumb Code    22  printfa.o(i.__0printf)
    __1printf                                0x08004911   Thumb Code     0  printfa.o(i.__0printf)
    __2printf                                0x08004911   Thumb Code     0  printfa.o(i.__0printf)
    __c89printf                              0x08004911   Thumb Code     0  printfa.o(i.__0printf)
    printf                                   0x08004911   Thumb Code     0  printfa.o(i.__0printf)
    __0vsprintf                              0x08004931   Thumb Code    30  printfa.o(i.__0vsprintf)
    __1vsprintf                              0x08004931   Thumb Code     0  printfa.o(i.__0vsprintf)
    __2vsprintf                              0x08004931   Thumb Code     0  printfa.o(i.__0vsprintf)
    __c89vsprintf                            0x08004931   Thumb Code     0  printfa.o(i.__0vsprintf)
    vsprintf                                 0x08004931   Thumb Code     0  printfa.o(i.__0vsprintf)
    __ARM_fpclassifyf                        0x08004955   Thumb Code    38  fpclassifyf.o(i.__ARM_fpclassifyf)
    __mathlib_flt_infnan                     0x0800499b   Thumb Code     6  funder.o(i.__mathlib_flt_infnan)
    __mathlib_flt_infnan2                    0x080049a1   Thumb Code     4  funder.o(i.__mathlib_flt_infnan2)
    __mathlib_flt_invalid                    0x080049a5   Thumb Code     8  funder.o(i.__mathlib_flt_invalid)
    __mathlib_flt_underflow                  0x080049ad   Thumb Code    10  funder.o(i.__mathlib_flt_underflow)
    __mathlib_rredf2                         0x080049b9   Thumb Code   344  rredf.o(i.__mathlib_rredf2)
    __scatterload_copy                       0x08004b51   Thumb Code    14  handlers.o(i.__scatterload_copy)
    __scatterload_null                       0x08004b5f   Thumb Code     2  handlers.o(i.__scatterload_null)
    __scatterload_zeroinit                   0x08004b61   Thumb Code    14  handlers.o(i.__scatterload_zeroinit)
    __set_errno                              0x08004b71   Thumb Code     6  errno.o(i.__set_errno)
    acosf                                    0x080054b9   Thumb Code   242  acosf.o(i.acosf)
    atan2f                                   0x080055d5   Thumb Code   528  atan2f.o(i.atan2f)
    cosf                                     0x08005831   Thumb Code   328  cosf.o(i.cosf)
    dmp_enable_6x_lp_quat                    0x080059ad   Thumb Code    58  inv_mpu_dmp_motion_driver.o(i.dmp_enable_6x_lp_quat)
    dmp_enable_feature                       0x080059e9   Thumb Code   464  inv_mpu_dmp_motion_driver.o(i.dmp_enable_feature)
    dmp_enable_gyro_cal                      0x08005bc1   Thumb Code    34  inv_mpu_dmp_motion_driver.o(i.dmp_enable_gyro_cal)
    dmp_enable_lp_quat                       0x08005bfd   Thumb Code    58  inv_mpu_dmp_motion_driver.o(i.dmp_enable_lp_quat)
    dmp_load_motion_driver_firmware          0x08005c39   Thumb Code    16  inv_mpu_dmp_motion_driver.o(i.dmp_load_motion_driver_firmware)
    dmp_read_fifo                            0x08005c4d   Thumb Code   320  inv_mpu_dmp_motion_driver.o(i.dmp_read_fifo)
    dmp_set_fifo_rate                        0x08005d91   Thumb Code    82  inv_mpu_dmp_motion_driver.o(i.dmp_set_fifo_rate)
    dmp_set_orientation                      0x08005df5   Thumb Code   246  inv_mpu_dmp_motion_driver.o(i.dmp_set_orientation)
    dmp_set_shake_reject_thresh              0x08005f01   Thumb Code    48  inv_mpu_dmp_motion_driver.o(i.dmp_set_shake_reject_thresh)
    dmp_set_shake_reject_time                0x08005f31   Thumb Code    32  inv_mpu_dmp_motion_driver.o(i.dmp_set_shake_reject_time)
    dmp_set_shake_reject_timeout             0x08005f51   Thumb Code    32  inv_mpu_dmp_motion_driver.o(i.dmp_set_shake_reject_timeout)
    dmp_set_tap_axes                         0x08005f71   Thumb Code    64  inv_mpu_dmp_motion_driver.o(i.dmp_set_tap_axes)
    dmp_set_tap_count                        0x08005fb1   Thumb Code    34  inv_mpu_dmp_motion_driver.o(i.dmp_set_tap_count)
    dmp_set_tap_thresh                       0x08005fd5   Thumb Code   274  inv_mpu_dmp_motion_driver.o(i.dmp_set_tap_thresh)
    dmp_set_tap_time                         0x080060fd   Thumb Code    32  inv_mpu_dmp_motion_driver.o(i.dmp_set_tap_time)
    dmp_set_tap_time_multi                   0x0800611d   Thumb Code    32  inv_mpu_dmp_motion_driver.o(i.dmp_set_tap_time_multi)
    fputc                                    0x0800613d   Thumb Code    20  usart.o(i.fputc)
    fputcc                                   0x08006155   Thumb Code    20  mpu6050.o(i.fputcc)
    get_tick_count                           0x0800652d   Thumb Code    14  mpu6050.o(i.get_tick_count)
    gyro_data_ready_cb                       0x0800653d   Thumb Code    18  mpu6050.o(i.gyro_data_ready_cb)
    inv_apply_calibration                    0x08006639   Thumb Code   106  data_builder.o(i.inv_apply_calibration)
    inv_build_accel                          0x080066a5   Thumb Code    96  data_builder.o(i.inv_build_accel)
    inv_build_gyro                           0x0800670d   Thumb Code    42  data_builder.o(i.inv_build_gyro)
    inv_build_quat                           0x0800673d   Thumb Code    40  data_builder.o(i.inv_build_quat)
    inv_build_temp                           0x08006769   Thumb Code    24  data_builder.o(i.inv_build_temp)
    inv_compass_angle                        0x08006785   Thumb Code   146  ml_math_func.o(i.inv_compass_angle)
    inv_convert_to_body_with_scale           0x08006817   Thumb Code    92  ml_math_func.o(i.inv_convert_to_body_with_scale)
    inv_enable_eMPL_outputs                  0x080068c5   Thumb Code    20  empl_outputs.o(i.inv_enable_eMPL_outputs)
    inv_enable_results_holder                0x080068e1   Thumb Code    22  results_holder.o(i.inv_enable_results_holder)
    inv_execute_mpl_start_notification       0x080068fd   Thumb Code    38  start_manager.o(i.inv_execute_mpl_start_notification)
    inv_execute_on_data                      0x08006929   Thumb Code   120  data_builder.o(i.inv_execute_on_data)
    inv_generate_results                     0x08006a4d   Thumb Code    10  results_holder.o(i.inv_generate_results)
    inv_get_6axis_quaternion                 0x08006a5d   Thumb Code    14  results_holder.o(i.inv_get_6axis_quaternion)
    inv_get_acc_state                        0x08006a71   Thumb Code     6  results_holder.o(i.inv_get_acc_state)
    inv_get_accel_accuracy                   0x08006a7d   Thumb Code     6  data_builder.o(i.inv_get_accel_accuracy)
    inv_get_accel_on                         0x08006a89   Thumb Code    12  data_builder.o(i.inv_get_accel_on)
    inv_get_accel_set                        0x08006a99   Thumb Code    34  data_builder.o(i.inv_get_accel_set)
    inv_get_compass_correction               0x08006ac1   Thumb Code    20  results_holder.o(i.inv_get_compass_correction)
    inv_get_compass_on                       0x08006ad9   Thumb Code    12  data_builder.o(i.inv_get_compass_on)
    inv_get_gravity                          0x08006ae9   Thumb Code    80  results_holder.o(i.inv_get_gravity)
    inv_get_gyro                             0x08006b3d   Thumb Code    10  data_builder.o(i.inv_get_gyro)
    inv_get_gyro_accuracy                    0x08006b4d   Thumb Code     6  data_builder.o(i.inv_get_gyro_accuracy)
    inv_get_gyro_bias                        0x08006b59   Thumb Code    26  data_builder.o(i.inv_get_gyro_bias)
    inv_get_gyro_bias_tc_set                 0x08006b7d   Thumb Code    20  data_builder.o(i.inv_get_gyro_bias_tc_set)
    inv_get_gyro_on                          0x08006b95   Thumb Code    10  data_builder.o(i.inv_get_gyro_on)
    inv_get_gyro_sum_of_sqr                  0x08006ba5   Thumb Code    26  ml_math_func.o(i.inv_get_gyro_sum_of_sqr)
    inv_get_last_timestamp                   0x08006bc1   Thumb Code    66  data_builder.o(i.inv_get_last_timestamp)
    inv_get_linear_accel                     0x08006c09   Thumb Code    58  results_holder.o(i.inv_get_linear_accel)
    inv_get_local_field                      0x08006c45   Thumb Code    10  results_holder.o(i.inv_get_local_field)
    inv_get_mag_accuracy                     0x08006c55   Thumb Code    20  data_builder.o(i.inv_get_mag_accuracy)
    inv_get_motion_state                     0x08006c71   Thumb Code    12  results_holder.o(i.inv_get_motion_state)
    inv_get_quaternion                       0x08006c81   Thumb Code    48  results_holder.o(i.inv_get_quaternion)
    inv_get_quaternion_set                   0x08006cb5   Thumb Code    56  results_holder.o(i.inv_get_quaternion_set)
    inv_get_sensor_type_euler                0x08006ced   Thumb Code   406  empl_outputs.o(i.inv_get_sensor_type_euler)
    inv_got_compass_bias                     0x08006ea1   Thumb Code     6  results_holder.o(i.inv_got_compass_bias)
    inv_init_data_builder                    0x08006ead   Thumb Code    44  data_builder.o(i.inv_init_data_builder)
    inv_init_mpl                             0x08006ee9   Thumb Code    94  mpl.o(i.inv_init_mpl)
    inv_init_results_holder                  0x08006f61   Thumb Code    38  results_holder.o(i.inv_init_results_holder)
    inv_init_start_manager                   0x08006f91   Thumb Code    14  start_manager.o(i.inv_init_start_manager)
    inv_init_storage_manager                 0x08006fa5   Thumb Code    20  storage_manager.o(i.inv_init_storage_manager)
    inv_orientation_matrix_to_scalar         0x08006fbd   Thumb Code    34  ml_math_func.o(i.inv_orientation_matrix_to_scalar)
    inv_q29_mult                             0x08006fdf   Thumb Code    12  ml_math_func.o(i.inv_q29_mult)
    inv_q30_mult                             0x08006feb   Thumb Code    12  ml_math_func.o(i.inv_q30_mult)
    inv_q_add                                0x08007009   Thumb Code    36  ml_math_func.o(i.inv_q_add)
    inv_q_addf                               0x0800702d   Thumb Code    50  ml_math_func.o(i.inv_q_addf)
    inv_q_invert                             0x0800705f   Thumb Code    24  ml_math_func.o(i.inv_q_invert)
    inv_q_invertf                            0x08007077   Thumb Code    30  ml_math_func.o(i.inv_q_invertf)
    inv_q_mult                               0x08007095   Thumb Code   176  ml_math_func.o(i.inv_q_mult)
    inv_q_multf                              0x08007145   Thumb Code   246  ml_math_func.o(i.inv_q_multf)
    inv_q_norm4                              0x0800723b   Thumb Code   132  ml_math_func.o(i.inv_q_norm4)
    inv_q_normalizef                         0x080072bf   Thumb Code   266  ml_math_func.o(i.inv_q_normalizef)
    inv_q_rotate                             0x080073c9   Thumb Code    62  ml_math_func.o(i.inv_q_rotate)
    inv_quaternion_to_rotation               0x08007407   Thumb Code   218  ml_math_func.o(i.inv_quaternion_to_rotation)
    inv_register_data_cb                     0x080074e1   Thumb Code   150  data_builder.o(i.inv_register_data_cb)
    inv_register_load_store                  0x08007585   Thumb Code   102  storage_manager.o(i.inv_register_load_store)
    inv_register_mpl_start_notification      0x080075f1   Thumb Code    28  start_manager.o(i.inv_register_mpl_start_notification)
    inv_reset_compass_soft_iron_matrix       0x08007611   Thumb Code    64  data_builder.o(i.inv_reset_compass_soft_iron_matrix)
    inv_set_accel_bias                       0x080076a1   Thumb Code    68  data_builder.o(i.inv_set_accel_bias)
    inv_set_accel_orientation_and_scale      0x080076e9   Thumb Code     8  data_builder.o(i.inv_set_accel_orientation_and_scale)
    inv_set_accel_sample_rate                0x080076f5   Thumb Code    34  data_builder.o(i.inv_set_accel_sample_rate)
    inv_set_compass_bias_found               0x08007721   Thumb Code     6  results_holder.o(i.inv_set_compass_bias_found)
    inv_set_compass_correction               0x0800772d   Thumb Code    28  results_holder.o(i.inv_set_compass_correction)
    inv_set_compass_disturbance              0x0800774d   Thumb Code     8  data_builder.o(i.inv_set_compass_disturbance)
    inv_set_gyro_bias                        0x080077d9   Thumb Code    88  data_builder.o(i.inv_set_gyro_bias)
    inv_set_gyro_orientation_and_scale       0x08007835   Thumb Code     8  data_builder.o(i.inv_set_gyro_orientation_and_scale)
    inv_set_gyro_sample_rate                 0x08007841   Thumb Code    30  data_builder.o(i.inv_set_gyro_sample_rate)
    inv_set_message                          0x08007869   Thumb Code    16  message_layer.o(i.inv_set_message)
    inv_set_motion_state                     0x0800787d   Thumb Code    48  results_holder.o(i.inv_set_motion_state)
    inv_start_mpl                            0x080078c1   Thumb Code    34  mpl.o(i.inv_start_mpl)
    inv_start_results_holder                 0x080078fd   Thumb Code    18  results_holder.o(i.inv_start_results_holder)
    inv_store_gaming_quaternion              0x08007915   Thumb Code    28  results_holder.o(i.inv_store_gaming_quaternion)
    inv_unregister_data_cb                   0x08007935   Thumb Code    72  data_builder.o(i.inv_unregister_data_cb)
    inv_unregister_mpl_start_notification    0x08007981   Thumb Code    68  start_manager.o(i.inv_unregister_mpl_start_notification)
    main                                     0x080079c9   Thumb Code    94  main.o(i.main)
    mpu6050_init                             0x08007a71   Thumb Code   232  mpu6050.o(i.mpu6050_init)
    mpu_configure_fifo                       0x08007bcd   Thumb Code    78  inv_mpu.o(i.mpu_configure_fifo)
    mpu_get_accel_fsr                        0x08007c21   Thumb Code    54  inv_mpu.o(i.mpu_get_accel_fsr)
    mpu_get_accel_sens                       0x08007c5d   Thumb Code    62  inv_mpu.o(i.mpu_get_accel_sens)
    mpu_get_gyro_fsr                         0x08007ca1   Thumb Code    48  inv_mpu.o(i.mpu_get_gyro_fsr)
    mpu_get_gyro_sens                        0x08007cd5   Thumb Code    44  inv_mpu.o(i.mpu_get_gyro_sens)
    mpu_get_lpf                              0x08007d15   Thumb Code    52  inv_mpu.o(i.mpu_get_lpf)
    mpu_get_sample_rate                      0x08007d4d   Thumb Code    22  inv_mpu.o(i.mpu_get_sample_rate)
    mpu_get_temperature                      0x08007d69   Thumb Code   114  inv_mpu.o(i.mpu_get_temperature)
    mpu_init                                 0x08007de5   Thumb Code   180  inv_mpu.o(i.mpu_init)
    mpu_load_firmware                        0x08007e9d   Thumb Code   154  inv_mpu.o(i.mpu_load_firmware)
    mpu_lp_accel_mode                        0x08007f3d   Thumb Code   178  inv_mpu.o(i.mpu_lp_accel_mode)
    mpu_read_fifo_stream                     0x08007ff5   Thumb Code   140  inv_mpu.o(i.mpu_read_fifo_stream)
    mpu_read_mem                             0x08008085   Thumb Code    80  inv_mpu.o(i.mpu_read_mem)
    mpu_reset_fifo                           0x080080d9   Thumb Code   346  inv_mpu.o(i.mpu_reset_fifo)
    mpu_run_self_test                        0x08008239   Thumb Code   236  inv_mpu.o(i.mpu_run_self_test)
    mpu_set_accel_fsr                        0x08008329   Thumb Code    98  inv_mpu.o(i.mpu_set_accel_fsr)
    mpu_set_bypass                           0x08008391   Thumb Code   214  inv_mpu.o(i.mpu_set_bypass)
    mpu_set_dmp_state                        0x0800846d   Thumb Code   114  inv_mpu.o(i.mpu_set_dmp_state)
    mpu_set_gyro_fsr                         0x080084e5   Thumb Code   104  inv_mpu.o(i.mpu_set_gyro_fsr)
    mpu_set_int_latched                      0x08008551   Thumb Code    94  inv_mpu.o(i.mpu_set_int_latched)
    mpu_set_lpf                              0x080085b5   Thumb Code   102  inv_mpu.o(i.mpu_set_lpf)
    mpu_set_sample_rate                      0x08008621   Thumb Code   124  inv_mpu.o(i.mpu_set_sample_rate)
    mpu_set_sensors                          0x080086a1   Thumb Code   178  inv_mpu.o(i.mpu_set_sensors)
    mpu_write_mem                            0x08008759   Thumb Code    80  inv_mpu.o(i.mpu_write_mem)
    sinf                                     0x080089cd   Thumb Code   338  sinf.o(i.sinf)
    sqrtf                                    0x08008b55   Thumb Code    44  sqrtf.o(i.sqrtf)
    AHBPrescTable                            0x08008b80   Data          16  system_stm32f1xx.o(.constdata)
    APBPrescTable                            0x08008b90   Data           8  system_stm32f1xx.o(.constdata)
    reg                                      0x08008b98   Data          30  inv_mpu.o(.constdata)
    hw                                       0x08008bb6   Data          12  inv_mpu.o(.constdata)
    test                                     0x08008bc4   Data          40  inv_mpu.o(.constdata)
    ml_ver                                   0x080097e2   Data          20  mpl.o(.constdata)
    Region$$Table$$Base                      0x08009884   Number         0  anon$$obj.o(Region$$Table)
    Region$$Table$$Limit                     0x080098a4   Number         0  anon$$obj.o(Region$$Table)
    Pitch                                    0x20000000   Data           4  main.o(.data)
    Roll                                     0x20000004   Data           4  main.o(.data)
    Yaw                                      0x20000008   Data           4  main.o(.data)
    Temp                                     0x2000000c   Data           4  main.o(.data)
    uwTickFreq                               0x20000010   Data           1  stm32f1xx_hal.o(.data)
    uwTickPrio                               0x20000014   Data           4  stm32f1xx_hal.o(.data)
    uwTick                                   0x20000018   Data           4  stm32f1xx_hal.o(.data)
    SystemCoreClock                          0x2000001c   Data           4  system_stm32f1xx.o(.data)
    mpl_key                                  0x20000050   Data           4  mpu6050.o(.data)
    __stdout                                 0x20000060   Data           4  stdout.o(.data)
    hi2c1                                    0x20000068   Data          84  i2c.o(.bss)
    huart1                                   0x200000bc   Data          68  usart.o(.bss)
    fnm                                      0x200006a8   Data         608  fast_no_motion.o(.bss)
    s9axis                                   0x20000948   Data         312  fusion_9axis.o(.bss)
    mag_disturb                              0x20000cb0   Data         184  mag_disturb.o(.bss)
    __initial_sp                             0x20001168   Data           0  startup_stm32f103x6.o(STACK)



==============================================================================

Memory Map of the image

  Image Entry point : 0x080000ed

  Load Region LR_IROM1 (Base: 0x08000000, Size: 0x0000990c, Max: 0x00010000, ABSOLUTE)

    Execution Region ER_IROM1 (Base: 0x08000000, Size: 0x000098a4, Max: 0x00010000, ABSOLUTE)

    Base Addr    Size         Type   Attr      Idx    E Section Name        Object

    0x08000000   0x000000ec   Data   RO            3    RESET               startup_stm32f103x6.o
    0x080000ec   0x00000000   Code   RO         4639  * .ARM.Collect$$$$00000000  mc_w.l(entry.o)
    0x080000ec   0x00000004   Code   RO         5019    .ARM.Collect$$$$00000001  mc_w.l(entry2.o)
    0x080000f0   0x00000004   Code   RO         5022    .ARM.Collect$$$$00000004  mc_w.l(entry5.o)
    0x080000f4   0x00000000   Code   RO         5024    .ARM.Collect$$$$00000008  mc_w.l(entry7b.o)
    0x080000f4   0x00000000   Code   RO         5026    .ARM.Collect$$$$0000000A  mc_w.l(entry8b.o)
    0x080000f4   0x00000008   Code   RO         5027    .ARM.Collect$$$$0000000B  mc_w.l(entry9a.o)
    0x080000fc   0x00000000   Code   RO         5029    .ARM.Collect$$$$0000000D  mc_w.l(entry10a.o)
    0x080000fc   0x00000000   Code   RO         5031    .ARM.Collect$$$$0000000F  mc_w.l(entry11a.o)
    0x080000fc   0x00000004   Code   RO         5020    .ARM.Collect$$$$00002712  mc_w.l(entry2.o)
    0x08000100   0x00000024   Code   RO            4    .text               startup_stm32f103x6.o
    0x08000124   0x000009f4   Code   RO         4324    .text               libmpllib.lib(fast_no_motion.o)
    0x08000b18   0x0000065c   Code   RO         4415    .text               libmpllib.lib(fusion_9axis.o)
    0x08001174   0x000004bc   Code   RO         4440    .text               libmpllib.lib(gyro_tc.o)
    0x08001630   0x00000940   Code   RO         4461    .text               libmpllib.lib(quaternion_supervisor.o)
    0x08001f70   0x00000550   Code   RO         4479    .text               libmpllib.lib(mag_disturb.o)
    0x080024c0   0x00000062   Code   RO         4642    .text               mc_w.l(ldiv.o)
    0x08002522   0x0000001e   Code   RO         4644    .text               mc_w.l(llshl.o)
    0x08002540   0x00000020   Code   RO         4646    .text               mc_w.l(llushr.o)
    0x08002560   0x00000024   Code   RO         4648    .text               mc_w.l(llsshr.o)
    0x08002584   0x00000040   Code   RO         4652    .text               mc_w.l(memmovea.o)
    0x080025c4   0x00000024   Code   RO         4654    .text               mc_w.l(memseta.o)
    0x080025e8   0x0000001a   Code   RO         4656    .text               mc_w.l(memcmp.o)
    0x08002602   0x000000b0   Code   RO         4923    .text               mf_w.l(fadd.o)
    0x080026b2   0x00000064   Code   RO         4925    .text               mf_w.l(fmul.o)
    0x08002716   0x0000007c   Code   RO         4927    .text               mf_w.l(fdiv.o)
    0x08002792   0x00000018   Code   RO         4929    .text               mf_w.l(fscalb.o)
    0x080027aa   0x0000014e   Code   RO         4931    .text               mf_w.l(dadd.o)
    0x080028f8   0x000000e4   Code   RO         4933    .text               mf_w.l(dmul.o)
    0x080029dc   0x000000de   Code   RO         4935    .text               mf_w.l(ddiv.o)
    0x08002aba   0x0000002e   Code   RO         4937    .text               mf_w.l(dscalb.o)
    0x08002ae8   0x00000012   Code   RO         4939    .text               mf_w.l(fflti.o)
    0x08002afa   0x0000000a   Code   RO         4941    .text               mf_w.l(ffltui.o)
    0x08002b04   0x0000002c   Code   RO         4943    .text               mf_w.l(ffltl.o)
    0x08002b30   0x00000022   Code   RO         4945    .text               mf_w.l(dflti.o)
    0x08002b52   0x00000032   Code   RO         4947    .text               mf_w.l(ffixi.o)
    0x08002b84   0x00000028   Code   RO         4949    .text               mf_w.l(ffixui.o)
    0x08002bac   0x00000042   Code   RO         4951    .text               mf_w.l(ffixl.o)
    0x08002bee   0x0000003e   Code   RO         4953    .text               mf_w.l(dfixi.o)
    0x08002c2c   0x00000026   Code   RO         4955    .text               mf_w.l(f2d.o)
    0x08002c52   0x00000002   PAD
    0x08002c54   0x00000030   Code   RO         4959    .text               mf_w.l(cdrcmple.o)
    0x08002c84   0x00000038   Code   RO         4961    .text               mf_w.l(d2f.o)
    0x08002cbc   0x00000014   Code   RO         4963    .text               mf_w.l(cfcmple.o)
    0x08002cd0   0x00000014   Code   RO         4965    .text               mf_w.l(cfrcmple.o)
    0x08002ce4   0x0000002c   Code   RO         5034    .text               mc_w.l(uidiv.o)
    0x08002d10   0x00000062   Code   RO         5036    .text               mc_w.l(uldiv.o)
    0x08002d72   0x00000000   Code   RO         5045    .text               mc_w.l(iusefp.o)
    0x08002d72   0x0000006e   Code   RO         5046    .text               mf_w.l(fepilogue.o)
    0x08002de0   0x0000005e   Code   RO         5048    .text               mf_w.l(fsqrt.o)
    0x08002e3e   0x0000003c   Code   RO         5050    .text               mf_w.l(frnd.o)
    0x08002e7a   0x000000ba   Code   RO         5052    .text               mf_w.l(depilogue.o)
    0x08002f34   0x00000030   Code   RO         5056    .text               mf_w.l(dfixul.o)
    0x08002f64   0x00000024   Code   RO         5058    .text               mc_w.l(init.o)
    0x08002f88   0x00000002   Code   RO          269    i.BusFault_Handler  stm32f1xx_it.o
    0x08002f8a   0x00000002   Code   RO          270    i.DebugMon_Handler  stm32f1xx_it.o
    0x08002f8c   0x00000006   Code   RO          271    i.EXTI0_IRQHandler  stm32f1xx_it.o
    0x08002f92   0x00000004   Code   RO           13    i.Error_Handler     main.o
    0x08002f96   0x00000002   PAD
    0x08002f98   0x00000024   Code   RO          849    i.HAL_Delay         stm32f1xx_hal.o
    0x08002fbc   0x0000000a   Code   RO         3897    i.HAL_GPIO_EXTI_Callback  mpu6050.o
    0x08002fc6   0x00000002   PAD
    0x08002fc8   0x00000018   Code   RO         1156    i.HAL_GPIO_EXTI_IRQHandler  stm32f1xx_hal_gpio.o
    0x08002fe0   0x000001c0   Code   RO         1157    i.HAL_GPIO_Init     stm32f1xx_hal_gpio.o
    0x080031a0   0x0000000c   Code   RO          853    i.HAL_GetTick       stm32f1xx_hal.o
    0x080031ac   0x00000006   Code   RO          420    i.HAL_I2C_GetState  stm32f1xx_hal_i2c.o
    0x080031b2   0x00000002   PAD
    0x080031b4   0x00000188   Code   RO          421    i.HAL_I2C_Init      stm32f1xx_hal_i2c.o
    0x0800333c   0x0000016c   Code   RO          422    i.HAL_I2C_IsDeviceReady  stm32f1xx_hal_i2c.o
    0x080034a8   0x00000250   Code   RO          439    i.HAL_I2C_Mem_Read  stm32f1xx_hal_i2c.o
    0x080036f8   0x00000130   Code   RO          442    i.HAL_I2C_Mem_Write  stm32f1xx_hal_i2c.o
    0x08003828   0x0000005c   Code   RO          180    i.HAL_I2C_MspInit   i2c.o
    0x08003884   0x00000010   Code   RO          859    i.HAL_IncTick       stm32f1xx_hal.o
    0x08003894   0x00000024   Code   RO          860    i.HAL_Init          stm32f1xx_hal.o
    0x080038b8   0x00000040   Code   RO          861    i.HAL_InitTick      stm32f1xx_hal.o
    0x080038f8   0x0000003c   Code   RO          350    i.HAL_MspInit       stm32f1xx_hal_msp.o
    0x08003934   0x0000001a   Code   RO         1317    i.HAL_NVIC_EnableIRQ  stm32f1xx_hal_cortex.o
    0x0800394e   0x00000002   PAD
    0x08003950   0x00000040   Code   RO         1323    i.HAL_NVIC_SetPriority  stm32f1xx_hal_cortex.o
    0x08003990   0x00000024   Code   RO         1324    i.HAL_NVIC_SetPriorityGrouping  stm32f1xx_hal_cortex.o
    0x080039b4   0x0000012c   Code   RO         1017    i.HAL_RCC_ClockConfig  stm32f1xx_hal_rcc.o
    0x08003ae0   0x00000020   Code   RO         1024    i.HAL_RCC_GetPCLK1Freq  stm32f1xx_hal_rcc.o
    0x08003b00   0x00000020   Code   RO         1025    i.HAL_RCC_GetPCLK2Freq  stm32f1xx_hal_rcc.o
    0x08003b20   0x0000006c   Code   RO         1026    i.HAL_RCC_GetSysClockFreq  stm32f1xx_hal_rcc.o
    0x08003b8c   0x00000320   Code   RO         1029    i.HAL_RCC_OscConfig  stm32f1xx_hal_rcc.o
    0x08003eac   0x00000028   Code   RO         1328    i.HAL_SYSTICK_Config  stm32f1xx_hal_cortex.o
    0x08003ed4   0x00000062   Code   RO         1872    i.HAL_UART_Init     stm32f1xx_hal_uart.o
    0x08003f36   0x00000002   PAD
    0x08003f38   0x00000070   Code   RO          222    i.HAL_UART_MspInit  usart.o
    0x08003fa8   0x000000b2   Code   RO         1880    i.HAL_UART_Transmit  stm32f1xx_hal_uart.o
    0x0800405a   0x00000002   Code   RO          272    i.HardFault_Handler  stm32f1xx_it.o
    0x0800405c   0x0000002e   Code   RO          463    i.I2C_IsAcknowledgeFailed  stm32f1xx_hal_i2c.o
    0x0800408a   0x00000002   PAD
    0x0800408c   0x000000fc   Code   RO          473    i.I2C_RequestMemoryRead  stm32f1xx_hal_i2c.o
    0x08004188   0x000000a8   Code   RO          474    i.I2C_RequestMemoryWrite  stm32f1xx_hal_i2c.o
    0x08004230   0x0000004c   Code   RO          478    i.I2C_WaitOnBTFFlagUntilTimeout  stm32f1xx_hal_i2c.o
    0x0800427c   0x00000068   Code   RO          479    i.I2C_WaitOnFlagUntilTimeout  stm32f1xx_hal_i2c.o
    0x080042e4   0x00000096   Code   RO          480    i.I2C_WaitOnMasterAddressFlagUntilTimeout  stm32f1xx_hal_i2c.o
    0x0800437a   0x00000066   Code   RO          481    i.I2C_WaitOnRXNEFlagUntilTimeout  stm32f1xx_hal_i2c.o
    0x080043e0   0x0000004c   Code   RO          482    i.I2C_WaitOnTXEFlagUntilTimeout  stm32f1xx_hal_i2c.o
    0x0800442c   0x00000110   Code   RO         3898    i.MPU6050_Get_Euler_Temputer  mpu6050.o
    0x0800453c   0x0000006c   Code   RO          155    i.MX_GPIO_Init      gpio.o
    0x080045a8   0x00000040   Code   RO          181    i.MX_I2C1_Init      i2c.o
    0x080045e8   0x00000038   Code   RO          223    i.MX_USART1_UART_Init  usart.o
    0x08004620   0x00000002   Code   RO          273    i.MemManage_Handler  stm32f1xx_it.o
    0x08004622   0x00000002   Code   RO          274    i.NMI_Handler       stm32f1xx_it.o
    0x08004624   0x00000002   Code   RO          275    i.PendSV_Handler    stm32f1xx_it.o
    0x08004626   0x00000002   Code   RO          276    i.SVC_Handler       stm32f1xx_it.o
    0x08004628   0x00000068   Code   RO         3899    i.Sensors_I2C_ReadRegister  mpu6050.o
    0x08004690   0x00000068   Code   RO         3900    i.Sensors_I2C_WriteRegister  mpu6050.o
    0x080046f8   0x00000004   Code   RO          277    i.SysTick_Handler   stm32f1xx_it.o
    0x080046fc   0x0000005e   Code   RO           14    i.SystemClock_Config  main.o
    0x0800475a   0x00000002   Code   RO         2201    i.SystemInit        system_stm32f1xx.o
    0x0800475c   0x000000b8   Code   RO         1898    i.UART_SetConfig    stm32f1xx_hal_uart.o
    0x08004814   0x00000064   Code   RO         1901    i.UART_WaitOnFlagUntilTimeout  stm32f1xx_hal_uart.o
    0x08004878   0x00000002   Code   RO          278    i.UsageFault_Handler  stm32f1xx_it.o
    0x0800487a   0x00000096   Code   RO         3437    i._MLPrintLog       log_stm32.o
    0x08004910   0x00000020   Code   RO         4895    i.__0printf         mc_w.l(printfa.o)
    0x08004930   0x00000024   Code   RO         4901    i.__0vsprintf       mc_w.l(printfa.o)
    0x08004954   0x00000026   Code   RO         4986    i.__ARM_fpclassifyf  m_ws.l(fpclassifyf.o)
    0x0800497a   0x00000020   Code   RO         1330    i.__NVIC_SetPriority  stm32f1xx_hal_cortex.o
    0x0800499a   0x00000006   Code   RO         4989    i.__mathlib_flt_infnan  m_ws.l(funder.o)
    0x080049a0   0x00000004   Code   RO         4990    i.__mathlib_flt_infnan2  m_ws.l(funder.o)
    0x080049a4   0x00000008   Code   RO         4991    i.__mathlib_flt_invalid  m_ws.l(funder.o)
    0x080049ac   0x0000000a   Code   RO         4994    i.__mathlib_flt_underflow  m_ws.l(funder.o)
    0x080049b6   0x00000002   PAD
    0x080049b8   0x00000168   Code   RO         5010    i.__mathlib_rredf2  m_ws.l(rredf.o)
    0x08004b20   0x00000030   Code   RO         3856    i.__print_result_location  mpl.o
    0x08004b50   0x0000000e   Code   RO         5064    i.__scatterload_copy  mc_w.l(handlers.o)
    0x08004b5e   0x00000002   Code   RO         5065    i.__scatterload_null  mc_w.l(handlers.o)
    0x08004b60   0x0000000e   Code   RO         5066    i.__scatterload_zeroinit  mc_w.l(handlers.o)
    0x08004b6e   0x00000002   PAD
    0x08004b70   0x0000000c   Code   RO         5040    i.__set_errno       mc_w.l(errno.o)
    0x08004b7c   0x00000184   Code   RO         4902    i._fp_digits        mc_w.l(printfa.o)
    0x08004d00   0x000006dc   Code   RO         4903    i._printf_core      mc_w.l(printfa.o)
    0x080053dc   0x00000024   Code   RO         4904    i._printf_post_padding  mc_w.l(printfa.o)
    0x08005400   0x0000002e   Code   RO         4905    i._printf_pre_padding  mc_w.l(printfa.o)
    0x0800542e   0x0000000a   Code   RO         4907    i._sputc            mc_w.l(printfa.o)
    0x08005438   0x00000080   Code   RO         2911    i.accel_self_test   inv_mpu.o
    0x080054b8   0x0000011c   Code   RO         4512    i.acosf             m_ws.l(acosf.o)
    0x080055d4   0x0000025c   Code   RO         4556    i.atan2f            m_ws.l(atan2f.o)
    0x08005830   0x0000017c   Code   RO         4576    i.cosf              m_ws.l(cosf.o)
    0x080059ac   0x0000003a   Code   RO         3245    i.dmp_enable_6x_lp_quat  inv_mpu_dmp_motion_driver.o
    0x080059e6   0x00000002   PAD
    0x080059e8   0x000001d8   Code   RO         3246    i.dmp_enable_feature  inv_mpu_dmp_motion_driver.o
    0x08005bc0   0x0000003c   Code   RO         3247    i.dmp_enable_gyro_cal  inv_mpu_dmp_motion_driver.o
    0x08005bfc   0x0000003a   Code   RO         3248    i.dmp_enable_lp_quat  inv_mpu_dmp_motion_driver.o
    0x08005c36   0x00000002   PAD
    0x08005c38   0x00000014   Code   RO         3253    i.dmp_load_motion_driver_firmware  inv_mpu_dmp_motion_driver.o
    0x08005c4c   0x00000144   Code   RO         3254    i.dmp_read_fifo     inv_mpu_dmp_motion_driver.o
    0x08005d90   0x00000064   Code   RO         3258    i.dmp_set_fifo_rate  inv_mpu_dmp_motion_driver.o
    0x08005df4   0x0000010c   Code   RO         3261    i.dmp_set_orientation  inv_mpu_dmp_motion_driver.o
    0x08005f00   0x00000030   Code   RO         3264    i.dmp_set_shake_reject_thresh  inv_mpu_dmp_motion_driver.o
    0x08005f30   0x00000020   Code   RO         3265    i.dmp_set_shake_reject_time  inv_mpu_dmp_motion_driver.o
    0x08005f50   0x00000020   Code   RO         3266    i.dmp_set_shake_reject_timeout  inv_mpu_dmp_motion_driver.o
    0x08005f70   0x00000040   Code   RO         3267    i.dmp_set_tap_axes  inv_mpu_dmp_motion_driver.o
    0x08005fb0   0x00000022   Code   RO         3268    i.dmp_set_tap_count  inv_mpu_dmp_motion_driver.o
    0x08005fd2   0x00000002   PAD
    0x08005fd4   0x00000128   Code   RO         3269    i.dmp_set_tap_thresh  inv_mpu_dmp_motion_driver.o
    0x080060fc   0x00000020   Code   RO         3270    i.dmp_set_tap_time  inv_mpu_dmp_motion_driver.o
    0x0800611c   0x00000020   Code   RO         3271    i.dmp_set_tap_time_multi  inv_mpu_dmp_motion_driver.o
    0x0800613c   0x00000018   Code   RO          224    i.fputc             usart.o
    0x08006154   0x00000018   Code   RO         3901    i.fputcc            mpu6050.o
    0x0800616c   0x000000ac   Code   RO         2912    i.get_accel_prod_shift  inv_mpu.o
    0x08006218   0x00000314   Code   RO         2913    i.get_st_biases     inv_mpu.o
    0x0800652c   0x0000000e   Code   RO         3902    i.get_tick_count    mpu6050.o
    0x0800653a   0x00000002   PAD
    0x0800653c   0x00000028   Code   RO         3903    i.gyro_data_ready_cb  mpu6050.o
    0x08006564   0x000000d4   Code   RO         2914    i.gyro_self_test    inv_mpu.o
    0x08006638   0x0000006a   Code   RO         2236    i.inv_apply_calibration  data_builder.o
    0x080066a2   0x00000002   PAD
    0x080066a4   0x00000068   Code   RO         2237    i.inv_build_accel   data_builder.o
    0x0800670c   0x00000030   Code   RO         2239    i.inv_build_gyro    data_builder.o
    0x0800673c   0x0000002c   Code   RO         2240    i.inv_build_quat    data_builder.o
    0x08006768   0x0000001c   Code   RO         2241    i.inv_build_temp    data_builder.o
    0x08006784   0x00000092   Code   RO         3499    i.inv_compass_angle  ml_math_func.o
    0x08006816   0x0000005c   Code   RO         3501    i.inv_convert_to_body_with_scale  ml_math_func.o
    0x08006872   0x00000002   PAD
    0x08006874   0x0000003c   Code   RO         2243    i.inv_db_load_func  data_builder.o
    0x080068b0   0x00000014   Code   RO         2244    i.inv_db_save_func  data_builder.o
    0x080068c4   0x0000001c   Code   RO         2718    i.inv_enable_eMPL_outputs  empl_outputs.o
    0x080068e0   0x0000001c   Code   RO         4019    i.inv_enable_results_holder  results_holder.o
    0x080068fc   0x0000002c   Code   RO         4254    i.inv_execute_mpl_start_notification  start_manager.o
    0x08006928   0x00000080   Code   RO         2247    i.inv_execute_on_data  data_builder.o
    0x080069a8   0x000000a4   Code   RO         2719    i.inv_generate_eMPL_outputs  empl_outputs.o
    0x08006a4c   0x00000010   Code   RO         4020    i.inv_generate_results  results_holder.o
    0x08006a5c   0x00000014   Code   RO         4021    i.inv_get_6axis_quaternion  results_holder.o
    0x08006a70   0x0000000c   Code   RO         4022    i.inv_get_acc_state  results_holder.o
    0x08006a7c   0x0000000c   Code   RO         2248    i.inv_get_accel_accuracy  data_builder.o
    0x08006a88   0x00000010   Code   RO         2250    i.inv_get_accel_on  data_builder.o
    0x08006a98   0x00000028   Code   RO         2254    i.inv_get_accel_set  data_builder.o
    0x08006ac0   0x00000018   Code   RO         4026    i.inv_get_compass_correction  results_holder.o
    0x08006ad8   0x00000010   Code   RO         2257    i.inv_get_compass_on  data_builder.o
    0x08006ae8   0x00000054   Code   RO         4028    i.inv_get_gravity   results_holder.o
    0x08006b3c   0x00000010   Code   RO         2265    i.inv_get_gyro      data_builder.o
    0x08006b4c   0x0000000c   Code   RO         2266    i.inv_get_gyro_accuracy  data_builder.o
    0x08006b58   0x00000024   Code   RO         2267    i.inv_get_gyro_bias  data_builder.o
    0x08006b7c   0x00000018   Code   RO         2268    i.inv_get_gyro_bias_tc_set  data_builder.o
    0x08006b94   0x00000010   Code   RO         2269    i.inv_get_gyro_on   data_builder.o
    0x08006ba4   0x0000001a   Code   RO         3505    i.inv_get_gyro_sum_of_sqr  ml_math_func.o
    0x08006bbe   0x00000002   PAD
    0x08006bc0   0x00000048   Code   RO         2275    i.inv_get_last_timestamp  data_builder.o
    0x08006c08   0x0000003a   Code   RO         4032    i.inv_get_linear_accel  results_holder.o
    0x08006c42   0x00000002   PAD
    0x08006c44   0x00000010   Code   RO         4034    i.inv_get_local_field  results_holder.o
    0x08006c54   0x0000001c   Code   RO         2276    i.inv_get_mag_accuracy  data_builder.o
    0x08006c70   0x00000010   Code   RO         4036    i.inv_get_motion_state  results_holder.o
    0x08006c80   0x00000034   Code   RO         4037    i.inv_get_quaternion  results_holder.o
    0x08006cb4   0x00000038   Code   RO         4039    i.inv_get_quaternion_set  results_holder.o
    0x08006cec   0x000001b4   Code   RO         2722    i.inv_get_sensor_type_euler  empl_outputs.o
    0x08006ea0   0x0000000c   Code   RO         4041    i.inv_got_compass_bias  results_holder.o
    0x08006eac   0x0000003c   Code   RO         2279    i.inv_init_data_builder  data_builder.o
    0x08006ee8   0x00000078   Code   RO         3858    i.inv_init_mpl      mpl.o
    0x08006f60   0x00000030   Code   RO         4042    i.inv_init_results_holder  results_holder.o
    0x08006f90   0x00000014   Code   RO         4255    i.inv_init_start_manager  start_manager.o
    0x08006fa4   0x00000018   Code   RO         4287    i.inv_init_storage_manager  storage_manager.o
    0x08006fbc   0x00000022   Code   RO         3514    i.inv_orientation_matrix_to_scalar  ml_math_func.o
    0x08006fde   0x0000000c   Code   RO         3515    i.inv_q29_mult      ml_math_func.o
    0x08006fea   0x0000000c   Code   RO         3517    i.inv_q30_mult      ml_math_func.o
    0x08006ff6   0x00000012   Code   RO         3519    i.inv_q30_to_float  ml_math_func.o
    0x08007008   0x00000024   Code   RO         3520    i.inv_q_add         ml_math_func.o
    0x0800702c   0x00000032   Code   RO         3521    i.inv_q_addf        ml_math_func.o
    0x0800705e   0x00000018   Code   RO         3522    i.inv_q_invert      ml_math_func.o
    0x08007076   0x0000001e   Code   RO         3523    i.inv_q_invertf     ml_math_func.o
    0x08007094   0x000000b0   Code   RO         3524    i.inv_q_mult        ml_math_func.o
    0x08007144   0x000000f6   Code   RO         3525    i.inv_q_multf       ml_math_func.o
    0x0800723a   0x00000084   Code   RO         3526    i.inv_q_norm4       ml_math_func.o
    0x080072be   0x0000010a   Code   RO         3528    i.inv_q_normalizef  ml_math_func.o
    0x080073c8   0x0000003e   Code   RO         3529    i.inv_q_rotate      ml_math_func.o
    0x08007406   0x000000da   Code   RO         3531    i.inv_quaternion_to_rotation  ml_math_func.o
    0x080074e0   0x000000a4   Code   RO         2282    i.inv_register_data_cb  data_builder.o
    0x08007584   0x0000006c   Code   RO         4289    i.inv_register_load_store  storage_manager.o
    0x080075f0   0x00000020   Code   RO         4256    i.inv_register_mpl_start_notification  start_manager.o
    0x08007610   0x00000048   Code   RO         2283    i.inv_reset_compass_soft_iron_matrix  data_builder.o
    0x08007658   0x00000048   Code   RO         3533    i.inv_row_2_scale   ml_math_func.o
    0x080076a0   0x00000048   Code   RO         2286    i.inv_set_accel_bias  data_builder.o
    0x080076e8   0x0000000c   Code   RO         2288    i.inv_set_accel_orientation_and_scale  data_builder.o
    0x080076f4   0x0000002c   Code   RO         2289    i.inv_set_accel_sample_rate  data_builder.o
    0x08007720   0x0000000c   Code   RO         4047    i.inv_set_compass_bias_found  results_holder.o
    0x0800772c   0x00000020   Code   RO         4048    i.inv_set_compass_correction  results_holder.o
    0x0800774c   0x0000000c   Code   RO         2292    i.inv_set_compass_disturbance  data_builder.o
    0x08007758   0x00000080   Code   RO         2298    i.inv_set_contiguous  data_builder.o
    0x080077d8   0x0000005c   Code   RO         2300    i.inv_set_gyro_bias  data_builder.o
    0x08007834   0x0000000c   Code   RO         2301    i.inv_set_gyro_orientation_and_scale  data_builder.o
    0x08007840   0x00000028   Code   RO         2302    i.inv_set_gyro_sample_rate  data_builder.o
    0x08007868   0x00000014   Code   RO         3474    i.inv_set_message   message_layer.o
    0x0800787c   0x00000034   Code   RO         4054    i.inv_set_motion_state  results_holder.o
    0x080078b0   0x00000010   Code   RO         2727    i.inv_start_eMPL_outputs  empl_outputs.o
    0x080078c0   0x0000003c   Code   RO         3859    i.inv_start_mpl     mpl.o
    0x080078fc   0x00000018   Code   RO         4055    i.inv_start_results_holder  results_holder.o
    0x08007914   0x00000020   Code   RO         4056    i.inv_store_gaming_quaternion  results_holder.o
    0x08007934   0x0000004c   Code   RO         2305    i.inv_unregister_data_cb  data_builder.o
    0x08007980   0x00000048   Code   RO         4257    i.inv_unregister_mpl_start_notification  start_manager.o
    0x080079c8   0x000000a8   Code   RO           15    i.main              main.o
    0x08007a70   0x0000015c   Code   RO         3904    i.mpu6050_init      mpu6050.o
    0x08007bcc   0x00000054   Code   RO         2915    i.mpu_configure_fifo  inv_mpu.o
    0x08007c20   0x0000003c   Code   RO         2916    i.mpu_get_accel_fsr  inv_mpu.o
    0x08007c5c   0x00000044   Code   RO         2918    i.mpu_get_accel_sens  inv_mpu.o
    0x08007ca0   0x00000034   Code   RO         2924    i.mpu_get_gyro_fsr  inv_mpu.o
    0x08007cd4   0x00000040   Code   RO         2926    i.mpu_get_gyro_sens  inv_mpu.o
    0x08007d14   0x00000038   Code   RO         2928    i.mpu_get_lpf       inv_mpu.o
    0x08007d4c   0x0000001c   Code   RO         2930    i.mpu_get_sample_rate  inv_mpu.o
    0x08007d68   0x0000007c   Code   RO         2931    i.mpu_get_temperature  inv_mpu.o
    0x08007de4   0x000000b8   Code   RO         2932    i.mpu_init          inv_mpu.o
    0x08007e9c   0x000000a0   Code   RO         2933    i.mpu_load_firmware  inv_mpu.o
    0x08007f3c   0x000000b8   Code   RO         2934    i.mpu_lp_accel_mode  inv_mpu.o
    0x08007ff4   0x00000090   Code   RO         2940    i.mpu_read_fifo_stream  inv_mpu.o
    0x08008084   0x00000054   Code   RO         2941    i.mpu_read_mem      inv_mpu.o
    0x080080d8   0x00000160   Code   RO         2944    i.mpu_reset_fifo    inv_mpu.o
    0x08008238   0x000000f0   Code   RO         2945    i.mpu_run_self_test  inv_mpu.o
    0x08008328   0x00000068   Code   RO         2948    i.mpu_set_accel_fsr  inv_mpu.o
    0x08008390   0x000000dc   Code   RO         2949    i.mpu_set_bypass    inv_mpu.o
    0x0800846c   0x00000078   Code   RO         2951    i.mpu_set_dmp_state  inv_mpu.o
    0x080084e4   0x0000006c   Code   RO         2953    i.mpu_set_gyro_fsr  inv_mpu.o
    0x08008550   0x00000064   Code   RO         2954    i.mpu_set_int_latched  inv_mpu.o
    0x080085b4   0x0000006c   Code   RO         2956    i.mpu_set_lpf       inv_mpu.o
    0x08008620   0x00000080   Code   RO         2957    i.mpu_set_sample_rate  inv_mpu.o
    0x080086a0   0x000000b8   Code   RO         2958    i.mpu_set_sensors   inv_mpu.o
    0x08008758   0x00000054   Code   RO         2959    i.mpu_write_mem     inv_mpu.o
    0x080087ac   0x000001c8   Code   RO         3905    i.run_self_test     mpu6050.o
    0x08008974   0x00000058   Code   RO         2960    i.set_int_enable    inv_mpu.o
    0x080089cc   0x00000188   Code   RO         4616    i.sinf              m_ws.l(sinf.o)
    0x08008b54   0x0000002c   Code   RO         4632    i.sqrtf             m_ws.l(sqrtf.o)
    0x08008b80   0x00000010   Data   RO         2202    .constdata          system_stm32f1xx.o
    0x08008b90   0x00000008   Data   RO         2203    .constdata          system_stm32f1xx.o
    0x08008b98   0x0000001e   Data   RO         2961    .constdata          inv_mpu.o
    0x08008bb6   0x0000000c   Data   RO         2962    .constdata          inv_mpu.o
    0x08008bc2   0x00000002   PAD
    0x08008bc4   0x00000028   Data   RO         2963    .constdata          inv_mpu.o
    0x08008bec   0x00000bf6   Data   RO         3273    .constdata          inv_mpu_dmp_motion_driver.o
    0x080097e2   0x0000002f   Data   RO         3860    .constdata          mpl.o
    0x08009811   0x00000003   PAD
    0x08009814   0x00000020   Data   RO         5011    .constdata          m_ws.l(rredf.o)
    0x08009834   0x00000044   Data   RO         2308    .conststring        data_builder.o
    0x08009878   0x00000009   Data   RO         3907    .conststring        mpu6050.o
    0x08009881   0x00000003   PAD
    0x08009884   0x00000020   Data   RO         5062    Region$$Table       anon$$obj.o


    Execution Region RW_IRAM1 (Base: 0x20000000, Size: 0x00001168, Max: 0x00005000, ABSOLUTE)

    Base Addr    Size         Type   Attr      Idx    E Section Name        Object

    0x20000000   0x00000010   Data   RW           16    .data               main.o
    0x20000010   0x0000000c   Data   RW          867    .data               stm32f1xx_hal.o
    0x2000001c   0x00000004   Data   RW         2204    .data               system_stm32f1xx.o
    0x20000020   0x0000002c   Data   RW         2964    .data               inv_mpu.o
    0x2000004c   0x00000004   Data   RW         3475    .data               message_layer.o
    0x20000050   0x00000004   Data   RW         3909    .data               mpu6050.o
    0x20000054   0x00000009   Data   RW         3910    .data               mpu6050.o
    0x2000005d   0x00000003   PAD
    0x20000060   0x00000004   Data   RW         5033    .data               mc_w.l(stdout.o)
    0x20000064   0x00000004   Data   RW         5041    .data               mc_w.l(errno.o)
    0x20000068   0x00000054   Zero   RW          182    .bss                i2c.o
    0x200000bc   0x00000044   Zero   RW          225    .bss                usart.o
    0x20000100   0x000002d8   Zero   RW         2307    .bss                data_builder.o
    0x200003d8   0x00000028   Zero   RW         2728    .bss                empl_outputs.o
    0x20000400   0x00000010   Zero   RW         3272    .bss                inv_mpu_dmp_motion_driver.o
    0x20000410   0x00000020   Zero   RW         3906    .bss                mpu6050.o
    0x20000430   0x00000088   Zero   RW         4057    .bss                results_holder.o
    0x200004b8   0x00000054   Zero   RW         4258    .bss                start_manager.o
    0x2000050c   0x00000198   Zero   RW         4291    .bss                storage_manager.o
    0x200006a4   0x00000004   PAD
    0x200006a8   0x000002a0   Zero   RW         4325    .bss                libmpllib.lib(fast_no_motion.o)
    0x20000948   0x00000138   Zero   RW         4416    .bss                libmpllib.lib(fusion_9axis.o)
    0x20000a80   0x000001c4   Zero   RW         4441    .bss                libmpllib.lib(gyro_tc.o)
    0x20000c44   0x0000006c   Zero   RW         4462    .bss                libmpllib.lib(quaternion_supervisor.o)
    0x20000cb0   0x000000b8   Zero   RW         4480    .bss                libmpllib.lib(mag_disturb.o)
    0x20000d68   0x00000400   Zero   RW            1    STACK               startup_stm32f103x6.o


==============================================================================

Image component sizes


      Code (inc. data)   RO Data    RW Data    ZI Data      Debug   Object Name

      1610        194         68          0        728      27128   data_builder.o
       644         46          0          0         40       3950   empl_outputs.o
       108         12          0          0          0        943   gpio.o
       156         26          0          0         84       1725   i2c.o
      4428        210         82         44          0      27947   inv_mpu.o
      1930        104       3062          0         16      18141   inv_mpu_dmp_motion_driver.o
       150         10          0          0          0        966   log_stm32.o
       266         74          0         16          0     397146   main.o
        20          4          0          4          0       1182   message_layer.o
      1652          0          0          0          0      13531   ml_math_func.o
       228         78         47          0          0       5200   mpl.o
      1372        314          9         13         32       8465   mpu6050.o
       594         86          0          0        136      11762   results_holder.o
       168         20          0          0         84       3304   start_manager.o
        36          8        236          0       1024        828   startup_stm32f103x6.o
       164         28          0         12          0       5753   stm32f1xx_hal.o
       198         14          0          0          0      29091   stm32f1xx_hal_cortex.o
       472         36          0          0          0       2923   stm32f1xx_hal_gpio.o
      2632         66          0          0          0      15069   stm32f1xx_hal_i2c.o
        60          8          0          0          0        918   stm32f1xx_hal_msp.o
      1272        100          0          0          0       5332   stm32f1xx_hal_rcc.o
       560          6          0          0          0       4056   stm32f1xx_hal_uart.o
        26          0          0          0          0       4537   stm32f1xx_it.o
       132         10          0          0        408       2497   storage_manager.o
         2          0         24          4          0       1191   system_stm32f1xx.o
       192         24          0          0         68       2342   usart.o

    ----------------------------------------------------------------------
     19100       1478       3568         96       2624     595927   Object Totals
         0          0         32          0          0          0   (incl. Generated)
        28          0          8          3          4          0   (incl. Padding)

    ----------------------------------------------------------------------

      Code (inc. data)   RO Data    RW Data    ZI Data      Debug   Library Member Name

      2548         42          0          0        672      19752   fast_no_motion.o
      1628         54          0          0        312       5308   fusion_9axis.o
      1212         30          0          0        452       5515   gyro_tc.o
      1360         46          0          0        184       7270   mag_disturb.o
      2368        102          0          0        108       5409   quaternion_supervisor.o
       284         42          0          0          0        120   acosf.o
       604         76          0          0          0        116   atan2f.o
       380         52          0          0          0        124   cosf.o
        38          0          0          0          0         68   fpclassifyf.o
        28          0          0          0          0        272   funder.o
       360         16         32          0          0         88   rredf.o
       392         54          0          0          0        124   sinf.o
        44          0          0          0          0         80   sqrtf.o
         0          0          0          0          0          0   entry.o
         0          0          0          0          0          0   entry10a.o
         0          0          0          0          0          0   entry11a.o
         8          4          0          0          0          0   entry2.o
         4          0          0          0          0          0   entry5.o
         0          0          0          0          0          0   entry7b.o
         0          0          0          0          0          0   entry8b.o
         8          4          0          0          0          0   entry9a.o
        12          6          0          4          0         68   errno.o
        30          0          0          0          0          0   handlers.o
        36          8          0          0          0         68   init.o
         0          0          0          0          0          0   iusefp.o
        98          0          0          0          0         84   ldiv.o
        30          0          0          0          0         68   llshl.o
        36          0          0          0          0         68   llsshr.o
        32          0          0          0          0         68   llushr.o
        26          0          0          0          0         80   memcmp.o
        64          0          0          0          0         76   memmovea.o
        36          0          0          0          0        108   memseta.o
      2304         96          0          0          0        600   printfa.o
         0          0          0          4          0          0   stdout.o
        44          0          0          0          0         80   uidiv.o
        98          0          0          0          0         92   uldiv.o
        48          0          0          0          0         68   cdrcmple.o
        20          0          0          0          0         68   cfcmple.o
        20          0          0          0          0         68   cfrcmple.o
        56          0          0          0          0         88   d2f.o
       334          0          0          0          0        148   dadd.o
       222          0          0          0          0        100   ddiv.o
       186          0          0          0          0        176   depilogue.o
        62          0          0          0          0         80   dfixi.o
        48          0          0          0          0         68   dfixul.o
        34          0          0          0          0         76   dflti.o
       228          0          0          0          0         96   dmul.o
        46          0          0          0          0         80   dscalb.o
        38          0          0          0          0         68   f2d.o
       176          0          0          0          0        140   fadd.o
       124          0          0          0          0         88   fdiv.o
       110          0          0          0          0        168   fepilogue.o
        50          0          0          0          0         68   ffixi.o
        66          0          0          0          0         76   ffixl.o
        40          0          0          0          0         68   ffixui.o
        18          0          0          0          0         68   fflti.o
        44          0          0          0          0         92   ffltl.o
        10          0          0          0          0         68   ffltui.o
       100          0          0          0          0         76   fmul.o
        60          0          0          0          0         76   frnd.o
        24          0          0          0          0         68   fscalb.o
        94          0          0          0          0         96   fsqrt.o

    ----------------------------------------------------------------------
     16376        632         32          8       1728      48042   Library Totals
         6          0          0          0          0          0   (incl. Padding)

    ----------------------------------------------------------------------

      Code (inc. data)   RO Data    RW Data    ZI Data      Debug   Library Name

      9116        274          0          0       1728      43254   libmpllib.lib
      2130        240         32          0          0        992   m_ws.l
      2866        118          0          8          0       1460   mc_w.l
      2258          0          0          0          0       2336   mf_w.l

    ----------------------------------------------------------------------
     16376        632         32          8       1728      48042   Library Totals

    ----------------------------------------------------------------------

==============================================================================


      Code (inc. data)   RO Data    RW Data    ZI Data      Debug   

     35476       2110       3600        104       4352     630757   Grand Totals
     35476       2110       3600        104       4352     630757   ELF Image Totals
     35476       2110       3600        104          0          0   ROM Totals

==============================================================================

    Total RO  Size (Code + RO Data)                39076 (  38.16kB)
    Total RW  Size (RW Data + ZI Data)              4456 (   4.35kB)
    Total ROM Size (Code + RO Data + RW Data)      39180 (  38.26kB)

==============================================================================

