<html>
<body>
<pre>
<h1>µVision Build Log</h1>
<h2>Tool Versions:</h2>
IDE-Version: ¦ÌVision V5.23.0.0
Copyright (C) 2017 ARM Ltd and ARM Germany GmbH. All rights reserved.
License Information: Lenovo,  , LIC=65ISZ-JG0U5-VEXHA-1U0XQ-MR370-SXXN3
 
Tool Versions:
Toolchain:       MDK-ARM Plus  Version: 5.23
Toolchain Path:  D:\stm32\keil for arm\ARM\ARMCC\Bin
C Compiler:      Armcc.exe V5.06 update 4 (build 422)
Assembler:       Armasm.exe V5.06 update 4 (build 422)
Linker/Locator:  ArmLink.exe V5.06 update 4 (build 422)
Library Manager: ArmAr.exe V5.06 update 4 (build 422)
Hex Converter:   FromElf.exe V5.06 update 4 (build 422)
CPU DLL:         SARMCM3.DLL V5.23
Dialog DLL:      DCM.DLL V1.15.0.0
Target DLL:      STLink\ST-LINKIII-KEIL_SWO.dll V2.0.18.0
Dialog DLL:      TCM.DLL V1.27.0.0
 
<h2>Project:</h2>
D:\kitor\my_template\modules\sensor\attitude_parameter\mpu6050_iic_hardware\MDK-ARM\mpu6050.uvprojx
Project File Date:  07/28/2023

<h2>Output:</h2>
*** Using Compiler 'V5.06 update 4 (build 422)', folder: 'D:\stm32\keil for arm\ARM\ARMCC\Bin'
Rebuild target 'mpu6050'
assembling startup_stm32f103x6.s...
compiling gpio.c...
compiling stm32f1xx_hal_gpio_ex.c...
compiling stm32f1xx_hal_rcc_ex.c...
compiling main.c...
compiling stm32f1xx_it.c...
compiling stm32f1xx_hal_msp.c...
compiling stm32f1xx_hal_gpio.c...
compiling stm32f1xx_hal_rcc.c...
compiling stm32f1xx_hal.c...
compiling i2c.c...
compiling usart.c...
compiling data_builder.c...
compiling eMPL_outputs.c...
compiling stm32f1xx_hal_i2c.c...
compiling stm32f1xx_hal_flash.c...
compiling stm32f1xx_hal_exti.c...
compiling hal_outputs.c...
compiling stm32f1xx_hal_pwr.c...
compiling stm32f1xx_hal_tim_ex.c...
compiling stm32f1xx_hal_flash_ex.c...
compiling stm32f1xx_hal_dma.c...
compiling mpl.c...
compiling mlmath.c...
..\mpu6050\mlmath.c(68): warning:  #1-D: last line of file ends without a newline
  }
..\mpu6050\mlmath.c: 1 warning, 0 errors
compiling message_layer.c...
compiling stm32f1xx_hal_cortex.c...
compiling ml_math_func.c...
compiling start_manager.c...
compiling results_holder.c...
compiling storage_manager.c...
compiling system_stm32f1xx.c...
compiling stm32f1xx_hal_tim.c...
compiling stm32f1xx_hal_uart.c...
compiling log_stm32.c...
compiling inv_mpu.c...
compiling mpu6050.c...
compiling inv_mpu_dmp_motion_driver.c...
linking...
Program Size: Code=35476 RO-data=3600 RW-data=104 ZI-data=4352  
FromELF: creating hex file...
"mpu6050\mpu6050.axf" - 0 Error(s), 1 Warning(s).

<h2>Software Packages used:</h2>

Package Vendor: ARM
                http://www.keil.com/pack/ARM.CMSIS.5.0.1.pack
                ARM::CMSIS:CORE:5.0.1
                CMSIS (Cortex Microcontroller Software Interface Standard)
   * Component: CORE Version: 5.0.1

<h2>Collection of Component include folders:</h2>
  .\RTE\_mpu6050
  D:\stm32\keil for arm\ARM\PACK\ARM\CMSIS\5.0.1\CMSIS\Include
  D:\stm32\keil for arm\ARM\PACK\Keil\STM32F1xx_DFP\2.2.0\Device\Include

<h2>Collection of Component Files used:</h2>

   * Component: ARM::CMSIS:CORE:5.0.1
Build Time Elapsed:  00:00:13
</pre>
</body>
</html>
