Component: ARM Compiler 5.06 update 4 (build 422) Tool: armlink [4d35d2]

==============================================================================

Section Cross References

    startup_stm32f103xb.o(RESET) refers to startup_stm32f103xb.o(STACK) for __initial_sp
    startup_stm32f103xb.o(RESET) refers to startup_stm32f103xb.o(.text) for Reset_Handler
    startup_stm32f103xb.o(RESET) refers to stm32f1xx_it.o(i.NMI_Handler) for NMI_Handler
    startup_stm32f103xb.o(RESET) refers to stm32f1xx_it.o(i.HardFault_Handler) for HardFault_Handler
    startup_stm32f103xb.o(RESET) refers to stm32f1xx_it.o(i.MemManage_Handler) for MemManage_Handler
    startup_stm32f103xb.o(RESET) refers to stm32f1xx_it.o(i.BusFault_Handler) for BusFault_Handler
    startup_stm32f103xb.o(RESET) refers to stm32f1xx_it.o(i.UsageFault_Handler) for UsageFault_Handler
    startup_stm32f103xb.o(RESET) refers to stm32f1xx_it.o(i.SVC_Handler) for SVC_Handler
    startup_stm32f103xb.o(RESET) refers to stm32f1xx_it.o(i.DebugMon_Handler) for DebugMon_Handler
    startup_stm32f103xb.o(RESET) refers to stm32f1xx_it.o(i.PendSV_Handler) for PendSV_Handler
    startup_stm32f103xb.o(RESET) refers to stm32f1xx_it.o(i.SysTick_Handler) for SysTick_Handler
    startup_stm32f103xb.o(.text) refers to system_stm32f1xx.o(i.SystemInit) for SystemInit
    startup_stm32f103xb.o(.text) refers to entry.o(.ARM.Collect$$$$00000000) for __main
    main.o(i.SystemClock_Config) refers to memseta.o(.text) for __aeabi_memclr4
    main.o(i.SystemClock_Config) refers to stm32f1xx_hal_rcc.o(i.HAL_RCC_OscConfig) for HAL_RCC_OscConfig
    main.o(i.SystemClock_Config) refers to stm32f1xx_hal_rcc.o(i.HAL_RCC_ClockConfig) for HAL_RCC_ClockConfig
    main.o(i.main) refers to stm32f1xx_hal.o(i.HAL_Init) for HAL_Init
    main.o(i.main) refers to main.o(i.SystemClock_Config) for SystemClock_Config
    main.o(i.main) refers to gpio.o(i.MX_GPIO_Init) for MX_GPIO_Init
    main.o(i.main) refers to usart.o(i.MX_USART1_UART_Init) for MX_USART1_UART_Init
    main.o(i.main) refers to atk_ms6050.o(i.my_mpu6050_init) for my_mpu6050_init
    main.o(i.main) refers to inv_mpu.o(i.atk_ms6050_dmp_get_data) for atk_ms6050_dmp_get_data
    main.o(i.main) refers to atk_ms6050.o(i.atk_ms6050_get_accelerometer) for atk_ms6050_get_accelerometer
    main.o(i.main) refers to atk_ms6050.o(i.atk_ms6050_get_gyroscope) for atk_ms6050_get_gyroscope
    main.o(i.main) refers to atk_ms6050.o(i.atk_ms6050_get_temperature) for atk_ms6050_get_temperature
    main.o(i.main) refers to f2d.o(.text) for __aeabi_f2d
    main.o(i.main) refers to printfa.o(i.__0printf) for __2printf
    main.o(i.main) refers to main.o(.data) for .data
    usart.o(i.HAL_UART_MspDeInit) refers to stm32f1xx_hal_gpio.o(i.HAL_GPIO_DeInit) for HAL_GPIO_DeInit
    usart.o(i.HAL_UART_MspInit) refers to stm32f1xx_hal_gpio.o(i.HAL_GPIO_Init) for HAL_GPIO_Init
    usart.o(i.MX_USART1_UART_Init) refers to stm32f1xx_hal_uart.o(i.HAL_UART_Init) for HAL_UART_Init
    usart.o(i.MX_USART1_UART_Init) refers to main.o(i.Error_Handler) for Error_Handler
    usart.o(i.MX_USART1_UART_Init) refers to usart.o(.bss) for .bss
    stm32f1xx_it.o(i.SysTick_Handler) refers to stm32f1xx_hal.o(i.HAL_IncTick) for HAL_IncTick
    stm32f1xx_hal_uart.o(i.HAL_HalfDuplex_Init) refers to usart.o(i.HAL_UART_MspInit) for HAL_UART_MspInit
    stm32f1xx_hal_uart.o(i.HAL_HalfDuplex_Init) refers to stm32f1xx_hal_uart.o(i.UART_SetConfig) for UART_SetConfig
    stm32f1xx_hal_uart.o(i.HAL_LIN_Init) refers to usart.o(i.HAL_UART_MspInit) for HAL_UART_MspInit
    stm32f1xx_hal_uart.o(i.HAL_LIN_Init) refers to stm32f1xx_hal_uart.o(i.UART_SetConfig) for UART_SetConfig
    stm32f1xx_hal_uart.o(i.HAL_MultiProcessor_Init) refers to usart.o(i.HAL_UART_MspInit) for HAL_UART_MspInit
    stm32f1xx_hal_uart.o(i.HAL_MultiProcessor_Init) refers to stm32f1xx_hal_uart.o(i.UART_SetConfig) for UART_SetConfig
    stm32f1xx_hal_uart.o(i.HAL_UARTEx_ReceiveToIdle) refers to stm32f1xx_hal.o(i.HAL_GetTick) for HAL_GetTick
    stm32f1xx_hal_uart.o(i.HAL_UARTEx_ReceiveToIdle_DMA) refers to stm32f1xx_hal_uart.o(i.UART_Start_Receive_DMA) for UART_Start_Receive_DMA
    stm32f1xx_hal_uart.o(i.HAL_UARTEx_ReceiveToIdle_IT) refers to stm32f1xx_hal_uart.o(i.UART_Start_Receive_IT) for UART_Start_Receive_IT
    stm32f1xx_hal_uart.o(i.HAL_UART_Abort) refers to stm32f1xx_hal_dma.o(i.HAL_DMA_Abort) for HAL_DMA_Abort
    stm32f1xx_hal_uart.o(i.HAL_UART_Abort) refers to stm32f1xx_hal_dma.o(i.HAL_DMA_GetError) for HAL_DMA_GetError
    stm32f1xx_hal_uart.o(i.HAL_UART_AbortReceive) refers to stm32f1xx_hal_dma.o(i.HAL_DMA_Abort) for HAL_DMA_Abort
    stm32f1xx_hal_uart.o(i.HAL_UART_AbortReceive) refers to stm32f1xx_hal_dma.o(i.HAL_DMA_GetError) for HAL_DMA_GetError
    stm32f1xx_hal_uart.o(i.HAL_UART_AbortReceive_IT) refers to stm32f1xx_hal_dma.o(i.HAL_DMA_Abort_IT) for HAL_DMA_Abort_IT
[...]
    Removing inv_mpu.o(i.mpu_set_int_level), (16 bytes).
    Removing inv_mpu_dmp_motion_driver.o(.rev16_text), (4 bytes).
    Removing inv_mpu_dmp_motion_driver.o(.revsh_text), (4 bytes).
    Removing inv_mpu_dmp_motion_driver.o(.rrx_text), (6 bytes).
    Removing inv_mpu_dmp_motion_driver.o(i.dmp_get_enabled_features), (16 bytes).
    Removing inv_mpu_dmp_motion_driver.o(i.dmp_get_fifo_rate), (16 bytes).
    Removing inv_mpu_dmp_motion_driver.o(i.dmp_get_pedometer_step_count), (48 bytes).
    Removing inv_mpu_dmp_motion_driver.o(i.dmp_get_pedometer_walk_time), (54 bytes).
    Removing inv_mpu_dmp_motion_driver.o(i.dmp_register_android_orient_cb), (12 bytes).
    Removing inv_mpu_dmp_motion_driver.o(i.dmp_register_tap_cb), (12 bytes).
    Removing inv_mpu_dmp_motion_driver.o(i.dmp_set_interrupt_mode), (84 bytes).
    Removing inv_mpu_dmp_motion_driver.o(i.dmp_set_pedometer_step_count), (38 bytes).
    Removing inv_mpu_dmp_motion_driver.o(i.dmp_set_pedometer_walk_time), (44 bytes).
    Removing cdcmple.o(.text), (48 bytes).

283 unused section(s) (total 14450 bytes) removed from the image.

==============================================================================

Image Symbol Table

    Local Symbols

    Symbol Name                              Value     Ov Type        Size  Object(Section)

    ../Core/Src/gpio.c                       0x00000000   Number         0  gpio.o ABSOLUTE
    ../Core/Src/main.c                       0x00000000   Number         0  main.o ABSOLUTE
    ../Core/Src/stm32f1xx_hal_msp.c          0x00000000   Number         0  stm32f1xx_hal_msp.o ABSOLUTE
    ../Core/Src/stm32f1xx_it.c               0x00000000   Number         0  stm32f1xx_it.o ABSOLUTE
    ../Core/Src/system_stm32f1xx.c           0x00000000   Number         0  system_stm32f1xx.o ABSOLUTE
    ../Core/Src/usart.c                      0x00000000   Number         0  usart.o ABSOLUTE
    ../Drivers/STM32F1xx_HAL_Driver/Src/stm32f1xx_hal.c 0x00000000   Number         0  stm32f1xx_hal.o ABSOLUTE
    ../Drivers/STM32F1xx_HAL_Driver/Src/stm32f1xx_hal_cortex.c 0x00000000   Number         0  stm32f1xx_hal_cortex.o ABSOLUTE
    ../Drivers/STM32F1xx_HAL_Driver/Src/stm32f1xx_hal_dma.c 0x00000000   Number         0  stm32f1xx_hal_dma.o ABSOLUTE
    ../Drivers/STM32F1xx_HAL_Driver/Src/stm32f1xx_hal_exti.c 0x00000000   Number         0  stm32f1xx_hal_exti.o ABSOLUTE
    ../Drivers/STM32F1xx_HAL_Driver/Src/stm32f1xx_hal_flash.c 0x00000000   Number         0  stm32f1xx_hal_flash.o ABSOLUTE
    ../Drivers/STM32F1xx_HAL_Driver/Src/stm32f1xx_hal_flash_ex.c 0x00000000   Number         0  stm32f1xx_hal_flash_ex.o ABSOLUTE
    ../Drivers/STM32F1xx_HAL_Driver/Src/stm32f1xx_hal_gpio.c 0x00000000   Number         0  stm32f1xx_hal_gpio.o ABSOLUTE
    ../Drivers/STM32F1xx_HAL_Driver/Src/stm32f1xx_hal_gpio_ex.c 0x00000000   Number         0  stm32f1xx_hal_gpio_ex.o ABSOLUTE
    ../Drivers/STM32F1xx_HAL_Driver/Src/stm32f1xx_hal_pwr.c 0x00000000   Number         0  stm32f1xx_hal_pwr.o ABSOLUTE
    ../Drivers/STM32F1xx_HAL_Driver/Src/stm32f1xx_hal_rcc.c 0x00000000   Number         0  stm32f1xx_hal_rcc.o ABSOLUTE
    ../Drivers/STM32F1xx_HAL_Driver/Src/stm32f1xx_hal_rcc_ex.c 0x00000000   Number         0  stm32f1xx_hal_rcc_ex.o ABSOLUTE
    ../Drivers/STM32F1xx_HAL_Driver/Src/stm32f1xx_hal_tim.c 0x00000000   Number         0  stm32f1xx_hal_tim.o ABSOLUTE
    ../Drivers/STM32F1xx_HAL_Driver/Src/stm32f1xx_hal_tim_ex.c 0x00000000   Number         0  stm32f1xx_hal_tim_ex.o ABSOLUTE
    ../Drivers/STM32F1xx_HAL_Driver/Src/stm32f1xx_hal_uart.c 0x00000000   Number         0  stm32f1xx_hal_uart.o ABSOLUTE
    ../clib/microlib/division.c              0x00000000   Number         0  ldiv.o ABSOLUTE
    ../clib/microlib/division.c              0x00000000   Number         0  uldiv.o ABSOLUTE
    ../clib/microlib/division.c              0x00000000   Number         0  uidiv.o ABSOLUTE
    ../clib/microlib/errno.c                 0x00000000   Number         0  errno.o ABSOLUTE
    ../clib/microlib/init/entry.s            0x00000000   Number         0  entry8a.o ABSOLUTE
    ../clib/microlib/init/entry.s            0x00000000   Number         0  entry11a.o ABSOLUTE
    ../clib/microlib/init/entry.s            0x00000000   Number         0  entry10a.o ABSOLUTE
    ../clib/microlib/init/entry.s            0x00000000   Number         0  entry9b.o ABSOLUTE
    ../clib/microlib/init/entry.s            0x00000000   Number         0  entry11b.o ABSOLUTE
    ../clib/microlib/init/entry.s            0x00000000   Number         0  entry.o ABSOLUTE
    ../clib/microlib/init/entry.s            0x00000000   Number         0  entry8b.o ABSOLUTE
    ../clib/microlib/init/entry.s            0x00000000   Number         0  entry2.o ABSOLUTE
    ../clib/microlib/init/entry.s            0x00000000   Number         0  entry10b.o ABSOLUTE
    ../clib/microlib/init/entry.s            0x00000000   Number         0  entry5.o ABSOLUTE
    ../clib/microlib/init/entry.s            0x00000000   Number         0  entry7a.o ABSOLUTE
    ../clib/microlib/init/entry.s            0x00000000   Number         0  entry7b.o ABSOLUTE
    ../clib/microlib/init/entry.s            0x00000000   Number         0  entry9a.o ABSOLUTE
    ../clib/microlib/longlong.c              0x00000000   Number         0  llsshr.o ABSOLUTE
    ../clib/microlib/longlong.c              0x00000000   Number         0  llshl.o ABSOLUTE
    ../clib/microlib/longlong.c              0x00000000   Number         0  llushr.o ABSOLUTE
    ../clib/microlib/printf/printf.c         0x00000000   Number         0  printf1.o ABSOLUTE
    ../clib/microlib/printf/printf.c         0x00000000   Number         0  printf2.o ABSOLUTE
    ../clib/microlib/printf/printf.c         0x00000000   Number         0  printfa.o ABSOLUTE
    ../clib/microlib/printf/printf.c         0x00000000   Number         0  printf3.o ABSOLUTE
    ../clib/microlib/printf/printf.c         0x00000000   Number         0  printf5.o ABSOLUTE
    ../clib/microlib/printf/printf.c         0x00000000   Number         0  printf6.o ABSOLUTE
    ../clib/microlib/printf/printf.c         0x00000000   Number         0  printf4.o ABSOLUTE
    ../clib/microlib/printf/printf.c         0x00000000   Number         0  printfb.o ABSOLUTE
    ../clib/microlib/printf/printf.c         0x00000000   Number         0  printf0.o ABSOLUTE
    ../clib/microlib/printf/printf.c         0x00000000   Number         0  printf7.o ABSOLUTE
    ../clib/microlib/printf/printf.c         0x00000000   Number         0  printf8.o ABSOLUTE
    ../clib/microlib/printf/stubs.s          0x00000000   Number         0  stubs.o ABSOLUTE
    ../clib/microlib/stdio/streams.c         0x00000000   Number         0  stdout.o ABSOLUTE
    ../clib/microlib/string/memcmp.c         0x00000000   Number         0  memcmp.o ABSOLUTE
    ../clib/microlib/string/memset.c         0x00000000   Number         0  memseta.o ABSOLUTE
    ../clib/microlib/stubs.s                 0x00000000   Number         0  iusefp.o ABSOLUTE
    ../fplib/microlib/d2f.c                  0x00000000   Number         0  d2f.o ABSOLUTE
    ../fplib/microlib/f2d.c                  0x00000000   Number         0  f2d.o ABSOLUTE
    ../fplib/microlib/fpadd.c                0x00000000   Number         0  fadd.o ABSOLUTE
    ../fplib/microlib/fpadd.c                0x00000000   Number         0  dadd.o ABSOLUTE
    ../fplib/microlib/fpdiv.c                0x00000000   Number         0  fdiv.o ABSOLUTE
    ../fplib/microlib/fpdiv.c                0x00000000   Number         0  ddiv.o ABSOLUTE
    ../fplib/microlib/fpepilogue.c           0x00000000   Number         0  fepilogue.o ABSOLUTE
    ../fplib/microlib/fpepilogue.c           0x00000000   Number         0  depilogue.o ABSOLUTE
    ../fplib/microlib/fpfix.c                0x00000000   Number         0  ffixi.o ABSOLUTE
    ../fplib/microlib/fpfix.c                0x00000000   Number         0  ffixui.o ABSOLUTE
    ../fplib/microlib/fpfix.c                0x00000000   Number         0  dfixul.o ABSOLUTE
    ../fplib/microlib/fpflt.c                0x00000000   Number         0  fflti.o ABSOLUTE
    ../fplib/microlib/fpflt.c                0x00000000   Number         0  ffltui.o ABSOLUTE
    ../fplib/microlib/fpmul.c                0x00000000   Number         0  fmul.o ABSOLUTE
    ../fplib/microlib/fpmul.c                0x00000000   Number         0  dmul.o ABSOLUTE
    ../fplib/microlib/fpscalb.c              0x00000000   Number         0  fscalb.o ABSOLUTE
    ../fplib/microlib/fpscalb.c              0x00000000   Number         0  dscalb.o ABSOLUTE
    ../fplib/microlib/fpsqrt.c               0x00000000   Number         0  dsqrt.o ABSOLUTE
    ../mathlib/asin.c                        0x00000000   Number         0  asin.o ABSOLUTE
    ../mathlib/asin.c                        0x00000000   Number         0  asin_x.o ABSOLUTE
    ../mathlib/atan.c                        0x00000000   Number         0  atan.o ABSOLUTE
    ../mathlib/atan.c                        0x00000000   Number         0  atan_x.o ABSOLUTE
    ../mathlib/atan2.c                       0x00000000   Number         0  atan2.o ABSOLUTE
    ../mathlib/atan2.c                       0x00000000   Number         0  atan2_x.o ABSOLUTE
    ../mathlib/dunder.c                      0x00000000   Number         0  dunder.o ABSOLUTE
    ../mathlib/fpclassify.c                  0x00000000   Number         0  fpclassify.o ABSOLUTE
    ../mathlib/poly.c                        0x00000000   Number         0  poly.o ABSOLUTE
    ../mathlib/qnan.c                        0x00000000   Number         0  qnan.o ABSOLUTE
    ../mathlib/sqrt.c                        0x00000000   Number         0  sqrt.o ABSOLUTE
    ../mathlib/sqrt.c                        0x00000000   Number         0  sqrt_x.o ABSOLUTE
    ..\Core\Src\gpio.c                       0x00000000   Number         0  gpio.o ABSOLUTE
    ..\Core\Src\main.c                       0x00000000   Number         0  main.o ABSOLUTE
    ..\Core\Src\stm32f1xx_hal_msp.c          0x00000000   Number         0  stm32f1xx_hal_msp.o ABSOLUTE
    ..\Core\Src\stm32f1xx_it.c               0x00000000   Number         0  stm32f1xx_it.o ABSOLUTE
    ..\Core\Src\system_stm32f1xx.c           0x00000000   Number         0  system_stm32f1xx.o ABSOLUTE
    ..\Core\Src\usart.c                      0x00000000   Number         0  usart.o ABSOLUTE
    ..\Drivers\STM32F1xx_HAL_Driver\Src\stm32f1xx_hal.c 0x00000000   Number         0  stm32f1xx_hal.o ABSOLUTE
    ..\Drivers\STM32F1xx_HAL_Driver\Src\stm32f1xx_hal_cortex.c 0x00000000   Number         0  stm32f1xx_hal_cortex.o ABSOLUTE
    ..\Drivers\STM32F1xx_HAL_Driver\Src\stm32f1xx_hal_dma.c 0x00000000   Number         0  stm32f1xx_hal_dma.o ABSOLUTE
    ..\Drivers\STM32F1xx_HAL_Driver\Src\stm32f1xx_hal_exti.c 0x00000000   Number         0  stm32f1xx_hal_exti.o ABSOLUTE
    ..\Drivers\STM32F1xx_HAL_Driver\Src\stm32f1xx_hal_flash.c 0x00000000   Number         0  stm32f1xx_hal_flash.o ABSOLUTE
    ..\Drivers\STM32F1xx_HAL_Driver\Src\stm32f1xx_hal_flash_ex.c 0x00000000   Number         0  stm32f1xx_hal_flash_ex.o ABSOLUTE
    ..\Drivers\STM32F1xx_HAL_Driver\Src\stm32f1xx_hal_gpio.c 0x00000000   Number         0  stm32f1xx_hal_gpio.o ABSOLUTE
    ..\Drivers\STM32F1xx_HAL_Driver\Src\stm32f1xx_hal_gpio_ex.c 0x00000000   Number         0  stm32f1xx_hal_gpio_ex.o ABSOLUTE
    ..\Drivers\STM32F1xx_HAL_Driver\Src\stm32f1xx_hal_pwr.c 0x00000000   Number         0  stm32f1xx_hal_pwr.o ABSOLUTE
    ..\Drivers\STM32F1xx_HAL_Driver\Src\stm32f1xx_hal_rcc.c 0x00000000   Number         0  stm32f1xx_hal_rcc.o ABSOLUTE
    ..\Drivers\STM32F1xx_HAL_Driver\Src\stm32f1xx_hal_rcc_ex.c 0x00000000   Number         0  stm32f1xx_hal_rcc_ex.o ABSOLUTE
    ..\Drivers\STM32F1xx_HAL_Driver\Src\stm32f1xx_hal_tim.c 0x00000000   Number         0  stm32f1xx_hal_tim.o ABSOLUTE
    ..\Drivers\STM32F1xx_HAL_Driver\Src\stm32f1xx_hal_tim_ex.c 0x00000000   Number         0  stm32f1xx_hal_tim_ex.o ABSOLUTE
    ..\Drivers\STM32F1xx_HAL_Driver\Src\stm32f1xx_hal_uart.c 0x00000000   Number         0  stm32f1xx_hal_uart.o ABSOLUTE
    ..\\mpu6050\\atk_ms6050.c                0x00000000   Number         0  atk_ms6050.o ABSOLUTE
    ..\\mpu6050\\atk_ms6050_iic.c            0x00000000   Number         0  atk_ms6050_iic.o ABSOLUTE
    ..\\mpu6050\\delay.c                     0x00000000   Number         0  delay.o ABSOLUTE
    ..\\mpu6050\\inv_mpu.c                   0x00000000   Number         0  inv_mpu.o ABSOLUTE
    ..\\mpu6050\\inv_mpu_dmp_motion_driver.c 0x00000000   Number         0  inv_mpu_dmp_motion_driver.o ABSOLUTE
    ..\mpu6050\atk_ms6050.c                  0x00000000   Number         0  atk_ms6050.o ABSOLUTE
    ..\mpu6050\atk_ms6050_iic.c              0x00000000   Number         0  atk_ms6050_iic.o ABSOLUTE
    ..\mpu6050\delay.c                       0x00000000   Number         0  delay.o ABSOLUTE
    ..\mpu6050\inv_mpu.c                     0x00000000   Number         0  inv_mpu.o ABSOLUTE
    ..\mpu6050\inv_mpu_dmp_motion_driver.c   0x00000000   Number         0  inv_mpu_dmp_motion_driver.o ABSOLUTE
    cdcmple.s                                0x00000000   Number         0  cdcmple.o ABSOLUTE
    cdrcmple.s                               0x00000000   Number         0  cdrcmple.o ABSOLUTE
    dc.s                                     0x00000000   Number         0  dc.o ABSOLUTE
    handlers.s                               0x00000000   Number         0  handlers.o ABSOLUTE
    init.s                                   0x00000000   Number         0  init.o ABSOLUTE
    startup_stm32f103xb.s                    0x00000000   Number         0  startup_stm32f103xb.o ABSOLUTE
    RESET                                    0x08000000   Section      236  startup_stm32f103xb.o(RESET)
    .ARM.Collect$$$$00000000                 0x080000ec   Section        0  entry.o(.ARM.Collect$$$$00000000)
    .ARM.Collect$$$$00000001                 0x080000ec   Section        4  entry2.o(.ARM.Collect$$$$00000001)
    .ARM.Collect$$$$00000004                 0x080000f0   Section        4  entry5.o(.ARM.Collect$$$$00000004)
    .ARM.Collect$$$$00000008                 0x080000f4   Section        0  entry7b.o(.ARM.Collect$$$$00000008)
    .ARM.Collect$$$$0000000A                 0x080000f4   Section        0  entry8b.o(.ARM.Collect$$$$0000000A)
    .ARM.Collect$$$$0000000B                 0x080000f4   Section        8  entry9a.o(.ARM.Collect$$$$0000000B)
    .ARM.Collect$$$$0000000D                 0x080000fc   Section        0  entry10a.o(.ARM.Collect$$$$0000000D)
    .ARM.Collect$$$$0000000F                 0x080000fc   Section        0  entry11a.o(.ARM.Collect$$$$0000000F)
    .ARM.Collect$$$$00002712                 0x080000fc   Section        4  entry2.o(.ARM.Collect$$$$00002712)
    __lit__00000000                          0x080000fc   Data           4  entry2.o(.ARM.Collect$$$$00002712)
    .text                                    0x08000100   Section       36  startup_stm32f103xb.o(.text)
    .text                                    0x08000124   Section        0  ldiv.o(.text)
    .text                                    0x08000186   Section        0  llushr.o(.text)
    .text                                    0x080001a6   Section        0  memseta.o(.text)
    .text                                    0x080001ca   Section        0  memcmp.o(.text)
    .text                                    0x080001e4   Section        0  fadd.o(.text)
    .text                                    0x08000294   Section        0  fmul.o(.text)
    .text                                    0x080002f8   Section        0  fdiv.o(.text)
    .text                                    0x08000374   Section        0  fscalb.o(.text)
    .text                                    0x0800038c   Section        0  dmul.o(.text)
    .text                                    0x08000470   Section        0  fflti.o(.text)
    .text                                    0x08000482   Section        0  ffltui.o(.text)
    .text                                    0x0800048c   Section        0  ffixi.o(.text)
    .text                                    0x080004be   Section        0  ffixui.o(.text)
    .text                                    0x080004e6   Section        0  f2d.o(.text)
    .text                                    0x0800050c   Section        0  d2f.o(.text)
    .text                                    0x08000544   Section        0  uidiv.o(.text)
    .text                                    0x08000570   Section        0  uldiv.o(.text)
    .text                                    0x080005d2   Section        0  fepilogue.o(.text)
    .text                                    0x080005d2   Section        0  iusefp.o(.text)
    .text                                    0x08000640   Section        0  depilogue.o(.text)
    .text                                    0x080006fa   Section        0  dadd.o(.text)
    .text                                    0x08000848   Section        0  ddiv.o(.text)
    .text                                    0x08000926   Section        0  dscalb.o(.text)
    .text                                    0x08000954   Section        0  dfixul.o(.text)
    .text                                    0x08000984   Section       48  cdrcmple.o(.text)
    .text                                    0x080009b4   Section       36  init.o(.text)
    .text                                    0x080009d8   Section        0  llshl.o(.text)
    .text                                    0x080009f6   Section        0  llsshr.o(.text)
    .text                                    0x08000a1a   Section        0  dsqrt.o(.text)
    i.BusFault_Handler                       0x08000abc   Section        0  stm32f1xx_it.o(i.BusFault_Handler)
    i.DebugMon_Handler                       0x08000abe   Section        0  stm32f1xx_it.o(i.DebugMon_Handler)
    i.Error_Handler                          0x08000ac0   Section        0  main.o(i.Error_Handler)
    i.HAL_GPIO_Init                          0x08000ac4   Section        0  stm32f1xx_hal_gpio.o(i.HAL_GPIO_Init)
    i.HAL_GPIO_ReadPin                       0x08000ca4   Section        0  stm32f1xx_hal_gpio.o(i.HAL_GPIO_ReadPin)
    i.HAL_GPIO_WritePin                      0x08000cae   Section        0  stm32f1xx_hal_gpio.o(i.HAL_GPIO_WritePin)
    i.HAL_GetTick                            0x08000cb8   Section        0  stm32f1xx_hal.o(i.HAL_GetTick)
    i.HAL_IncTick                            0x08000cc4   Section        0  stm32f1xx_hal.o(i.HAL_IncTick)
    i.HAL_Init                               0x08000cd4   Section        0  stm32f1xx_hal.o(i.HAL_Init)
    i.HAL_InitTick                           0x08000cf8   Section        0  stm32f1xx_hal.o(i.HAL_InitTick)
    i.HAL_MspInit                            0x08000d38   Section        0  stm32f1xx_hal_msp.o(i.HAL_MspInit)
    i.HAL_NVIC_SetPriority                   0x08000d74   Section        0  stm32f1xx_hal_cortex.o(i.HAL_NVIC_SetPriority)
    i.HAL_NVIC_SetPriorityGrouping           0x08000db4   Section        0  stm32f1xx_hal_cortex.o(i.HAL_NVIC_SetPriorityGrouping)
    i.HAL_RCC_ClockConfig                    0x08000dd8   Section        0  stm32f1xx_hal_rcc.o(i.HAL_RCC_ClockConfig)
    i.HAL_RCC_GetPCLK1Freq                   0x08000f04   Section        0  stm32f1xx_hal_rcc.o(i.HAL_RCC_GetPCLK1Freq)
    i.HAL_RCC_GetPCLK2Freq                   0x08000f24   Section        0  stm32f1xx_hal_rcc.o(i.HAL_RCC_GetPCLK2Freq)
    i.HAL_RCC_GetSysClockFreq                0x08000f44   Section        0  stm32f1xx_hal_rcc.o(i.HAL_RCC_GetSysClockFreq)
    i.HAL_RCC_OscConfig                      0x08000f90   Section        0  stm32f1xx_hal_rcc.o(i.HAL_RCC_OscConfig)
    i.HAL_SYSTICK_CLKSourceConfig            0x080012b0   Section        0  stm32f1xx_hal_cortex.o(i.HAL_SYSTICK_CLKSourceConfig)
    i.HAL_SYSTICK_Config                     0x080012c8   Section        0  stm32f1xx_hal_cortex.o(i.HAL_SYSTICK_Config)
    i.HAL_UART_Init                          0x080012f0   Section        0  stm32f1xx_hal_uart.o(i.HAL_UART_Init)
    i.HAL_UART_MspInit                       0x08001354   Section        0  usart.o(i.HAL_UART_MspInit)
    i.HardFault_Handler                      0x080013c4   Section        0  stm32f1xx_it.o(i.HardFault_Handler)
    i.MX_GPIO_Init                           0x080013c8   Section        0  gpio.o(i.MX_GPIO_Init)
    i.MX_USART1_UART_Init                    0x080013f4   Section        0  usart.o(i.MX_USART1_UART_Init)
    i.MemManage_Handler                      0x0800142c   Section        0  stm32f1xx_it.o(i.MemManage_Handler)
    i.NMI_Handler                            0x0800142e   Section        0  stm32f1xx_it.o(i.NMI_Handler)
    i.PendSV_Handler                         0x08001430   Section        0  stm32f1xx_it.o(i.PendSV_Handler)
    i.SVC_Handler                            0x08001432   Section        0  stm32f1xx_it.o(i.SVC_Handler)
    i.SysTick_Handler                        0x08001434   Section        0  stm32f1xx_it.o(i.SysTick_Handler)
    i.SystemClock_Config                     0x08001438   Section        0  main.o(i.SystemClock_Config)
    i.SystemInit                             0x08001496   Section        0  system_stm32f1xx.o(i.SystemInit)
    i.UART_SetConfig                         0x08001498   Section        0  stm32f1xx_hal_uart.o(i.UART_SetConfig)
    UART_SetConfig                           0x08001499   Thumb Code   178  stm32f1xx_hal_uart.o(i.UART_SetConfig)
    i.UsageFault_Handler                     0x08001550   Section        0  stm32f1xx_it.o(i.UsageFault_Handler)
    i.__0printf                              0x08001554   Section        0  printfa.o(i.__0printf)
    i.__ARM_fpclassify                       0x08001574   Section        0  fpclassify.o(i.__ARM_fpclassify)
    i.__NVIC_SetPriority                     0x0800159c   Section        0  stm32f1xx_hal_cortex.o(i.__NVIC_SetPriority)
    __NVIC_SetPriority                       0x0800159d   Thumb Code    32  stm32f1xx_hal_cortex.o(i.__NVIC_SetPriority)
    i.__kernel_poly                          0x080015bc   Section        0  poly.o(i.__kernel_poly)
    i.__mathlib_dbl_infnan                   0x08001666   Section        0  dunder.o(i.__mathlib_dbl_infnan)
    i.__mathlib_dbl_infnan2                  0x0800166c   Section        0  dunder.o(i.__mathlib_dbl_infnan2)
    i.__mathlib_dbl_invalid                  0x08001670   Section        0  dunder.o(i.__mathlib_dbl_invalid)
    i.__mathlib_dbl_underflow                0x0800167c   Section        0  dunder.o(i.__mathlib_dbl_underflow)
    i.__scatterload_copy                     0x0800168c   Section       14  handlers.o(i.__scatterload_copy)
    i.__scatterload_null                     0x0800169a   Section        2  handlers.o(i.__scatterload_null)
    i.__scatterload_zeroinit                 0x0800169c   Section       14  handlers.o(i.__scatterload_zeroinit)
    i.__set_errno                            0x080016ac   Section        0  errno.o(i.__set_errno)
    i._fp_digits                             0x080016b8   Section        0  printfa.o(i._fp_digits)
    _fp_digits                               0x080016b9   Thumb Code   366  printfa.o(i._fp_digits)
    i._printf_core                           0x0800183c   Section        0  printfa.o(i._printf_core)
    _printf_core                             0x0800183d   Thumb Code  1744  printfa.o(i._printf_core)
    i._printf_post_padding                   0x08001f18   Section        0  printfa.o(i._printf_post_padding)
    _printf_post_padding                     0x08001f19   Thumb Code    36  printfa.o(i._printf_post_padding)
    i._printf_pre_padding                    0x08001f3c   Section        0  printfa.o(i._printf_pre_padding)
    _printf_pre_padding                      0x08001f3d   Thumb Code    46  printfa.o(i._printf_pre_padding)
    i.accel_self_test                        0x08001f6c   Section        0  inv_mpu.o(i.accel_self_test)
    accel_self_test                          0x08001f6d   Thumb Code   114  inv_mpu.o(i.accel_self_test)
    i.asin                                   0x08001fec   Section        0  asin.o(i.asin)
    i.atan                                   0x0800225c   Section        0  atan.o(i.atan)
    i.atan2                                  0x0800247c   Section        0  atan2.o(i.atan2)
    i.atk_ms6050_dmp_get_data                0x080025fc   Section        0  inv_mpu.o(i.atk_ms6050_dmp_get_data)
    i.atk_ms6050_dmp_init                    0x08002798   Section        0  inv_mpu.o(i.atk_ms6050_dmp_init)
    i.atk_ms6050_get_accelerometer           0x08002814   Section        0  atk_ms6050.o(i.atk_ms6050_get_accelerometer)
    i.atk_ms6050_get_clock_ms                0x08002846   Section        0  inv_mpu.o(i.atk_ms6050_get_clock_ms)
    i.atk_ms6050_get_gyroscope               0x0800285a   Section        0  atk_ms6050.o(i.atk_ms6050_get_gyroscope)
    i.atk_ms6050_get_temperature             0x0800288c   Section        0  atk_ms6050.o(i.atk_ms6050_get_temperature)
    i.atk_ms6050_iic_ack                     0x080028d4   Section        0  atk_ms6050_iic.o(i.atk_ms6050_iic_ack)
    i.atk_ms6050_iic_init                    0x08002920   Section        0  atk_ms6050_iic.o(i.atk_ms6050_iic_init)
    i.atk_ms6050_iic_nack                    0x08002980   Section        0  atk_ms6050_iic.o(i.atk_ms6050_iic_nack)
    i.atk_ms6050_iic_read_byte               0x080029bc   Section        0  atk_ms6050_iic.o(i.atk_ms6050_iic_read_byte)
    i.atk_ms6050_iic_send_byte               0x08002a18   Section        0  atk_ms6050_iic.o(i.atk_ms6050_iic_send_byte)
    i.atk_ms6050_iic_start                   0x08002a70   Section        0  atk_ms6050_iic.o(i.atk_ms6050_iic_start)
    i.atk_ms6050_iic_stop                    0x08002ab8   Section        0  atk_ms6050_iic.o(i.atk_ms6050_iic_stop)
    i.atk_ms6050_iic_wait_ack                0x08002af4   Section        0  atk_ms6050_iic.o(i.atk_ms6050_iic_wait_ack)
    i.atk_ms6050_init                        0x08002b54   Section        0  atk_ms6050.o(i.atk_ms6050_init)
    i.atk_ms6050_read                        0x08002bcc   Section        0  atk_ms6050.o(i.atk_ms6050_read)
    i.atk_ms6050_read_byte                   0x08002c3e   Section        0  atk_ms6050.o(i.atk_ms6050_read_byte)
    i.atk_ms6050_run_self_test               0x08002c46   Section        0  inv_mpu.o(i.atk_ms6050_run_self_test)
    i.atk_ms6050_set_accel_fsr               0x08002cc6   Section        0  atk_ms6050.o(i.atk_ms6050_set_accel_fsr)
    i.atk_ms6050_set_gyro_fsr                0x08002cd2   Section        0  atk_ms6050.o(i.atk_ms6050_set_gyro_fsr)
    i.atk_ms6050_set_lpf                     0x08002cde   Section        0  atk_ms6050.o(i.atk_ms6050_set_lpf)
    i.atk_ms6050_set_rate                    0x08002d10   Section        0  atk_ms6050.o(i.atk_ms6050_set_rate)
    i.atk_ms6050_sw_reset                    0x08002d46   Section        0  atk_ms6050.o(i.atk_ms6050_sw_reset)
    i.atk_ms6050_write                       0x08002d66   Section        0  atk_ms6050.o(i.atk_ms6050_write)
    i.atk_ms6050_write_byte                  0x08002dc0   Section        0  atk_ms6050.o(i.atk_ms6050_write_byte)
    i.delay_init                             0x08002dcc   Section        0  delay.o(i.delay_init)
    i.delay_ms                               0x08002de8   Section        0  delay.o(i.delay_ms)
    i.delay_us                               0x08002e24   Section        0  delay.o(i.delay_us)
    i.dmp_enable_6x_lp_quat                  0x08002e58   Section        0  inv_mpu_dmp_motion_driver.o(i.dmp_enable_6x_lp_quat)
    i.dmp_enable_feature                     0x08002e94   Section        0  inv_mpu_dmp_motion_driver.o(i.dmp_enable_feature)
    i.dmp_enable_gyro_cal                    0x0800306c   Section        0  inv_mpu_dmp_motion_driver.o(i.dmp_enable_gyro_cal)
    i.dmp_enable_lp_quat                     0x080030a8   Section        0  inv_mpu_dmp_motion_driver.o(i.dmp_enable_lp_quat)
    i.dmp_load_motion_driver_firmware        0x080030e4   Section        0  inv_mpu_dmp_motion_driver.o(i.dmp_load_motion_driver_firmware)
    i.dmp_read_fifo                          0x080030f8   Section        0  inv_mpu_dmp_motion_driver.o(i.dmp_read_fifo)
    i.dmp_set_accel_bias                     0x0800323c   Section        0  inv_mpu_dmp_motion_driver.o(i.dmp_set_accel_bias)
    i.dmp_set_fifo_rate                      0x08003314   Section        0  inv_mpu_dmp_motion_driver.o(i.dmp_set_fifo_rate)
    i.dmp_set_gyro_bias                      0x08003378   Section        0  inv_mpu_dmp_motion_driver.o(i.dmp_set_gyro_bias)
    i.dmp_set_orientation                    0x08003444   Section        0  inv_mpu_dmp_motion_driver.o(i.dmp_set_orientation)
    i.dmp_set_shake_reject_thresh            0x08003550   Section        0  inv_mpu_dmp_motion_driver.o(i.dmp_set_shake_reject_thresh)
    i.dmp_set_shake_reject_time              0x08003580   Section        0  inv_mpu_dmp_motion_driver.o(i.dmp_set_shake_reject_time)
    i.dmp_set_shake_reject_timeout           0x080035a0   Section        0  inv_mpu_dmp_motion_driver.o(i.dmp_set_shake_reject_timeout)
    i.dmp_set_tap_axes                       0x080035c0   Section        0  inv_mpu_dmp_motion_driver.o(i.dmp_set_tap_axes)
    i.dmp_set_tap_count                      0x08003600   Section        0  inv_mpu_dmp_motion_driver.o(i.dmp_set_tap_count)
    i.dmp_set_tap_thresh                     0x08003624   Section        0  inv_mpu_dmp_motion_driver.o(i.dmp_set_tap_thresh)
    i.dmp_set_tap_time                       0x0800374c   Section        0  inv_mpu_dmp_motion_driver.o(i.dmp_set_tap_time)
    i.dmp_set_tap_time_multi                 0x0800376c   Section        0  inv_mpu_dmp_motion_driver.o(i.dmp_set_tap_time_multi)
    i.fputc                                  0x0800378c   Section        0  usart.o(i.fputc)
    i.get_accel_prod_shift                   0x080037a4   Section        0  inv_mpu.o(i.get_accel_prod_shift)
    get_accel_prod_shift                     0x080037a5   Thumb Code   158  inv_mpu.o(i.get_accel_prod_shift)
    i.get_st_biases                          0x08003850   Section        0  inv_mpu.o(i.get_st_biases)
    get_st_biases                            0x08003851   Thumb Code   784  inv_mpu.o(i.get_st_biases)
    i.gyro_self_test                         0x08003b64   Section        0  inv_mpu.o(i.gyro_self_test)
    gyro_self_test                           0x08003b65   Thumb Code   190  inv_mpu.o(i.gyro_self_test)
    i.inv_row_2_scale                        0x08003c38   Section        0  inv_mpu.o(i.inv_row_2_scale)
    inv_row_2_scale                          0x08003c39   Thumb Code    72  inv_mpu.o(i.inv_row_2_scale)
    i.main                                   0x08003c80   Section        0  main.o(i.main)
    i.mpu_configure_fifo                     0x08003db4   Section        0  inv_mpu.o(i.mpu_configure_fifo)
    i.mpu_get_accel_fsr                      0x08003e08   Section        0  inv_mpu.o(i.mpu_get_accel_fsr)
    i.mpu_get_accel_sens                     0x08003e44   Section        0  inv_mpu.o(i.mpu_get_accel_sens)
    i.mpu_get_gyro_fsr                       0x08003e88   Section        0  inv_mpu.o(i.mpu_get_gyro_fsr)
    i.mpu_get_gyro_sens                      0x08003ebc   Section        0  inv_mpu.o(i.mpu_get_gyro_sens)
    i.mpu_get_lpf                            0x08003efc   Section        0  inv_mpu.o(i.mpu_get_lpf)
    i.mpu_get_sample_rate                    0x08003f34   Section        0  inv_mpu.o(i.mpu_get_sample_rate)
    i.mpu_init                               0x08003f50   Section        0  inv_mpu.o(i.mpu_init)
    i.mpu_load_firmware                      0x08004074   Section        0  inv_mpu.o(i.mpu_load_firmware)
    i.mpu_lp_accel_mode                      0x08004114   Section        0  inv_mpu.o(i.mpu_lp_accel_mode)
    i.mpu_read_fifo_stream                   0x080041cc   Section        0  inv_mpu.o(i.mpu_read_fifo_stream)
    i.mpu_read_mem                           0x0800425c   Section        0  inv_mpu.o(i.mpu_read_mem)
    i.mpu_reset_fifo                         0x080042b0   Section        0  inv_mpu.o(i.mpu_reset_fifo)
    i.mpu_run_self_test                      0x08004410   Section        0  inv_mpu.o(i.mpu_run_self_test)
    i.mpu_set_accel_fsr                      0x08004500   Section        0  inv_mpu.o(i.mpu_set_accel_fsr)
    i.mpu_set_bypass                         0x08004568   Section        0  inv_mpu.o(i.mpu_set_bypass)
    i.mpu_set_dmp_state                      0x08004644   Section        0  inv_mpu.o(i.mpu_set_dmp_state)
    i.mpu_set_gyro_fsr                       0x080046bc   Section        0  inv_mpu.o(i.mpu_set_gyro_fsr)
    i.mpu_set_int_latched                    0x08004728   Section        0  inv_mpu.o(i.mpu_set_int_latched)
    i.mpu_set_lpf                            0x0800478c   Section        0  inv_mpu.o(i.mpu_set_lpf)
    i.mpu_set_sample_rate                    0x080047f8   Section        0  inv_mpu.o(i.mpu_set_sample_rate)
    i.mpu_set_sensors                        0x08004878   Section        0  inv_mpu.o(i.mpu_set_sensors)
    i.mpu_write_mem                          0x08004930   Section        0  inv_mpu.o(i.mpu_write_mem)
    i.my_mpu6050_init                        0x08004984   Section        0  atk_ms6050.o(i.my_mpu6050_init)
    i.set_int_enable                         0x08004a88   Section        0  inv_mpu.o(i.set_int_enable)
    set_int_enable                           0x08004a89   Thumb Code    84  inv_mpu.o(i.set_int_enable)
    i.sqrt                                   0x08004ae0   Section        0  sqrt.o(i.sqrt)
    .constdata                               0x08004b2c   Section       18  stm32f1xx_hal_rcc.o(.constdata)
    aPredivFactorTable                       0x08004b2c   Data           2  stm32f1xx_hal_rcc.o(.constdata)
    aPLLMULFactorTable                       0x08004b2e   Data          16  stm32f1xx_hal_rcc.o(.constdata)
    .constdata                               0x08004b3e   Section       16  system_stm32f1xx.o(.constdata)
    .constdata                               0x08004b4e   Section        8  system_stm32f1xx.o(.constdata)
    .constdata                               0x08004b56   Section       27  inv_mpu.o(.constdata)
    .constdata                               0x08004b72   Section       12  inv_mpu.o(.constdata)
    .constdata                               0x08004b80   Section       40  inv_mpu.o(.constdata)
    .constdata                               0x08004ba8   Section     3062  inv_mpu_dmp_motion_driver.o(.constdata)
    dmp_memory                               0x08004ba8   Data        3062  inv_mpu_dmp_motion_driver.o(.constdata)
    .constdata                               0x080057a0   Section       80  asin.o(.constdata)
    pS                                       0x080057a0   Data          48  asin.o(.constdata)
    qS                                       0x080057d0   Data          32  asin.o(.constdata)
    .constdata                               0x080057f0   Section      152  atan.o(.constdata)
    atanhi                                   0x080057f0   Data          32  atan.o(.constdata)
    atanlo                                   0x08005810   Data          32  atan.o(.constdata)
    aTodd                                    0x08005830   Data          40  atan.o(.constdata)
    aTeven                                   0x08005858   Data          48  atan.o(.constdata)
    .constdata                               0x08005888   Section        8  qnan.o(.constdata)
    .data                                    0x20000000   Section       28  main.o(.data)
    .data                                    0x2000001c   Section       12  stm32f1xx_hal.o(.data)
    .data                                    0x20000028   Section        4  system_stm32f1xx.o(.data)
    .data                                    0x2000002c   Section        2  delay.o(.data)
    g_fac_us                                 0x2000002c   Data           2  delay.o(.data)
    .data                                    0x20000030   Section       53  inv_mpu.o(.data)
    st                                       0x20000030   Data          44  inv_mpu.o(.data)
    gyro_orientation                         0x2000005c   Data           9  inv_mpu.o(.data)
    .data                                    0x20000068   Section        4  stdout.o(.data)
    .data                                    0x2000006c   Section        4  errno.o(.data)
    _errno                                   0x2000006c   Data           4  errno.o(.data)
    .bss                                     0x20000070   Section       72  usart.o(.bss)
    .bss                                     0x200000b8   Section       16  inv_mpu_dmp_motion_driver.o(.bss)
    dmp                                      0x200000b8   Data          16  inv_mpu_dmp_motion_driver.o(.bss)
    STACK                                    0x200000c8   Section     1024  startup_stm32f103xb.o(STACK)

    Global Symbols

    Symbol Name                              Value     Ov Type        Size  Object(Section)

    BuildAttributes$$THM_ISAv4$P$D$K$B$S$PE$A:L22UL41UL21$X:L11$S22US41US21$IEEE1$IW$USESV6$~STKCKD$USESV7$~SHL$OTIME$ROPI$IEEEX$EBA8$MICROLIB$REQ8$PRES8$EABIv2 0x00000000   Number         0  anon$$obj.o ABSOLUTE
    __ARM_use_no_argv                        0x00000000   Number         0  main.o ABSOLUTE
    _printf_a                                0x00000000   Number         0  stubs.o ABSOLUTE
    _printf_c                                0x00000000   Number         0  stubs.o ABSOLUTE
    _printf_charcount                        0x00000000   Number         0  stubs.o ABSOLUTE
    _printf_d                                0x00000000   Number         0  stubs.o ABSOLUTE
    _printf_e                                0x00000000   Number         0  stubs.o ABSOLUTE
    _printf_f                                0x00000000   Number         0  stubs.o ABSOLUTE
    _printf_flags                            0x00000000   Number         0  stubs.o ABSOLUTE
    _printf_fp_dec                           0x00000000   Number         0  stubs.o ABSOLUTE
    _printf_fp_hex                           0x00000000   Number         0  stubs.o ABSOLUTE
    _printf_g                                0x00000000   Number         0  stubs.o ABSOLUTE
    _printf_i                                0x00000000   Number         0  stubs.o ABSOLUTE
    _printf_int_dec                          0x00000000   Number         0  stubs.o ABSOLUTE
    _printf_l                                0x00000000   Number         0  stubs.o ABSOLUTE
    _printf_lc                               0x00000000   Number         0  stubs.o ABSOLUTE
    _printf_ll                               0x00000000   Number         0  stubs.o ABSOLUTE
    _printf_lld                              0x00000000   Number         0  stubs.o ABSOLUTE
    _printf_lli                              0x00000000   Number         0  stubs.o ABSOLUTE
    _printf_llo                              0x00000000   Number         0  stubs.o ABSOLUTE
    _printf_llu                              0x00000000   Number         0  stubs.o ABSOLUTE
    _printf_llx                              0x00000000   Number         0  stubs.o ABSOLUTE
    _printf_longlong_dec                     0x00000000   Number         0  stubs.o ABSOLUTE
    _printf_longlong_hex                     0x00000000   Number         0  stubs.o ABSOLUTE
    _printf_longlong_oct                     0x00000000   Number         0  stubs.o ABSOLUTE
    _printf_ls                               0x00000000   Number         0  stubs.o ABSOLUTE
    _printf_mbtowc                           0x00000000   Number         0  stubs.o ABSOLUTE
    _printf_n                                0x00000000   Number         0  stubs.o ABSOLUTE
    _printf_o                                0x00000000   Number         0  stubs.o ABSOLUTE
    _printf_p                                0x00000000   Number         0  stubs.o ABSOLUTE
    _printf_percent                          0x00000000   Number         0  stubs.o ABSOLUTE
    _printf_pre_padding                      0x00000000   Number         0  stubs.o ABSOLUTE
    _printf_return_value                     0x00000000   Number         0  stubs.o ABSOLUTE
    _printf_s                                0x00000000   Number         0  stubs.o ABSOLUTE
    _printf_sizespec                         0x00000000   Number         0  stubs.o ABSOLUTE
    _printf_str                              0x00000000   Number         0  stubs.o ABSOLUTE
    _printf_truncate_signed                  0x00000000   Number         0  stubs.o ABSOLUTE
    _printf_truncate_unsigned                0x00000000   Number         0  stubs.o ABSOLUTE
    _printf_u                                0x00000000   Number         0  stubs.o ABSOLUTE
    _printf_wc                               0x00000000   Number         0  stubs.o ABSOLUTE
    _printf_wctomb                           0x00000000   Number         0  stubs.o ABSOLUTE
    _printf_widthprec                        0x00000000   Number         0  stubs.o ABSOLUTE
    _printf_x                                0x00000000   Number         0  stubs.o ABSOLUTE
    __cpp_initialize__aeabi_                  - Undefined Weak Reference
    __cxa_finalize                            - Undefined Weak Reference
    __decompress                              - Undefined Weak Reference
    _clock_init                               - Undefined Weak Reference
    _microlib_exit                            - Undefined Weak Reference
    __Vectors_Size                           0x000000ec   Number         0  startup_stm32f103xb.o ABSOLUTE
    __Vectors                                0x08000000   Data           4  startup_stm32f103xb.o(RESET)
    __Vectors_End                            0x080000ec   Data           0  startup_stm32f103xb.o(RESET)
    __main                                   0x080000ed   Thumb Code     0  entry.o(.ARM.Collect$$$$00000000)
    _main_stk                                0x080000ed   Thumb Code     0  entry2.o(.ARM.Collect$$$$00000001)
    _main_scatterload                        0x080000f1   Thumb Code     0  entry5.o(.ARM.Collect$$$$00000004)
    __main_after_scatterload                 0x080000f5   Thumb Code     0  entry5.o(.ARM.Collect$$$$00000004)
    _main_clock                              0x080000f5   Thumb Code     0  entry7b.o(.ARM.Collect$$$$00000008)
    _main_cpp_init                           0x080000f5   Thumb Code     0  entry8b.o(.ARM.Collect$$$$0000000A)
    _main_init                               0x080000f5   Thumb Code     0  entry9a.o(.ARM.Collect$$$$0000000B)
    __rt_final_cpp                           0x080000fd   Thumb Code     0  entry10a.o(.ARM.Collect$$$$0000000D)
    __rt_final_exit                          0x080000fd   Thumb Code     0  entry11a.o(.ARM.Collect$$$$0000000F)
    Reset_Handler                            0x08000101   Thumb Code     8  startup_stm32f103xb.o(.text)
    ADC1_2_IRQHandler                        0x0800011b   Thumb Code     0  startup_stm32f103xb.o(.text)
    CAN1_RX1_IRQHandler                      0x0800011b   Thumb Code     0  startup_stm32f103xb.o(.text)
    CAN1_SCE_IRQHandler                      0x0800011b   Thumb Code     0  startup_stm32f103xb.o(.text)
    DMA1_Channel1_IRQHandler                 0x0800011b   Thumb Code     0  startup_stm32f103xb.o(.text)
    DMA1_Channel2_IRQHandler                 0x0800011b   Thumb Code     0  startup_stm32f103xb.o(.text)
    DMA1_Channel3_IRQHandler                 0x0800011b   Thumb Code     0  startup_stm32f103xb.o(.text)
    DMA1_Channel4_IRQHandler                 0x0800011b   Thumb Code     0  startup_stm32f103xb.o(.text)
    DMA1_Channel5_IRQHandler                 0x0800011b   Thumb Code     0  startup_stm32f103xb.o(.text)
    DMA1_Channel6_IRQHandler                 0x0800011b   Thumb Code     0  startup_stm32f103xb.o(.text)
    DMA1_Channel7_IRQHandler                 0x0800011b   Thumb Code     0  startup_stm32f103xb.o(.text)
    EXTI0_IRQHandler                         0x0800011b   Thumb Code     0  startup_stm32f103xb.o(.text)
    EXTI15_10_IRQHandler                     0x0800011b   Thumb Code     0  startup_stm32f103xb.o(.text)
    EXTI1_IRQHandler                         0x0800011b   Thumb Code     0  startup_stm32f103xb.o(.text)
    EXTI2_IRQHandler                         0x0800011b   Thumb Code     0  startup_stm32f103xb.o(.text)
    EXTI3_IRQHandler                         0x0800011b   Thumb Code     0  startup_stm32f103xb.o(.text)
    EXTI4_IRQHandler                         0x0800011b   Thumb Code     0  startup_stm32f103xb.o(.text)
    EXTI9_5_IRQHandler                       0x0800011b   Thumb Code     0  startup_stm32f103xb.o(.text)
    FLASH_IRQHandler                         0x0800011b   Thumb Code     0  startup_stm32f103xb.o(.text)
    I2C1_ER_IRQHandler                       0x0800011b   Thumb Code     0  startup_stm32f103xb.o(.text)
    I2C1_EV_IRQHandler                       0x0800011b   Thumb Code     0  startup_stm32f103xb.o(.text)
    I2C2_ER_IRQHandler                       0x0800011b   Thumb Code     0  startup_stm32f103xb.o(.text)
    I2C2_EV_IRQHandler                       0x0800011b   Thumb Code     0  startup_stm32f103xb.o(.text)
    PVD_IRQHandler                           0x0800011b   Thumb Code     0  startup_stm32f103xb.o(.text)
    RCC_IRQHandler                           0x0800011b   Thumb Code     0  startup_stm32f103xb.o(.text)
    RTC_Alarm_IRQHandler                     0x0800011b   Thumb Code     0  startup_stm32f103xb.o(.text)
    RTC_IRQHandler                           0x0800011b   Thumb Code     0  startup_stm32f103xb.o(.text)
    SPI1_IRQHandler                          0x0800011b   Thumb Code     0  startup_stm32f103xb.o(.text)
    SPI2_IRQHandler                          0x0800011b   Thumb Code     0  startup_stm32f103xb.o(.text)
    TAMPER_IRQHandler                        0x0800011b   Thumb Code     0  startup_stm32f103xb.o(.text)
    TIM1_BRK_IRQHandler                      0x0800011b   Thumb Code     0  startup_stm32f103xb.o(.text)
    TIM1_CC_IRQHandler                       0x0800011b   Thumb Code     0  startup_stm32f103xb.o(.text)
    TIM1_TRG_COM_IRQHandler                  0x0800011b   Thumb Code     0  startup_stm32f103xb.o(.text)
    TIM1_UP_IRQHandler                       0x0800011b   Thumb Code     0  startup_stm32f103xb.o(.text)
    TIM2_IRQHandler                          0x0800011b   Thumb Code     0  startup_stm32f103xb.o(.text)
    TIM3_IRQHandler                          0x0800011b   Thumb Code     0  startup_stm32f103xb.o(.text)
    TIM4_IRQHandler                          0x0800011b   Thumb Code     0  startup_stm32f103xb.o(.text)
    USART1_IRQHandler                        0x0800011b   Thumb Code     0  startup_stm32f103xb.o(.text)
    USART2_IRQHandler                        0x0800011b   Thumb Code     0  startup_stm32f103xb.o(.text)
    USART3_IRQHandler                        0x0800011b   Thumb Code     0  startup_stm32f103xb.o(.text)
    USBWakeUp_IRQHandler                     0x0800011b   Thumb Code     0  startup_stm32f103xb.o(.text)
    USB_HP_CAN1_TX_IRQHandler                0x0800011b   Thumb Code     0  startup_stm32f103xb.o(.text)
    USB_LP_CAN1_RX0_IRQHandler               0x0800011b   Thumb Code     0  startup_stm32f103xb.o(.text)
    WWDG_IRQHandler                          0x0800011b   Thumb Code     0  startup_stm32f103xb.o(.text)
    __aeabi_ldivmod                          0x08000125   Thumb Code    98  ldiv.o(.text)
    __aeabi_llsr                             0x08000187   Thumb Code    32  llushr.o(.text)
    _ll_ushift_r                             0x08000187   Thumb Code     0  llushr.o(.text)
    __aeabi_memset                           0x080001a7   Thumb Code    14  memseta.o(.text)
    __aeabi_memset4                          0x080001a7   Thumb Code     0  memseta.o(.text)
    __aeabi_memset8                          0x080001a7   Thumb Code     0  memseta.o(.text)
    __aeabi_memclr                           0x080001b5   Thumb Code     4  memseta.o(.text)
    __aeabi_memclr4                          0x080001b5   Thumb Code     0  memseta.o(.text)
    __aeabi_memclr8                          0x080001b5   Thumb Code     0  memseta.o(.text)
    _memset$wrapper                          0x080001b9   Thumb Code    18  memseta.o(.text)
    memcmp                                   0x080001cb   Thumb Code    26  memcmp.o(.text)
    __aeabi_fadd                             0x080001e5   Thumb Code   164  fadd.o(.text)
    __aeabi_fsub                             0x08000289   Thumb Code     6  fadd.o(.text)
    __aeabi_frsub                            0x0800028f   Thumb Code     6  fadd.o(.text)
    __aeabi_fmul                             0x08000295   Thumb Code   100  fmul.o(.text)
    __aeabi_fdiv                             0x080002f9   Thumb Code   124  fdiv.o(.text)
    __ARM_scalbnf                            0x08000375   Thumb Code    24  fscalb.o(.text)
    scalbnf                                  0x08000375   Thumb Code     0  fscalb.o(.text)
    __aeabi_dmul                             0x0800038d   Thumb Code   228  dmul.o(.text)
    __aeabi_i2f                              0x08000471   Thumb Code    18  fflti.o(.text)
    __aeabi_ui2f                             0x08000483   Thumb Code    10  ffltui.o(.text)
    __aeabi_f2iz                             0x0800048d   Thumb Code    50  ffixi.o(.text)
    __aeabi_f2uiz                            0x080004bf   Thumb Code    40  ffixui.o(.text)
    __aeabi_f2d                              0x080004e7   Thumb Code    38  f2d.o(.text)
    __aeabi_d2f                              0x0800050d   Thumb Code    56  d2f.o(.text)
    __aeabi_uidiv                            0x08000545   Thumb Code     0  uidiv.o(.text)
    __aeabi_uidivmod                         0x08000545   Thumb Code    44  uidiv.o(.text)
    __aeabi_uldivmod                         0x08000571   Thumb Code    98  uldiv.o(.text)
    __I$use$fp                               0x080005d3   Thumb Code     0  iusefp.o(.text)
    _float_round                             0x080005d3   Thumb Code    18  fepilogue.o(.text)
    _float_epilogue                          0x080005e5   Thumb Code    92  fepilogue.o(.text)
    _double_round                            0x08000641   Thumb Code    30  depilogue.o(.text)
    _double_epilogue                         0x0800065f   Thumb Code   156  depilogue.o(.text)
    __aeabi_dadd                             0x080006fb   Thumb Code   322  dadd.o(.text)
    __aeabi_dsub                             0x0800083d   Thumb Code     6  dadd.o(.text)
    __aeabi_drsub                            0x08000843   Thumb Code     6  dadd.o(.text)
    __aeabi_ddiv                             0x08000849   Thumb Code   222  ddiv.o(.text)
    __ARM_scalbn                             0x08000927   Thumb Code    46  dscalb.o(.text)
    scalbn                                   0x08000927   Thumb Code     0  dscalb.o(.text)
    __aeabi_d2ulz                            0x08000955   Thumb Code    48  dfixul.o(.text)
    __aeabi_cdrcmple                         0x08000985   Thumb Code    48  cdrcmple.o(.text)
    __scatterload                            0x080009b5   Thumb Code    28  init.o(.text)
    __scatterload_rt2                        0x080009b5   Thumb Code     0  init.o(.text)
    __aeabi_llsl                             0x080009d9   Thumb Code    30  llshl.o(.text)
    _ll_shift_l                              0x080009d9   Thumb Code     0  llshl.o(.text)
    __aeabi_lasr                             0x080009f7   Thumb Code    36  llsshr.o(.text)
    _ll_sshift_r                             0x080009f7   Thumb Code     0  llsshr.o(.text)
    _dsqrt                                   0x08000a1b   Thumb Code   162  dsqrt.o(.text)
    BusFault_Handler                         0x08000abd   Thumb Code     2  stm32f1xx_it.o(i.BusFault_Handler)
    DebugMon_Handler                         0x08000abf   Thumb Code     2  stm32f1xx_it.o(i.DebugMon_Handler)
    Error_Handler                            0x08000ac1   Thumb Code     4  main.o(i.Error_Handler)
    HAL_GPIO_Init                            0x08000ac5   Thumb Code   446  stm32f1xx_hal_gpio.o(i.HAL_GPIO_Init)
    HAL_GPIO_ReadPin                         0x08000ca5   Thumb Code    10  stm32f1xx_hal_gpio.o(i.HAL_GPIO_ReadPin)
    HAL_GPIO_WritePin                        0x08000caf   Thumb Code    10  stm32f1xx_hal_gpio.o(i.HAL_GPIO_WritePin)
    HAL_GetTick                              0x08000cb9   Thumb Code     6  stm32f1xx_hal.o(i.HAL_GetTick)
    HAL_IncTick                              0x08000cc5   Thumb Code    12  stm32f1xx_hal.o(i.HAL_IncTick)
    HAL_Init                                 0x08000cd5   Thumb Code    32  stm32f1xx_hal.o(i.HAL_Init)
    HAL_InitTick                             0x08000cf9   Thumb Code    54  stm32f1xx_hal.o(i.HAL_InitTick)
    HAL_MspInit                              0x08000d39   Thumb Code    52  stm32f1xx_hal_msp.o(i.HAL_MspInit)
    HAL_NVIC_SetPriority                     0x08000d75   Thumb Code    60  stm32f1xx_hal_cortex.o(i.HAL_NVIC_SetPriority)
    HAL_NVIC_SetPriorityGrouping             0x08000db5   Thumb Code    26  stm32f1xx_hal_cortex.o(i.HAL_NVIC_SetPriorityGrouping)
    HAL_RCC_ClockConfig                      0x08000dd9   Thumb Code   280  stm32f1xx_hal_rcc.o(i.HAL_RCC_ClockConfig)
    HAL_RCC_GetPCLK1Freq                     0x08000f05   Thumb Code    20  stm32f1xx_hal_rcc.o(i.HAL_RCC_GetPCLK1Freq)
    HAL_RCC_GetPCLK2Freq                     0x08000f25   Thumb Code    20  stm32f1xx_hal_rcc.o(i.HAL_RCC_GetPCLK2Freq)
    HAL_RCC_GetSysClockFreq                  0x08000f45   Thumb Code    58  stm32f1xx_hal_rcc.o(i.HAL_RCC_GetSysClockFreq)
    HAL_RCC_OscConfig                        0x08000f91   Thumb Code   778  stm32f1xx_hal_rcc.o(i.HAL_RCC_OscConfig)
    HAL_SYSTICK_CLKSourceConfig              0x080012b1   Thumb Code    24  stm32f1xx_hal_cortex.o(i.HAL_SYSTICK_CLKSourceConfig)
    HAL_SYSTICK_Config                       0x080012c9   Thumb Code    40  stm32f1xx_hal_cortex.o(i.HAL_SYSTICK_Config)
    HAL_UART_Init                            0x080012f1   Thumb Code   100  stm32f1xx_hal_uart.o(i.HAL_UART_Init)
    HAL_UART_MspInit                         0x08001355   Thumb Code   100  usart.o(i.HAL_UART_MspInit)
    HardFault_Handler                        0x080013c5   Thumb Code     2  stm32f1xx_it.o(i.HardFault_Handler)
    MX_GPIO_Init                             0x080013c9   Thumb Code    38  gpio.o(i.MX_GPIO_Init)
    MX_USART1_UART_Init                      0x080013f5   Thumb Code    48  usart.o(i.MX_USART1_UART_Init)
    MemManage_Handler                        0x0800142d   Thumb Code     2  stm32f1xx_it.o(i.MemManage_Handler)
    NMI_Handler                              0x0800142f   Thumb Code     2  stm32f1xx_it.o(i.NMI_Handler)
    PendSV_Handler                           0x08001431   Thumb Code     2  stm32f1xx_it.o(i.PendSV_Handler)
    SVC_Handler                              0x08001433   Thumb Code     2  stm32f1xx_it.o(i.SVC_Handler)
    SysTick_Handler                          0x08001435   Thumb Code     4  stm32f1xx_it.o(i.SysTick_Handler)
    SystemClock_Config                       0x08001439   Thumb Code    94  main.o(i.SystemClock_Config)
    SystemInit                               0x08001497   Thumb Code     2  system_stm32f1xx.o(i.SystemInit)
    UsageFault_Handler                       0x08001551   Thumb Code     2  stm32f1xx_it.o(i.UsageFault_Handler)
    __0printf                                0x08001555   Thumb Code    22  printfa.o(i.__0printf)
    __1printf                                0x08001555   Thumb Code     0  printfa.o(i.__0printf)
    __2printf                                0x08001555   Thumb Code     0  printfa.o(i.__0printf)
    __c89printf                              0x08001555   Thumb Code     0  printfa.o(i.__0printf)
    printf                                   0x08001555   Thumb Code     0  printfa.o(i.__0printf)
    __ARM_fpclassify                         0x08001575   Thumb Code    40  fpclassify.o(i.__ARM_fpclassify)
    __kernel_poly                            0x080015bd   Thumb Code   170  poly.o(i.__kernel_poly)
    __mathlib_dbl_infnan                     0x08001667   Thumb Code     6  dunder.o(i.__mathlib_dbl_infnan)
    __mathlib_dbl_infnan2                    0x0800166d   Thumb Code     4  dunder.o(i.__mathlib_dbl_infnan2)
    __mathlib_dbl_invalid                    0x08001671   Thumb Code    12  dunder.o(i.__mathlib_dbl_invalid)
    __mathlib_dbl_underflow                  0x0800167d   Thumb Code    10  dunder.o(i.__mathlib_dbl_underflow)
    __scatterload_copy                       0x0800168d   Thumb Code    14  handlers.o(i.__scatterload_copy)
    __scatterload_null                       0x0800169b   Thumb Code     2  handlers.o(i.__scatterload_null)
    __scatterload_zeroinit                   0x0800169d   Thumb Code    14  handlers.o(i.__scatterload_zeroinit)
    __set_errno                              0x080016ad   Thumb Code     6  errno.o(i.__set_errno)
    asin                                     0x08001fed   Thumb Code   572  asin.o(i.asin)
    atan                                     0x0800225d   Thumb Code   474  atan.o(i.atan)
    atan2                                    0x0800247d   Thumb Code   346  atan2.o(i.atan2)
    atk_ms6050_dmp_get_data                  0x080025fd   Thumb Code   406  inv_mpu.o(i.atk_ms6050_dmp_get_data)
    atk_ms6050_dmp_init                      0x08002799   Thumb Code   120  inv_mpu.o(i.atk_ms6050_dmp_init)
    atk_ms6050_get_accelerometer             0x08002815   Thumb Code    50  atk_ms6050.o(i.atk_ms6050_get_accelerometer)
    atk_ms6050_get_clock_ms                  0x08002847   Thumb Code    20  inv_mpu.o(i.atk_ms6050_get_clock_ms)
    atk_ms6050_get_gyroscope                 0x0800285b   Thumb Code    50  atk_ms6050.o(i.atk_ms6050_get_gyroscope)
    atk_ms6050_get_temperature               0x0800288d   Thumb Code    60  atk_ms6050.o(i.atk_ms6050_get_temperature)
    atk_ms6050_iic_ack                       0x080028d5   Thumb Code    72  atk_ms6050_iic.o(i.atk_ms6050_iic_ack)
    atk_ms6050_iic_init                      0x08002921   Thumb Code    86  atk_ms6050_iic.o(i.atk_ms6050_iic_init)
    atk_ms6050_iic_nack                      0x08002981   Thumb Code    56  atk_ms6050_iic.o(i.atk_ms6050_iic_nack)
    atk_ms6050_iic_read_byte                 0x080029bd   Thumb Code    88  atk_ms6050_iic.o(i.atk_ms6050_iic_read_byte)
    atk_ms6050_iic_send_byte                 0x08002a19   Thumb Code    84  atk_ms6050_iic.o(i.atk_ms6050_iic_send_byte)
    atk_ms6050_iic_start                     0x08002a71   Thumb Code    66  atk_ms6050_iic.o(i.atk_ms6050_iic_start)
    atk_ms6050_iic_stop                      0x08002ab9   Thumb Code    56  atk_ms6050_iic.o(i.atk_ms6050_iic_stop)
    atk_ms6050_iic_wait_ack                  0x08002af5   Thumb Code    90  atk_ms6050_iic.o(i.atk_ms6050_iic_wait_ack)
    atk_ms6050_init                          0x08002b55   Thumb Code   120  atk_ms6050.o(i.atk_ms6050_init)
    atk_ms6050_read                          0x08002bcd   Thumb Code   114  atk_ms6050.o(i.atk_ms6050_read)
    atk_ms6050_read_byte                     0x08002c3f   Thumb Code     8  atk_ms6050.o(i.atk_ms6050_read_byte)
    atk_ms6050_run_self_test                 0x08002c47   Thumb Code   128  inv_mpu.o(i.atk_ms6050_run_self_test)
    atk_ms6050_set_accel_fsr                 0x08002cc7   Thumb Code    12  atk_ms6050.o(i.atk_ms6050_set_accel_fsr)
    atk_ms6050_set_gyro_fsr                  0x08002cd3   Thumb Code    12  atk_ms6050.o(i.atk_ms6050_set_gyro_fsr)
    atk_ms6050_set_lpf                       0x08002cdf   Thumb Code    50  atk_ms6050.o(i.atk_ms6050_set_lpf)
    atk_ms6050_set_rate                      0x08002d11   Thumb Code    54  atk_ms6050.o(i.atk_ms6050_set_rate)
    atk_ms6050_sw_reset                      0x08002d47   Thumb Code    32  atk_ms6050.o(i.atk_ms6050_sw_reset)
    atk_ms6050_write                         0x08002d67   Thumb Code    90  atk_ms6050.o(i.atk_ms6050_write)
    atk_ms6050_write_byte                    0x08002dc1   Thumb Code    12  atk_ms6050.o(i.atk_ms6050_write_byte)
    delay_init                               0x08002dcd   Thumb Code    24  delay.o(i.delay_init)
    delay_ms                                 0x08002de9   Thumb Code    54  delay.o(i.delay_ms)
    delay_us                                 0x08002e25   Thumb Code    46  delay.o(i.delay_us)
    dmp_enable_6x_lp_quat                    0x08002e59   Thumb Code    58  inv_mpu_dmp_motion_driver.o(i.dmp_enable_6x_lp_quat)
    dmp_enable_feature                       0x08002e95   Thumb Code   464  inv_mpu_dmp_motion_driver.o(i.dmp_enable_feature)
    dmp_enable_gyro_cal                      0x0800306d   Thumb Code    34  inv_mpu_dmp_motion_driver.o(i.dmp_enable_gyro_cal)
    dmp_enable_lp_quat                       0x080030a9   Thumb Code    58  inv_mpu_dmp_motion_driver.o(i.dmp_enable_lp_quat)
    dmp_load_motion_driver_firmware          0x080030e5   Thumb Code    16  inv_mpu_dmp_motion_driver.o(i.dmp_load_motion_driver_firmware)
    dmp_read_fifo                            0x080030f9   Thumb Code   320  inv_mpu_dmp_motion_driver.o(i.dmp_read_fifo)
    dmp_set_accel_bias                       0x0800323d   Thumb Code   212  inv_mpu_dmp_motion_driver.o(i.dmp_set_accel_bias)
    dmp_set_fifo_rate                        0x08003315   Thumb Code    82  inv_mpu_dmp_motion_driver.o(i.dmp_set_fifo_rate)
    dmp_set_gyro_bias                        0x08003379   Thumb Code   196  inv_mpu_dmp_motion_driver.o(i.dmp_set_gyro_bias)
    dmp_set_orientation                      0x08003445   Thumb Code   246  inv_mpu_dmp_motion_driver.o(i.dmp_set_orientation)
    dmp_set_shake_reject_thresh              0x08003551   Thumb Code    48  inv_mpu_dmp_motion_driver.o(i.dmp_set_shake_reject_thresh)
    dmp_set_shake_reject_time                0x08003581   Thumb Code    32  inv_mpu_dmp_motion_driver.o(i.dmp_set_shake_reject_time)
    dmp_set_shake_reject_timeout             0x080035a1   Thumb Code    32  inv_mpu_dmp_motion_driver.o(i.dmp_set_shake_reject_timeout)
    dmp_set_tap_axes                         0x080035c1   Thumb Code    64  inv_mpu_dmp_motion_driver.o(i.dmp_set_tap_axes)
    dmp_set_tap_count                        0x08003601   Thumb Code    34  inv_mpu_dmp_motion_driver.o(i.dmp_set_tap_count)
    dmp_set_tap_thresh                       0x08003625   Thumb Code   274  inv_mpu_dmp_motion_driver.o(i.dmp_set_tap_thresh)
    dmp_set_tap_time                         0x0800374d   Thumb Code    32  inv_mpu_dmp_motion_driver.o(i.dmp_set_tap_time)
    dmp_set_tap_time_multi                   0x0800376d   Thumb Code    32  inv_mpu_dmp_motion_driver.o(i.dmp_set_tap_time_multi)
    fputc                                    0x0800378d   Thumb Code    18  usart.o(i.fputc)
    main                                     0x08003c81   Thumb Code   182  main.o(i.main)
    mpu_configure_fifo                       0x08003db5   Thumb Code    78  inv_mpu.o(i.mpu_configure_fifo)
    mpu_get_accel_fsr                        0x08003e09   Thumb Code    54  inv_mpu.o(i.mpu_get_accel_fsr)
    mpu_get_accel_sens                       0x08003e45   Thumb Code    62  inv_mpu.o(i.mpu_get_accel_sens)
    mpu_get_gyro_fsr                         0x08003e89   Thumb Code    48  inv_mpu.o(i.mpu_get_gyro_fsr)
    mpu_get_gyro_sens                        0x08003ebd   Thumb Code    44  inv_mpu.o(i.mpu_get_gyro_sens)
    mpu_get_lpf                              0x08003efd   Thumb Code    52  inv_mpu.o(i.mpu_get_lpf)
    mpu_get_sample_rate                      0x08003f35   Thumb Code    22  inv_mpu.o(i.mpu_get_sample_rate)
    mpu_init                                 0x08003f51   Thumb Code   288  inv_mpu.o(i.mpu_init)
    mpu_load_firmware                        0x08004075   Thumb Code   154  inv_mpu.o(i.mpu_load_firmware)
    mpu_lp_accel_mode                        0x08004115   Thumb Code   178  inv_mpu.o(i.mpu_lp_accel_mode)
    mpu_read_fifo_stream                     0x080041cd   Thumb Code   140  inv_mpu.o(i.mpu_read_fifo_stream)
    mpu_read_mem                             0x0800425d   Thumb Code    80  inv_mpu.o(i.mpu_read_mem)
    mpu_reset_fifo                           0x080042b1   Thumb Code   346  inv_mpu.o(i.mpu_reset_fifo)
    mpu_run_self_test                        0x08004411   Thumb Code   234  inv_mpu.o(i.mpu_run_self_test)
    mpu_set_accel_fsr                        0x08004501   Thumb Code    98  inv_mpu.o(i.mpu_set_accel_fsr)
    mpu_set_bypass                           0x08004569   Thumb Code   214  inv_mpu.o(i.mpu_set_bypass)
    mpu_set_dmp_state                        0x08004645   Thumb Code   114  inv_mpu.o(i.mpu_set_dmp_state)
    mpu_set_gyro_fsr                         0x080046bd   Thumb Code   104  inv_mpu.o(i.mpu_set_gyro_fsr)
    mpu_set_int_latched                      0x08004729   Thumb Code    94  inv_mpu.o(i.mpu_set_int_latched)
    mpu_set_lpf                              0x0800478d   Thumb Code   102  inv_mpu.o(i.mpu_set_lpf)
    mpu_set_sample_rate                      0x080047f9   Thumb Code   124  inv_mpu.o(i.mpu_set_sample_rate)
    mpu_set_sensors                          0x08004879   Thumb Code   178  inv_mpu.o(i.mpu_set_sensors)
    mpu_write_mem                            0x08004931   Thumb Code    80  inv_mpu.o(i.mpu_write_mem)
    my_mpu6050_init                          0x08004985   Thumb Code   110  atk_ms6050.o(i.my_mpu6050_init)
    sqrt                                     0x08004ae1   Thumb Code    76  sqrt.o(i.sqrt)
    AHBPrescTable                            0x08004b3e   Data          16  system_stm32f1xx.o(.constdata)
    APBPrescTable                            0x08004b4e   Data           8  system_stm32f1xx.o(.constdata)
    reg                                      0x08004b56   Data          27  inv_mpu.o(.constdata)
    hw                                       0x08004b72   Data          12  inv_mpu.o(.constdata)
    test                                     0x08004b80   Data          40  inv_mpu.o(.constdata)
    __mathlib_zero                           0x08005888   Data           8  qnan.o(.constdata)
    Region$$Table$$Base                      0x08005890   Number         0  anon$$obj.o(Region$$Table)
    Region$$Table$$Limit                     0x080058b0   Number         0  anon$$obj.o(Region$$Table)
    ret                                      0x20000000   Data           1  main.o(.data)
    acc_x                                    0x20000002   Data           2  main.o(.data)
    acc_y                                    0x20000004   Data           2  main.o(.data)
    acc_z                                    0x20000006   Data           2  main.o(.data)
    gyr_x                                    0x20000008   Data           2  main.o(.data)
    gyr_y                                    0x2000000a   Data           2  main.o(.data)
    gyr_z                                    0x2000000c   Data           2  main.o(.data)
    temp                                     0x2000000e   Data           2  main.o(.data)
    pit                                      0x20000010   Data           4  main.o(.data)
    rol                                      0x20000014   Data           4  main.o(.data)
    yaw                                      0x20000018   Data           4  main.o(.data)
    uwTickFreq                               0x2000001c   Data           1  stm32f1xx_hal.o(.data)
    uwTickPrio                               0x20000020   Data           4  stm32f1xx_hal.o(.data)
    uwTick                                   0x20000024   Data           4  stm32f1xx_hal.o(.data)
    SystemCoreClock                          0x20000028   Data           4  system_stm32f1xx.o(.data)
    __stdout                                 0x20000068   Data           4  stdout.o(.data)
    huart1                                   0x20000070   Data          72  usart.o(.bss)
    __initial_sp                             0x200004c8   Data           0  startup_stm32f103xb.o(STACK)



==============================================================================

Memory Map of the image

  Image Entry point : 0x080000ed

  Load Region LR_IROM1 (Base: 0x08000000, Size: 0x00005920, Max: 0x00008000, ABSOLUTE)

    Execution Region ER_IROM1 (Base: 0x08000000, Size: 0x000058b0, Max: 0x00008000, ABSOLUTE)

    Base Addr    Size         Type   Attr      Idx    E Section Name        Object

    0x08000000   0x000000ec   Data   RO            3    RESET               startup_stm32f103xb.o
    0x080000ec   0x00000000   Code   RO         2523  * .ARM.Collect$$$$00000000  mc_w.l(entry.o)
    0x080000ec   0x00000004   Code   RO         2854    .ARM.Collect$$$$00000001  mc_w.l(entry2.o)
    0x080000f0   0x00000004   Code   RO         2857    .ARM.Collect$$$$00000004  mc_w.l(entry5.o)
    0x080000f4   0x00000000   Code   RO         2859    .ARM.Collect$$$$00000008  mc_w.l(entry7b.o)
    0x080000f4   0x00000000   Code   RO         2861    .ARM.Collect$$$$0000000A  mc_w.l(entry8b.o)
    0x080000f4   0x00000008   Code   RO         2862    .ARM.Collect$$$$0000000B  mc_w.l(entry9a.o)
    0x080000fc   0x00000000   Code   RO         2864    .ARM.Collect$$$$0000000D  mc_w.l(entry10a.o)
    0x080000fc   0x00000000   Code   RO         2866    .ARM.Collect$$$$0000000F  mc_w.l(entry11a.o)
    0x080000fc   0x00000004   Code   RO         2855    .ARM.Collect$$$$00002712  mc_w.l(entry2.o)
    0x08000100   0x00000024   Code   RO            4    .text               startup_stm32f103xb.o
    0x08000124   0x00000062   Code   RO         2526    .text               mc_w.l(ldiv.o)
    0x08000186   0x00000020   Code   RO         2528    .text               mc_w.l(llushr.o)
    0x080001a6   0x00000024   Code   RO         2530    .text               mc_w.l(memseta.o)
    0x080001ca   0x0000001a   Code   RO         2532    .text               mc_w.l(memcmp.o)
    0x080001e4   0x000000b0   Code   RO         2795    .text               mf_w.l(fadd.o)
    0x08000294   0x00000064   Code   RO         2797    .text               mf_w.l(fmul.o)
    0x080002f8   0x0000007c   Code   RO         2799    .text               mf_w.l(fdiv.o)
    0x08000374   0x00000018   Code   RO         2801    .text               mf_w.l(fscalb.o)
    0x0800038c   0x000000e4   Code   RO         2803    .text               mf_w.l(dmul.o)
    0x08000470   0x00000012   Code   RO         2805    .text               mf_w.l(fflti.o)
    0x08000482   0x0000000a   Code   RO         2807    .text               mf_w.l(ffltui.o)
    0x0800048c   0x00000032   Code   RO         2809    .text               mf_w.l(ffixi.o)
    0x080004be   0x00000028   Code   RO         2811    .text               mf_w.l(ffixui.o)
    0x080004e6   0x00000026   Code   RO         2813    .text               mf_w.l(f2d.o)
    0x0800050c   0x00000038   Code   RO         2815    .text               mf_w.l(d2f.o)
    0x08000544   0x0000002c   Code   RO         2869    .text               mc_w.l(uidiv.o)
    0x08000570   0x00000062   Code   RO         2871    .text               mc_w.l(uldiv.o)
    0x080005d2   0x00000000   Code   RO         2880    .text               mc_w.l(iusefp.o)
    0x080005d2   0x0000006e   Code   RO         2881    .text               mf_w.l(fepilogue.o)
    0x08000640   0x000000ba   Code   RO         2883    .text               mf_w.l(depilogue.o)
    0x080006fa   0x0000014e   Code   RO         2885    .text               mf_w.l(dadd.o)
    0x08000848   0x000000de   Code   RO         2887    .text               mf_w.l(ddiv.o)
    0x08000926   0x0000002e   Code   RO         2889    .text               mf_w.l(dscalb.o)
    0x08000954   0x00000030   Code   RO         2891    .text               mf_w.l(dfixul.o)
    0x08000984   0x00000030   Code   RO         2893    .text               mf_w.l(cdrcmple.o)
    0x080009b4   0x00000024   Code   RO         2895    .text               mc_w.l(init.o)
    0x080009d8   0x0000001e   Code   RO         2897    .text               mc_w.l(llshl.o)
    0x080009f6   0x00000024   Code   RO         2899    .text               mc_w.l(llsshr.o)
    0x08000a1a   0x000000a2   Code   RO         2901    .text               mf_w.l(dsqrt.o)
    0x08000abc   0x00000002   Code   RO          223    i.BusFault_Handler  stm32f1xx_it.o
    0x08000abe   0x00000002   Code   RO          224    i.DebugMon_Handler  stm32f1xx_it.o
    0x08000ac0   0x00000004   Code   RO           13    i.Error_Handler     main.o
    0x08000ac4   0x000001e0   Code   RO         1074    i.HAL_GPIO_Init     stm32f1xx_hal_gpio.o
    0x08000ca4   0x0000000a   Code   RO         1076    i.HAL_GPIO_ReadPin  stm32f1xx_hal_gpio.o
    0x08000cae   0x0000000a   Code   RO         1078    i.HAL_GPIO_WritePin  stm32f1xx_hal_gpio.o
    0x08000cb8   0x0000000c   Code   RO          768    i.HAL_GetTick       stm32f1xx_hal.o
    0x08000cc4   0x00000010   Code   RO          774    i.HAL_IncTick       stm32f1xx_hal.o
    0x08000cd4   0x00000024   Code   RO          775    i.HAL_Init          stm32f1xx_hal.o
    0x08000cf8   0x00000040   Code   RO          776    i.HAL_InitTick      stm32f1xx_hal.o
    0x08000d38   0x0000003c   Code   RO          298    i.HAL_MspInit       stm32f1xx_hal_msp.o
    0x08000d74   0x00000040   Code   RO         1240    i.HAL_NVIC_SetPriority  stm32f1xx_hal_cortex.o
    0x08000db4   0x00000024   Code   RO         1241    i.HAL_NVIC_SetPriorityGrouping  stm32f1xx_hal_cortex.o
    0x08000dd8   0x0000012c   Code   RO          932    i.HAL_RCC_ClockConfig  stm32f1xx_hal_rcc.o
    0x08000f04   0x00000020   Code   RO          939    i.HAL_RCC_GetPCLK1Freq  stm32f1xx_hal_rcc.o
    0x08000f24   0x00000020   Code   RO          940    i.HAL_RCC_GetPCLK2Freq  stm32f1xx_hal_rcc.o
    0x08000f44   0x0000004c   Code   RO          941    i.HAL_RCC_GetSysClockFreq  stm32f1xx_hal_rcc.o
    0x08000f90   0x00000320   Code   RO          944    i.HAL_RCC_OscConfig  stm32f1xx_hal_rcc.o
    0x080012b0   0x00000018   Code   RO         1243    i.HAL_SYSTICK_CLKSourceConfig  stm32f1xx_hal_cortex.o
    0x080012c8   0x00000028   Code   RO         1245    i.HAL_SYSTICK_Config  stm32f1xx_hal_cortex.o
    0x080012f0   0x00000064   Code   RO          424    i.HAL_UART_Init     stm32f1xx_hal_uart.o
    0x08001354   0x00000070   Code   RO          172    i.HAL_UART_MspInit  usart.o
    0x080013c4   0x00000002   Code   RO          225    i.HardFault_Handler  stm32f1xx_it.o
    0x080013c6   0x00000002   PAD
    0x080013c8   0x0000002c   Code   RO          147    i.MX_GPIO_Init      gpio.o
    0x080013f4   0x00000038   Code   RO          173    i.MX_USART1_UART_Init  usart.o
    0x0800142c   0x00000002   Code   RO          226    i.MemManage_Handler  stm32f1xx_it.o
    0x0800142e   0x00000002   Code   RO          227    i.NMI_Handler       stm32f1xx_it.o
    0x08001430   0x00000002   Code   RO          228    i.PendSV_Handler    stm32f1xx_it.o
    0x08001432   0x00000002   Code   RO          229    i.SVC_Handler       stm32f1xx_it.o
    0x08001434   0x00000004   Code   RO          230    i.SysTick_Handler   stm32f1xx_it.o
    0x08001438   0x0000005e   Code   RO           14    i.SystemClock_Config  main.o
    0x08001496   0x00000002   Code   RO         1735    i.SystemInit        system_stm32f1xx.o
    0x08001498   0x000000b8   Code   RO          450    i.UART_SetConfig    stm32f1xx_hal_uart.o
    0x08001550   0x00000002   Code   RO          231    i.UsageFault_Handler  stm32f1xx_it.o
    0x08001552   0x00000002   PAD
    0x08001554   0x00000020   Code   RO         2767    i.__0printf         mc_w.l(printfa.o)
    0x08001574   0x00000028   Code   RO         2841    i.__ARM_fpclassify  m_ws.l(fpclassify.o)
    0x0800159c   0x00000020   Code   RO         1247    i.__NVIC_SetPriority  stm32f1xx_hal_cortex.o
    0x080015bc   0x000000aa   Code   RO         2843    i.__kernel_poly     m_ws.l(poly.o)
    0x08001666   0x00000006   Code   RO         2828    i.__mathlib_dbl_infnan  m_ws.l(dunder.o)
    0x0800166c   0x00000004   Code   RO         2829    i.__mathlib_dbl_infnan2  m_ws.l(dunder.o)
    0x08001670   0x0000000c   Code   RO         2830    i.__mathlib_dbl_invalid  m_ws.l(dunder.o)
    0x0800167c   0x00000010   Code   RO         2833    i.__mathlib_dbl_underflow  m_ws.l(dunder.o)
    0x0800168c   0x0000000e   Code   RO         2907    i.__scatterload_copy  mc_w.l(handlers.o)
    0x0800169a   0x00000002   Code   RO         2908    i.__scatterload_null  mc_w.l(handlers.o)
    0x0800169c   0x0000000e   Code   RO         2909    i.__scatterload_zeroinit  mc_w.l(handlers.o)
    0x080016aa   0x00000002   PAD
    0x080016ac   0x0000000c   Code   RO         2875    i.__set_errno       mc_w.l(errno.o)
    0x080016b8   0x00000184   Code   RO         2774    i._fp_digits        mc_w.l(printfa.o)
    0x0800183c   0x000006dc   Code   RO         2775    i._printf_core      mc_w.l(printfa.o)
    0x08001f18   0x00000024   Code   RO         2776    i._printf_post_padding  mc_w.l(printfa.o)
    0x08001f3c   0x0000002e   Code   RO         2777    i._printf_pre_padding  mc_w.l(printfa.o)
    0x08001f6a   0x00000002   PAD
    0x08001f6c   0x00000080   Code   RO         1980    i.accel_self_test   inv_mpu.o
    0x08001fec   0x00000270   Code   RO         2506    i.asin              m_ws.l(asin.o)
    0x0800225c   0x00000220   Code   RO         2818    i.atan              m_ws.l(atan.o)
    0x0800247c   0x00000180   Code   RO         2516    i.atan2             m_ws.l(atan2.o)
    0x080025fc   0x0000019c   Code   RO         1981    i.atk_ms6050_dmp_get_data  inv_mpu.o
    0x08002798   0x0000007c   Code   RO         1982    i.atk_ms6050_dmp_init  inv_mpu.o
    0x08002814   0x00000032   Code   RO         1772    i.atk_ms6050_get_accelerometer  atk_ms6050.o
    0x08002846   0x00000014   Code   RO         1983    i.atk_ms6050_get_clock_ms  inv_mpu.o
    0x0800285a   0x00000032   Code   RO         1773    i.atk_ms6050_get_gyroscope  atk_ms6050.o
    0x0800288c   0x00000048   Code   RO         1774    i.atk_ms6050_get_temperature  atk_ms6050.o
    0x080028d4   0x0000004c   Code   RO         1876    i.atk_ms6050_iic_ack  atk_ms6050_iic.o
    0x08002920   0x00000060   Code   RO         1877    i.atk_ms6050_iic_init  atk_ms6050_iic.o
    0x08002980   0x0000003c   Code   RO         1878    i.atk_ms6050_iic_nack  atk_ms6050_iic.o
    0x080029bc   0x0000005c   Code   RO         1879    i.atk_ms6050_iic_read_byte  atk_ms6050_iic.o
    0x08002a18   0x00000058   Code   RO         1880    i.atk_ms6050_iic_send_byte  atk_ms6050_iic.o
    0x08002a70   0x00000048   Code   RO         1881    i.atk_ms6050_iic_start  atk_ms6050_iic.o
    0x08002ab8   0x0000003c   Code   RO         1882    i.atk_ms6050_iic_stop  atk_ms6050_iic.o
    0x08002af4   0x00000060   Code   RO         1883    i.atk_ms6050_iic_wait_ack  atk_ms6050_iic.o
    0x08002b54   0x00000078   Code   RO         1775    i.atk_ms6050_init   atk_ms6050.o
    0x08002bcc   0x00000072   Code   RO         1776    i.atk_ms6050_read   atk_ms6050.o
    0x08002c3e   0x00000008   Code   RO         1777    i.atk_ms6050_read_byte  atk_ms6050.o
    0x08002c46   0x00000080   Code   RO         1984    i.atk_ms6050_run_self_test  inv_mpu.o
    0x08002cc6   0x0000000c   Code   RO         1778    i.atk_ms6050_set_accel_fsr  atk_ms6050.o
    0x08002cd2   0x0000000c   Code   RO         1779    i.atk_ms6050_set_gyro_fsr  atk_ms6050.o
    0x08002cde   0x00000032   Code   RO         1780    i.atk_ms6050_set_lpf  atk_ms6050.o
    0x08002d10   0x00000036   Code   RO         1781    i.atk_ms6050_set_rate  atk_ms6050.o
    0x08002d46   0x00000020   Code   RO         1782    i.atk_ms6050_sw_reset  atk_ms6050.o
    0x08002d66   0x0000005a   Code   RO         1783    i.atk_ms6050_write  atk_ms6050.o
    0x08002dc0   0x0000000c   Code   RO         1784    i.atk_ms6050_write_byte  atk_ms6050.o
    0x08002dcc   0x0000001c   Code   RO         1942    i.delay_init        delay.o
    0x08002de8   0x0000003c   Code   RO         1943    i.delay_ms          delay.o
    0x08002e24   0x00000034   Code   RO         1944    i.delay_us          delay.o
    0x08002e58   0x0000003a   Code   RO         2319    i.dmp_enable_6x_lp_quat  inv_mpu_dmp_motion_driver.o
    0x08002e92   0x00000002   PAD
    0x08002e94   0x000001d8   Code   RO         2320    i.dmp_enable_feature  inv_mpu_dmp_motion_driver.o
    0x0800306c   0x0000003c   Code   RO         2321    i.dmp_enable_gyro_cal  inv_mpu_dmp_motion_driver.o
    0x080030a8   0x0000003a   Code   RO         2322    i.dmp_enable_lp_quat  inv_mpu_dmp_motion_driver.o
    0x080030e2   0x00000002   PAD
    0x080030e4   0x00000014   Code   RO         2327    i.dmp_load_motion_driver_firmware  inv_mpu_dmp_motion_driver.o
    0x080030f8   0x00000144   Code   RO         2328    i.dmp_read_fifo     inv_mpu_dmp_motion_driver.o
    0x0800323c   0x000000d8   Code   RO         2331    i.dmp_set_accel_bias  inv_mpu_dmp_motion_driver.o
    0x08003314   0x00000064   Code   RO         2332    i.dmp_set_fifo_rate  inv_mpu_dmp_motion_driver.o
    0x08003378   0x000000cc   Code   RO         2333    i.dmp_set_gyro_bias  inv_mpu_dmp_motion_driver.o
    0x08003444   0x0000010c   Code   RO         2335    i.dmp_set_orientation  inv_mpu_dmp_motion_driver.o
    0x08003550   0x00000030   Code   RO         2338    i.dmp_set_shake_reject_thresh  inv_mpu_dmp_motion_driver.o
    0x08003580   0x00000020   Code   RO         2339    i.dmp_set_shake_reject_time  inv_mpu_dmp_motion_driver.o
    0x080035a0   0x00000020   Code   RO         2340    i.dmp_set_shake_reject_timeout  inv_mpu_dmp_motion_driver.o
    0x080035c0   0x00000040   Code   RO         2341    i.dmp_set_tap_axes  inv_mpu_dmp_motion_driver.o
    0x08003600   0x00000022   Code   RO         2342    i.dmp_set_tap_count  inv_mpu_dmp_motion_driver.o
    0x08003622   0x00000002   PAD
    0x08003624   0x00000128   Code   RO         2343    i.dmp_set_tap_thresh  inv_mpu_dmp_motion_driver.o
    0x0800374c   0x00000020   Code   RO         2344    i.dmp_set_tap_time  inv_mpu_dmp_motion_driver.o
    0x0800376c   0x00000020   Code   RO         2345    i.dmp_set_tap_time_multi  inv_mpu_dmp_motion_driver.o
    0x0800378c   0x00000018   Code   RO          174    i.fputc             usart.o
    0x080037a4   0x000000ac   Code   RO         1985    i.get_accel_prod_shift  inv_mpu.o
    0x08003850   0x00000314   Code   RO         1986    i.get_st_biases     inv_mpu.o
    0x08003b64   0x000000d4   Code   RO         1987    i.gyro_self_test    inv_mpu.o
    0x08003c38   0x00000048   Code   RO         1988    i.inv_row_2_scale   inv_mpu.o
    0x08003c80   0x00000134   Code   RO           15    i.main              main.o
    0x08003db4   0x00000054   Code   RO         1989    i.mpu_configure_fifo  inv_mpu.o
    0x08003e08   0x0000003c   Code   RO         1990    i.mpu_get_accel_fsr  inv_mpu.o
    0x08003e44   0x00000044   Code   RO         1992    i.mpu_get_accel_sens  inv_mpu.o
    0x08003e88   0x00000034   Code   RO         1998    i.mpu_get_gyro_fsr  inv_mpu.o
    0x08003ebc   0x00000040   Code   RO         2000    i.mpu_get_gyro_sens  inv_mpu.o
    0x08003efc   0x00000038   Code   RO         2002    i.mpu_get_lpf       inv_mpu.o
    0x08003f34   0x0000001c   Code   RO         2004    i.mpu_get_sample_rate  inv_mpu.o
    0x08003f50   0x00000124   Code   RO         2006    i.mpu_init          inv_mpu.o
    0x08004074   0x000000a0   Code   RO         2007    i.mpu_load_firmware  inv_mpu.o
    0x08004114   0x000000b8   Code   RO         2008    i.mpu_lp_accel_mode  inv_mpu.o
    0x080041cc   0x00000090   Code   RO         2011    i.mpu_read_fifo_stream  inv_mpu.o
    0x0800425c   0x00000054   Code   RO         2012    i.mpu_read_mem      inv_mpu.o
    0x080042b0   0x00000160   Code   RO         2015    i.mpu_reset_fifo    inv_mpu.o
    0x08004410   0x000000f0   Code   RO         2016    i.mpu_run_self_test  inv_mpu.o
    0x08004500   0x00000068   Code   RO         2018    i.mpu_set_accel_fsr  inv_mpu.o
    0x08004568   0x000000dc   Code   RO         2019    i.mpu_set_bypass    inv_mpu.o
    0x08004644   0x00000078   Code   RO         2021    i.mpu_set_dmp_state  inv_mpu.o
    0x080046bc   0x0000006c   Code   RO         2022    i.mpu_set_gyro_fsr  inv_mpu.o
    0x08004728   0x00000064   Code   RO         2023    i.mpu_set_int_latched  inv_mpu.o
    0x0800478c   0x0000006c   Code   RO         2025    i.mpu_set_lpf       inv_mpu.o
    0x080047f8   0x00000080   Code   RO         2026    i.mpu_set_sample_rate  inv_mpu.o
    0x08004878   0x000000b8   Code   RO         2027    i.mpu_set_sensors   inv_mpu.o
    0x08004930   0x00000054   Code   RO         2028    i.mpu_write_mem     inv_mpu.o
    0x08004984   0x00000104   Code   RO         1785    i.my_mpu6050_init   atk_ms6050.o
    0x08004a88   0x00000058   Code   RO         2029    i.set_int_enable    inv_mpu.o
    0x08004ae0   0x0000004c   Code   RO         2847    i.sqrt              m_ws.l(sqrt.o)
    0x08004b2c   0x00000012   Data   RO          945    .constdata          stm32f1xx_hal_rcc.o
    0x08004b3e   0x00000010   Data   RO         1736    .constdata          system_stm32f1xx.o
    0x08004b4e   0x00000008   Data   RO         1737    .constdata          system_stm32f1xx.o
    0x08004b56   0x0000001b   Data   RO         2030    .constdata          inv_mpu.o
    0x08004b71   0x00000001   PAD
    0x08004b72   0x0000000c   Data   RO         2031    .constdata          inv_mpu.o
    0x08004b7e   0x00000002   PAD
    0x08004b80   0x00000028   Data   RO         2032    .constdata          inv_mpu.o
    0x08004ba8   0x00000bf6   Data   RO         2347    .constdata          inv_mpu_dmp_motion_driver.o
    0x0800579e   0x00000002   PAD
    0x080057a0   0x00000050   Data   RO         2507    .constdata          m_ws.l(asin.o)
    0x080057f0   0x00000098   Data   RO         2819    .constdata          m_ws.l(atan.o)
    0x08005888   0x00000008   Data   RO         2845    .constdata          m_ws.l(qnan.o)
    0x08005890   0x00000020   Data   RO         2905    Region$$Table       anon$$obj.o


    Execution Region RW_IRAM1 (Base: 0x20000000, Size: 0x000004c8, Max: 0x00002800, ABSOLUTE)

    Base Addr    Size         Type   Attr      Idx    E Section Name        Object

    0x20000000   0x0000001c   Data   RW           16    .data               main.o
    0x2000001c   0x0000000c   Data   RW          782    .data               stm32f1xx_hal.o
    0x20000028   0x00000004   Data   RW         1738    .data               system_stm32f1xx.o
    0x2000002c   0x00000002   Data   RW         1945    .data               delay.o
    0x2000002e   0x00000002   PAD
    0x20000030   0x00000035   Data   RW         2033    .data               inv_mpu.o
    0x20000065   0x00000003   PAD
    0x20000068   0x00000004   Data   RW         2868    .data               mc_w.l(stdout.o)
    0x2000006c   0x00000004   Data   RW         2876    .data               mc_w.l(errno.o)
    0x20000070   0x00000048   Zero   RW          175    .bss                usart.o
    0x200000b8   0x00000010   Zero   RW         2346    .bss                inv_mpu_dmp_motion_driver.o
    0x200000c8   0x00000400   Zero   RW            1    STACK               startup_stm32f103xb.o


==============================================================================

Image component sizes


      Code (inc. data)   RO Data    RW Data    ZI Data      Debug   Object Name

       936        162          0          0          0       9525   atk_ms6050.o
       640         42          0          0          0       5734   atk_ms6050_iic.o
       140         16          0          2          0       1923   delay.o
        44          6          0          0          0        839   gpio.o
      5168        212         79         53          0      30376   inv_mpu.o
      2350        116       3062          0         16      19998   inv_mpu_dmp_motion_driver.o
       406        126          0         28          0     397363   main.o
        36          8        236          0       1024        832   startup_stm32f103xb.o
       128         24          0         12          0       5501   stm32f1xx_hal.o
       196         14          0          0          0      29068   stm32f1xx_hal_cortex.o
       500         34          0          0          0       3631   stm32f1xx_hal_gpio.o
        60          8          0          0          0        930   stm32f1xx_hal_msp.o
      1240         84         18          0          0       5284   stm32f1xx_hal_rcc.o
       284          6          0          0          0       2020   stm32f1xx_hal_uart.o
        20          0          0          0          0       4130   stm32f1xx_it.o
         2          0         24          4          0       1203   system_stm32f1xx.o
       192         26          0          0         72       3626   usart.o

    ----------------------------------------------------------------------
     12352        884       3456        104       1112     521983   Object Totals
         0          0         32          0          0          0   (incl. Generated)
        10          0          5          5          0          0   (incl. Padding)

    ----------------------------------------------------------------------

      Code (inc. data)   RO Data    RW Data    ZI Data      Debug   Library Member Name

       624         52         80          0          0        168   asin.o
       544         70        152          0          0        124   atan.o
       384         38          0          0          0        144   atan2.o
        38          6          0          0          0        272   dunder.o
        40          0          0          0          0         68   fpclassify.o
       170          0          0          0          0         96   poly.o
         0          0          8          0          0          0   qnan.o
        76          0          0          0          0         84   sqrt.o
         0          0          0          0          0          0   entry.o
         0          0          0          0          0          0   entry10a.o
         0          0          0          0          0          0   entry11a.o
         8          4          0          0          0          0   entry2.o
         4          0          0          0          0          0   entry5.o
         0          0          0          0          0          0   entry7b.o
         0          0          0          0          0          0   entry8b.o
         8          4          0          0          0          0   entry9a.o
        12          6          0          4          0         68   errno.o
        30          0          0          0          0          0   handlers.o
        36          8          0          0          0         68   init.o
         0          0          0          0          0          0   iusefp.o
        98          0          0          0          0         84   ldiv.o
        30          0          0          0          0         68   llshl.o
        36          0          0          0          0         68   llsshr.o
        32          0          0          0          0         68   llushr.o
        26          0          0          0          0         80   memcmp.o
        36          0          0          0          0        108   memseta.o
      2258         90          0          0          0        452   printfa.o
         0          0          0          4          0          0   stdout.o
        44          0          0          0          0         80   uidiv.o
        98          0          0          0          0         92   uldiv.o
        48          0          0          0          0         68   cdrcmple.o
        56          0          0          0          0         88   d2f.o
       334          0          0          0          0        148   dadd.o
       222          0          0          0          0        100   ddiv.o
       186          0          0          0          0        176   depilogue.o
        48          0          0          0          0         68   dfixul.o
       228          0          0          0          0         96   dmul.o
        46          0          0          0          0         80   dscalb.o
       162          0          0          0          0        100   dsqrt.o
        38          0          0          0          0         68   f2d.o
       176          0          0          0          0        140   fadd.o
       124          0          0          0          0         88   fdiv.o
       110          0          0          0          0        168   fepilogue.o
        50          0          0          0          0         68   ffixi.o
        40          0          0          0          0         68   ffixui.o
        18          0          0          0          0         68   fflti.o
        10          0          0          0          0         68   ffltui.o
       100          0          0          0          0         76   fmul.o
        24          0          0          0          0         68   fscalb.o

    ----------------------------------------------------------------------
      6656        278        240          8          0       3996   Library Totals
         4          0          0          0          0          0   (incl. Padding)

    ----------------------------------------------------------------------

      Code (inc. data)   RO Data    RW Data    ZI Data      Debug   Library Name

      1876        166        240          0          0        956   m_ws.l
      2756        112          0          8          0       1236   mc_w.l
      2020          0          0          0          0       1804   mf_w.l

    ----------------------------------------------------------------------
      6656        278        240          8          0       3996   Library Totals

    ----------------------------------------------------------------------

==============================================================================


      Code (inc. data)   RO Data    RW Data    ZI Data      Debug   

     19008       1162       3696        112       1112     518227   Grand Totals
     19008       1162       3696        112       1112     518227   ELF Image Totals
     19008       1162       3696        112          0          0   ROM Totals

==============================================================================

    Total RO  Size (Code + RO Data)                22704 (  22.17kB)
    Total RW  Size (RW Data + ZI Data)              1224 (   1.20kB)
    Total ROM Size (Code + RO Data + RW Data)      22816 (  22.28kB)

==============================================================================

